../Core/Src/main.c:91:5:main	8	static
../Core/Src/main.c:172:6:SystemClock_Config	128	static
../Core/Src/main.c:230:13:SystemPower_Config	8	static
../Core/Src/main.c:266:13:ExtractAndSendHalfBuffer	24	static
../Core/Src/main.c:296:6:HAL_SAI_RxHalfCpltCallback	16	static
../Core/Src/main.c:311:6:HAL_SAI_RxCpltCallback	16	static
../Core/Src/main.c:325:6:HAL_UART_TxCpltCallback	16	static
../Core/Src/main.c:339:6:HAL_SAI_ErrorCallback	16	static,ignoring_inline_asm
../Core/Src/main.c:355:6:Error_Handler	4	static,ignoring_inline_asm
