../Core/Src/main.c:100:5:main	8	static
../Core/Src/main.c:181:6:SystemClock_Config	128	static
../Core/Src/main.c:239:13:SystemPower_Config	8	static
../Core/Src/main.c:287:13:ExtractAndSendHalfBuffer	24	static
../Core/Src/main.c:329:6:HAL_SAI_RxHalfCpltCallback	16	static
../Core/Src/main.c:344:6:HAL_SAI_RxCpltCallback	16	static
../Core/Src/main.c:358:6:HAL_UART_TxCpltCallback	16	static
../Core/Src/main.c:372:6:HAL_SAI_ErrorCallback	16	static,ignoring_inline_asm
../Core/Src/main.c:388:6:Error_Handler	4	static,ignoring_inline_asm
