../Core/Src/main.c:133:5:main	88	static
../Core/Src/main.c:303:6:SystemClock_Config	128	static
../Core/Src/main.c:361:13:SystemPower_Config	8	static
../Core/Src/main.c:397:13:ExtractAndSendHalfBuffer	24	static
../Core/Src/main.c:456:13:ExtractAndAccumulateForKWS	24	static
../Core/Src/main.c:493:6:HAL_SAI_RxHalfCpltCallback	16	static
../Core/Src/main.c:510:6:HAL_SAI_RxCpltCallback	16	static
../Core/Src/main.c:526:6:HAL_UART_TxCpltCallback	16	static
../Core/Src/main.c:540:6:HAL_SAI_ErrorCallback	16	static,ignoring_inline_asm
../Core/Src/main.c:556:6:Error_Handler	4	static,ignoring_inline_asm
