Archive member included to satisfy reference by file (symbol)

C:/ST/STM32CubeIDE_2.1.1/STM32CubeIDE/plugins/com.st.stm32cube.ide.mcu.externaltools.gnu-tools-for-stm32.14.3.rel1.win32_1.0.100.202602081740/tools/bin/../lib/gcc/arm-none-eabi/14.3.1/../../../../arm-none-eabi/lib/thumb/v8-m.main+fp/hard\libc_nano.a(libc_a-exit.o)
                              C:/ST/STM32CubeIDE_2.1.1/STM32CubeIDE/plugins/com.st.stm32cube.ide.mcu.externaltools.gnu-tools-for-stm32.14.3.rel1.win32_1.0.100.202602081740/tools/bin/../lib/gcc/arm-none-eabi/14.3.1/../../../../arm-none-eabi/lib/thumb/v8-m.main+fp/hard/crt0.o (exit)
C:/ST/STM32CubeIDE_2.1.1/STM32CubeIDE/plugins/com.st.stm32cube.ide.mcu.externaltools.gnu-tools-for-stm32.14.3.rel1.win32_1.0.100.202602081740/tools/bin/../lib/gcc/arm-none-eabi/14.3.1/../../../../arm-none-eabi/lib/thumb/v8-m.main+fp/hard\libc_nano.a(libc_a-findfp.o)
                              C:/ST/STM32CubeIDE_2.1.1/STM32CubeIDE/plugins/com.st.stm32cube.ide.mcu.externaltools.gnu-tools-for-stm32.14.3.rel1.win32_1.0.100.202602081740/tools/bin/../lib/gcc/arm-none-eabi/14.3.1/../../../../arm-none-eabi/lib/thumb/v8-m.main+fp/hard\libc_nano.a(libc_a-exit.o) (__stdio_exit_handler)
C:/ST/STM32CubeIDE_2.1.1/STM32CubeIDE/plugins/com.st.stm32cube.ide.mcu.externaltools.gnu-tools-for-stm32.14.3.rel1.win32_1.0.100.202602081740/tools/bin/../lib/gcc/arm-none-eabi/14.3.1/../../../../arm-none-eabi/lib/thumb/v8-m.main+fp/hard\libc_nano.a(libc_a-fwalk.o)
                              C:/ST/STM32CubeIDE_2.1.1/STM32CubeIDE/plugins/com.st.stm32cube.ide.mcu.externaltools.gnu-tools-for-stm32.14.3.rel1.win32_1.0.100.202602081740/tools/bin/../lib/gcc/arm-none-eabi/14.3.1/../../../../arm-none-eabi/lib/thumb/v8-m.main+fp/hard\libc_nano.a(libc_a-findfp.o) (_fwalk_sglue)
C:/ST/STM32CubeIDE_2.1.1/STM32CubeIDE/plugins/com.st.stm32cube.ide.mcu.externaltools.gnu-tools-for-stm32.14.3.rel1.win32_1.0.100.202602081740/tools/bin/../lib/gcc/arm-none-eabi/14.3.1/../../../../arm-none-eabi/lib/thumb/v8-m.main+fp/hard\libc_nano.a(libc_a-stdio.o)
                              C:/ST/STM32CubeIDE_2.1.1/STM32CubeIDE/plugins/com.st.stm32cube.ide.mcu.externaltools.gnu-tools-for-stm32.14.3.rel1.win32_1.0.100.202602081740/tools/bin/../lib/gcc/arm-none-eabi/14.3.1/../../../../arm-none-eabi/lib/thumb/v8-m.main+fp/hard\libc_nano.a(libc_a-findfp.o) (__sread)
C:/ST/STM32CubeIDE_2.1.1/STM32CubeIDE/plugins/com.st.stm32cube.ide.mcu.externaltools.gnu-tools-for-stm32.14.3.rel1.win32_1.0.100.202602081740/tools/bin/../lib/gcc/arm-none-eabi/14.3.1/../../../../arm-none-eabi/lib/thumb/v8-m.main+fp/hard\libc_nano.a(libc_a-memset.o)
                              C:/ST/STM32CubeIDE_2.1.1/STM32CubeIDE/plugins/com.st.stm32cube.ide.mcu.externaltools.gnu-tools-for-stm32.14.3.rel1.win32_1.0.100.202602081740/tools/bin/../lib/gcc/arm-none-eabi/14.3.1/../../../../arm-none-eabi/lib/thumb/v8-m.main+fp/hard/crt0.o (memset)
C:/ST/STM32CubeIDE_2.1.1/STM32CubeIDE/plugins/com.st.stm32cube.ide.mcu.externaltools.gnu-tools-for-stm32.14.3.rel1.win32_1.0.100.202602081740/tools/bin/../lib/gcc/arm-none-eabi/14.3.1/../../../../arm-none-eabi/lib/thumb/v8-m.main+fp/hard\libc_nano.a(libc_a-closer.o)
                              C:/ST/STM32CubeIDE_2.1.1/STM32CubeIDE/plugins/com.st.stm32cube.ide.mcu.externaltools.gnu-tools-for-stm32.14.3.rel1.win32_1.0.100.202602081740/tools/bin/../lib/gcc/arm-none-eabi/14.3.1/../../../../arm-none-eabi/lib/thumb/v8-m.main+fp/hard\libc_nano.a(libc_a-stdio.o) (_close_r)
C:/ST/STM32CubeIDE_2.1.1/STM32CubeIDE/plugins/com.st.stm32cube.ide.mcu.externaltools.gnu-tools-for-stm32.14.3.rel1.win32_1.0.100.202602081740/tools/bin/../lib/gcc/arm-none-eabi/14.3.1/../../../../arm-none-eabi/lib/thumb/v8-m.main+fp/hard\libc_nano.a(libc_a-reent.o)
                              C:/ST/STM32CubeIDE_2.1.1/STM32CubeIDE/plugins/com.st.stm32cube.ide.mcu.externaltools.gnu-tools-for-stm32.14.3.rel1.win32_1.0.100.202602081740/tools/bin/../lib/gcc/arm-none-eabi/14.3.1/../../../../arm-none-eabi/lib/thumb/v8-m.main+fp/hard\libc_nano.a(libc_a-closer.o) (errno)
C:/ST/STM32CubeIDE_2.1.1/STM32CubeIDE/plugins/com.st.stm32cube.ide.mcu.externaltools.gnu-tools-for-stm32.14.3.rel1.win32_1.0.100.202602081740/tools/bin/../lib/gcc/arm-none-eabi/14.3.1/../../../../arm-none-eabi/lib/thumb/v8-m.main+fp/hard\libc_nano.a(libc_a-impure.o)
                              C:/ST/STM32CubeIDE_2.1.1/STM32CubeIDE/plugins/com.st.stm32cube.ide.mcu.externaltools.gnu-tools-for-stm32.14.3.rel1.win32_1.0.100.202602081740/tools/bin/../lib/gcc/arm-none-eabi/14.3.1/../../../../arm-none-eabi/lib/thumb/v8-m.main+fp/hard\libc_nano.a(libc_a-reent.o) (_impure_ptr)
C:/ST/STM32CubeIDE_2.1.1/STM32CubeIDE/plugins/com.st.stm32cube.ide.mcu.externaltools.gnu-tools-for-stm32.14.3.rel1.win32_1.0.100.202602081740/tools/bin/../lib/gcc/arm-none-eabi/14.3.1/../../../../arm-none-eabi/lib/thumb/v8-m.main+fp/hard\libc_nano.a(libc_a-lseekr.o)
[...]
Memory Configuration

Name             Origin             Length             Attributes
RAM              0x20000000         0x00270000         xrw
SRAM4            0x28000000         0x00004000         xrw
FLASH            0x08000000         0x00400000         xr
*default*        0x00000000         0xffffffff

Linker script and memory map

LOAD C:/ST/STM32CubeIDE_2.1.1/STM32CubeIDE/plugins/com.st.stm32cube.ide.mcu.externaltools.gnu-tools-for-stm32.14.3.rel1.win32_1.0.100.202602081740/tools/bin/../lib/gcc/arm-none-eabi/14.3.1/thumb/v8-m.main+fp/hard/crti.o
LOAD C:/ST/STM32CubeIDE_2.1.1/STM32CubeIDE/plugins/com.st.stm32cube.ide.mcu.externaltools.gnu-tools-for-stm32.14.3.rel1.win32_1.0.100.202602081740/tools/bin/../lib/gcc/arm-none-eabi/14.3.1/thumb/v8-m.main+fp/hard/crtbegin.o
LOAD C:/ST/STM32CubeIDE_2.1.1/STM32CubeIDE/plugins/com.st.stm32cube.ide.mcu.externaltools.gnu-tools-for-stm32.14.3.rel1.win32_1.0.100.202602081740/tools/bin/../lib/gcc/arm-none-eabi/14.3.1/../../../../arm-none-eabi/lib/thumb/v8-m.main+fp/hard/crt0.o
LOAD ./Core/Src/adc.o
LOAD ./Core/Src/gpdma.o
LOAD ./Core/Src/gpio.o
LOAD ./Core/Src/hspi.o
LOAD ./Core/Src/i2c.o
LOAD ./Core/Src/icache.o
LOAD ./Core/Src/main.o
LOAD ./Core/Src/octospi.o
LOAD ./Core/Src/sai.o
LOAD ./Core/Src/sdmmc.o
LOAD ./Core/Src/stm32u5xx_hal_msp.o
LOAD ./Core/Src/stm32u5xx_it.o
LOAD ./Core/Src/syscalls.o
LOAD ./Core/Src/sysmem.o
LOAD ./Core/Src/system_stm32u5xx.o
LOAD ./Core/Src/usart.o
LOAD ./Core/Src/usb_otg.o
LOAD ./Core/Startup/startup_stm32u5a9njhxq.o
LOAD ./Drivers/STM32U5xx_HAL_Driver/Src/stm32u5xx_hal.o
LOAD ./Drivers/STM32U5xx_HAL_Driver/Src/stm32u5xx_hal_adc.o
LOAD ./Drivers/STM32U5xx_HAL_Driver/Src/stm32u5xx_hal_adc_ex.o
LOAD ./Drivers/STM32U5xx_HAL_Driver/Src/stm32u5xx_hal_cortex.o
LOAD ./Drivers/STM32U5xx_HAL_Driver/Src/stm32u5xx_hal_dma.o
LOAD ./Drivers/STM32U5xx_HAL_Driver/Src/stm32u5xx_hal_dma_ex.o
LOAD ./Drivers/STM32U5xx_HAL_Driver/Src/stm32u5xx_hal_exti.o
LOAD ./Drivers/STM32U5xx_HAL_Driver/Src/stm32u5xx_hal_flash.o
LOAD ./Drivers/STM32U5xx_HAL_Driver/Src/stm32u5xx_hal_flash_ex.o
LOAD ./Drivers/STM32U5xx_HAL_Driver/Src/stm32u5xx_hal_gpio.o
LOAD ./Drivers/STM32U5xx_HAL_Driver/Src/stm32u5xx_hal_gtzc.o
LOAD ./Drivers/STM32U5xx_HAL_Driver/Src/stm32u5xx_hal_hcd.o
LOAD ./Drivers/STM32U5xx_HAL_Driver/Src/stm32u5xx_hal_i2c.o
LOAD ./Drivers/STM32U5xx_HAL_Driver/Src/stm32u5xx_hal_i2c_ex.o
LOAD ./Drivers/STM32U5xx_HAL_Driver/Src/stm32u5xx_hal_icache.o
LOAD ./Drivers/STM32U5xx_HAL_Driver/Src/stm32u5xx_hal_mmc.o
LOAD ./Drivers/STM32U5xx_HAL_Driver/Src/stm32u5xx_hal_mmc_ex.o
LOAD ./Drivers/STM32U5xx_HAL_Driver/Src/stm32u5xx_hal_ospi.o
LOAD ./Drivers/STM32U5xx_HAL_Driver/Src/stm32u5xx_hal_pwr.o
LOAD ./Drivers/STM32U5xx_HAL_Driver/Src/stm32u5xx_hal_pwr_ex.o
LOAD ./Drivers/STM32U5xx_HAL_Driver/Src/stm32u5xx_hal_rcc.o
LOAD ./Drivers/STM32U5xx_HAL_Driver/Src/stm32u5xx_hal_rcc_ex.o
LOAD ./Drivers/STM32U5xx_HAL_Driver/Src/stm32u5xx_hal_sai.o
LOAD ./Drivers/STM32U5xx_HAL_Driver/Src/stm32u5xx_hal_sai_ex.o
LOAD ./Drivers/STM32U5xx_HAL_Driver/Src/stm32u5xx_hal_sd.o
LOAD ./Drivers/STM32U5xx_HAL_Driver/Src/stm32u5xx_hal_sd_ex.o
LOAD ./Drivers/STM32U5xx_HAL_Driver/Src/stm32u5xx_hal_sdio.o
LOAD ./Drivers/STM32U5xx_HAL_Driver/Src/stm32u5xx_hal_uart.o
LOAD ./Drivers/STM32U5xx_HAL_Driver/Src/stm32u5xx_hal_uart_ex.o
LOAD ./Drivers/STM32U5xx_HAL_Driver/Src/stm32u5xx_hal_xspi.o
LOAD ./Drivers/STM32U5xx_HAL_Driver/Src/stm32u5xx_ll_dlyb.o
LOAD ./Drivers/STM32U5xx_HAL_Driver/Src/stm32u5xx_ll_sdmmc.o
LOAD ./Drivers/STM32U5xx_HAL_Driver/Src/stm32u5xx_ll_usb.o
START GROUP
LOAD C:/ST/STM32CubeIDE_2.1.1/STM32CubeIDE/plugins/com.st.stm32cube.ide.mcu.externaltools.gnu-tools-for-stm32.14.3.rel1.win32_1.0.100.202602081740/tools/bin/../lib/gcc/arm-none-eabi/14.3.1/../../../../arm-none-eabi/lib/thumb/v8-m.main+fp/hard\libc_nano.a
LOAD C:/ST/STM32CubeIDE_2.1.1/STM32CubeIDE/plugins/com.st.stm32cube.ide.mcu.externaltools.gnu-tools-for-stm32.14.3.rel1.win32_1.0.100.202602081740/tools/bin/../lib/gcc/arm-none-eabi/14.3.1/../../../../arm-none-eabi/lib/thumb/v8-m.main+fp/hard\libm.a
END GROUP
START GROUP
LOAD C:/ST/STM32CubeIDE_2.1.1/STM32CubeIDE/plugins/com.st.stm32cube.ide.mcu.externaltools.gnu-tools-for-stm32.14.3.rel1.win32_1.0.100.202602081740/tools/bin/../lib/gcc/arm-none-eabi/14.3.1/thumb/v8-m.main+fp/hard\libgcc.a
LOAD C:/ST/STM32CubeIDE_2.1.1/STM32CubeIDE/plugins/com.st.stm32cube.ide.mcu.externaltools.gnu-tools-for-stm32.14.3.rel1.win32_1.0.100.202602081740/tools/bin/../lib/gcc/arm-none-eabi/14.3.1/../../../../arm-none-eabi/lib/thumb/v8-m.main+fp/hard\libc_nano.a
END GROUP
START GROUP
LOAD C:/ST/STM32CubeIDE_2.1.1/STM32CubeIDE/plugins/com.st.stm32cube.ide.mcu.externaltools.gnu-tools-for-stm32.14.3.rel1.win32_1.0.100.202602081740/tools/bin/../lib/gcc/arm-none-eabi/14.3.1/thumb/v8-m.main+fp/hard\libgcc.a
LOAD C:/ST/STM32CubeIDE_2.1.1/STM32CubeIDE/plugins/com.st.stm32cube.ide.mcu.externaltools.gnu-tools-for-stm32.14.3.rel1.win32_1.0.100.202602081740/tools/bin/../lib/gcc/arm-none-eabi/14.3.1/../../../../arm-none-eabi/lib/thumb/v8-m.main+fp/hard\libc_nano.a
LOAD C:/ST/STM32CubeIDE_2.1.1/STM32CubeIDE/plugins/com.st.stm32cube.ide.mcu.externaltools.gnu-tools-for-stm32.14.3.rel1.win32_1.0.100.202602081740/tools/bin/../lib/gcc/arm-none-eabi/14.3.1/../../../../arm-none-eabi/lib/thumb/v8-m.main+fp/hard\libnosys.a
END GROUP
START GROUP
LOAD C:/ST/STM32CubeIDE_2.1.1/STM32CubeIDE/plugins/com.st.stm32cube.ide.mcu.externaltools.gnu-tools-for-stm32.14.3.rel1.win32_1.0.100.202602081740/tools/bin/../lib/gcc/arm-none-eabi/14.3.1/thumb/v8-m.main+fp/hard\libgcc.a
LOAD C:/ST/STM32CubeIDE_2.1.1/STM32CubeIDE/plugins/com.st.stm32cube.ide.mcu.externaltools.gnu-tools-for-stm32.14.3.rel1.win32_1.0.100.202602081740/tools/bin/../lib/gcc/arm-none-eabi/14.3.1/../../../../arm-none-eabi/lib/thumb/v8-m.main+fp/hard\libc_nano.a
LOAD C:/ST/STM32CubeIDE_2.1.1/STM32CubeIDE/plugins/com.st.stm32cube.ide.mcu.externaltools.gnu-tools-for-stm32.14.3.rel1.win32_1.0.100.202602081740/tools/bin/../lib/gcc/arm-none-eabi/14.3.1/../../../../arm-none-eabi/lib/thumb/v8-m.main+fp/hard\libnosys.a
END GROUP
LOAD C:/ST/STM32CubeIDE_2.1.1/STM32CubeIDE/plugins/com.st.stm32cube.ide.mcu.externaltools.gnu-tools-for-stm32.14.3.rel1.win32_1.0.100.202602081740/tools/bin/../lib/gcc/arm-none-eabi/14.3.1/thumb/v8-m.main+fp/hard/crtend.o
LOAD C:/ST/STM32CubeIDE_2.1.1/STM32CubeIDE/plugins/com.st.stm32cube.ide.mcu.externaltools.gnu-tools-for-stm32.14.3.rel1.win32_1.0.100.202602081740/tools/bin/../lib/gcc/arm-none-eabi/14.3.1/thumb/v8-m.main+fp/hard/crtn.o
                0x20270000                        _estack = (ORIGIN (RAM) + LENGTH (RAM))
                0x2026fc00                        _sstack = (_estack - _Min_Stack_Size)
                0x00000200                        _Min_Heap_Size = 0x200
                0x00000400                        _Min_Stack_Size = 0x400

.isr_vector     0x08000000      0x26c
 *(.isr_vector)
 .isr_vector    0x08000000      0x26c ./Core/Startup/startup_stm32u5a9njhxq.o
                0x08000000                g_pfnVectors

.text           0x0800026c     0xf52c
 *(.text)
 .text          0x0800026c       0x40 C:/ST/STM32CubeIDE_2.1.1/STM32CubeIDE/plugins/com.st.stm32cube.ide.mcu.externaltools.gnu-tools-for-stm32.14.3.rel1.win32_1.0.100.202602081740/tools/bin/../lib/gcc/arm-none-eabi/14.3.1/thumb/v8-m.main+fp/hard/crtbegin.o
 .text          0x080002ac       0x30 C:/ST/STM32CubeIDE_2.1.1/STM32CubeIDE/plugins/com.st.stm32cube.ide.mcu.externaltools.gnu-tools-for-stm32.14.3.rel1.win32_1.0.100.202602081740/tools/bin/../lib/gcc/arm-none-eabi/14.3.1/thumb/v8-m.main+fp/hard\libgcc.a(_aeabi_uldivmod.o)
                0x080002ac                __aeabi_uldivmod
 .text          0x080002dc      0x34c C:/ST/STM32CubeIDE_2.1.1/STM32CubeIDE/plugins/com.st.stm32cube.ide.mcu.externaltools.gnu-tools-for-stm32.14.3.rel1.win32_1.0.100.202602081740/tools/bin/../lib/gcc/arm-none-eabi/14.3.1/thumb/v8-m.main+fp/hard\libgcc.a(_udivmoddi4.o)
                0x080002dc                __udivmoddi4
 .text          0x08000628        0x4 C:/ST/STM32CubeIDE_2.1.1/STM32CubeIDE/plugins/com.st.stm32cube.ide.mcu.externaltools.gnu-tools-for-stm32.14.3.rel1.win32_1.0.100.202602081740/tools/bin/../lib/gcc/arm-none-eabi/14.3.1/thumb/v8-m.main+fp/hard\libgcc.a(_dvmd_tls.o)
                0x08000628                __aeabi_idiv0
                0x08000628                __aeabi_ldiv0
 *(.text*)
 .text.MX_ADC4_Init
                0x0800062c       0xdc ./Core/Src/adc.o
                0x0800062c                MX_ADC4_Init
 .text.HAL_ADC_MspInit
                0x08000708      0x13c ./Core/Src/adc.o
                0x08000708                HAL_ADC_MspInit
 .text.MX_GPDMA1_Init
                0x08000844       0x50 ./Core/Src/gpdma.o
                0x08000844                MX_GPDMA1_Init
 .text.MX_GPIO_Init
                0x08000894      0x270 ./Core/Src/gpio.o
                0x08000894                MX_GPIO_Init
 .text.MX_HSPI1_Init
                0x08000b04       0x7c ./Core/Src/hspi.o
                0x08000b04                MX_HSPI1_Init
 .text.HAL_XSPI_MspInit
                0x08000b80      0x1b0 ./Core/Src/hspi.o
                0x08000b80                HAL_XSPI_MspInit
 .text.MX_I2C3_Init
                0x08000d30       0x80 ./Core/Src/i2c.o
                0x08000d30                MX_I2C3_Init
 .text.MX_I2C5_Init
                0x08000db0       0x80 ./Core/Src/i2c.o
                0x08000db0                MX_I2C5_Init
 .text.HAL_I2C_MspInit
                0x08000e30      0x1b8 ./Core/Src/i2c.o
                0x08000e30                HAL_I2C_MspInit
 .text.MX_ICACHE_Init
                0x08000fe8       0x26 ./Core/Src/icache.o
                0x08000fe8                MX_ICACHE_Init
 *fill*         0x0800100e        0x2 
 .text.main     0x08001010       0xa0 ./Core/Src/main.o
                0x08001010                main
 .text.SystemClock_Config
                0x080010b0       0xc6 ./Core/Src/main.o
                0x080010b0                SystemClock_Config
 .text.SystemPower_Config
                0x08001176       0x1c ./Core/Src/main.o
 *fill*         0x08001192        0x2 
 .text.ExtractAndSendHalfBuffer
                0x08001194       0x88 ./Core/Src/main.o
 .text.HAL_SAI_RxHalfCpltCallback
                0x0800121c       0x30 ./Core/Src/main.o
                0x0800121c                HAL_SAI_RxHalfCpltCallback
 .text.HAL_SAI_RxCpltCallback
                0x0800124c       0x30 ./Core/Src/main.o
                0x0800124c                HAL_SAI_RxCpltCallback
 .text.HAL_UART_TxCpltCallback
                0x0800127c       0x30 ./Core/Src/main.o
                0x0800127c                HAL_UART_TxCpltCallback
 .text.HAL_SAI_ErrorCallback
                0x080012ac       0x28 ./Core/Src/main.o
                0x080012ac                HAL_SAI_ErrorCallback
 .text.Error_Handler
                0x080012d4        0xc ./Core/Src/main.o
                0x080012d4                Error_Handler
 .text.MX_OCTOSPI1_Init
                0x080012e0       0xc8 ./Core/Src/octospi.o
                0x080012e0                MX_OCTOSPI1_Init
 .text.HAL_OSPI_MspInit
                0x080013a8      0x234 ./Core/Src/octospi.o
                0x080013a8                HAL_OSPI_MspInit
 .text.MX_SAI1_Init
                0x080015dc       0x70 ./Core/Src/sai.o
                0x080015dc                MX_SAI1_Init
 .text.HAL_SAI_MspInit
                0x0800164c      0x2c4 ./Core/Src/sai.o
                0x0800164c                HAL_SAI_MspInit
 .text.MX_SDMMC1_MMC_Init
                0x08001910       0x48 ./Core/Src/sdmmc.o
                0x08001910                MX_SDMMC1_MMC_Init
 .text.HAL_MMC_MspInit
                0x08001958      0x1b4 ./Core/Src/sdmmc.o
                0x08001958                HAL_MMC_MspInit
 .text.HAL_MspInit
                0x08001b0c       0x3c ./Core/Src/stm32u5xx_hal_msp.o
                0x08001b0c                HAL_MspInit
 .text.NMI_Handler
                0x08001b48        0x8 ./Core/Src/stm32u5xx_it.o
                0x08001b48                NMI_Handler
 .text.HardFault_Handler
                0x08001b50        0x8 ./Core/Src/stm32u5xx_it.o
                0x08001b50                HardFault_Handler
 .text.MemManage_Handler
                0x08001b58        0x8 ./Core/Src/stm32u5xx_it.o
                0x08001b58                MemManage_Handler
 .text.BusFault_Handler
                0x08001b60        0x8 ./Core/Src/stm32u5xx_it.o
                0x08001b60                BusFault_Handler
 .text.UsageFault_Handler
                0x08001b68        0x8 ./Core/Src/stm32u5xx_it.o
                0x08001b68                UsageFault_Handler
 .text.SVC_Handler
                0x08001b70        0xe ./Core/Src/stm32u5xx_it.o
                0x08001b70                SVC_Handler
 .text.DebugMon_Handler
                0x08001b7e        0xe ./Core/Src/stm32u5xx_it.o
                0x08001b7e                DebugMon_Handler
 .text.PendSV_Handler
                0x08001b8c        0xe ./Core/Src/stm32u5xx_it.o
                0x08001b8c                PendSV_Handler
 .text.SysTick_Handler
                0x08001b9a        0xc ./Core/Src/stm32u5xx_it.o
                0x08001b9a                SysTick_Handler
 *fill*         0x08001ba6        0x2 
 .text.GPDMA1_Channel0_IRQHandler
                0x08001ba8       0x14 ./Core/Src/stm32u5xx_it.o
                0x08001ba8                GPDMA1_Channel0_IRQHandler
 .text.GPDMA1_Channel1_IRQHandler
                0x08001bbc       0x14 ./Core/Src/stm32u5xx_it.o
                0x08001bbc                GPDMA1_Channel1_IRQHandler
 .text.USART1_IRQHandler
                0x08001bd0       0x14 ./Core/Src/stm32u5xx_it.o
                0x08001bd0                USART1_IRQHandler
 .text.SAI1_IRQHandler
                0x08001be4       0x14 ./Core/Src/stm32u5xx_it.o
                0x08001be4                SAI1_IRQHandler
 .text.SystemInit
                0x08001bf8       0x70 ./Core/Src/system_stm32u5xx.o
                0x08001bf8                SystemInit
 .text.MX_USART1_UART_Init
                0x08001c68       0x98 ./Core/Src/usart.o
                0x08001c68                MX_USART1_UART_Init
 .text.HAL_UART_MspInit
                0x08001d00      0x1a4 ./Core/Src/usart.o
                0x08001d00                HAL_UART_MspInit
 .text.MX_USB_OTG_HS_HCD_Init
                0x08001ea4       0x78 ./Core/Src/usb_otg.o
                0x08001ea4                MX_USB_OTG_HS_HCD_Init
 .text.HAL_HCD_MspInit
                0x08001f1c       0xf0 ./Core/Src/usb_otg.o
                0x08001f1c                HAL_HCD_MspInit
 .text.Reset_Handler
                0x0800200c       0x50 ./Core/Startup/startup_stm32u5a9njhxq.o
                0x0800200c                Reset_Handler
 .text.Default_Handler
                0x0800205c        0x2 ./Core/Startup/startup_stm32u5a9njhxq.o
                0x0800205c                EXTI2_IRQHandler
                0x0800205c                TIM8_TRG_COM_IRQHandler
                0x0800205c                TIM8_CC_IRQHandler
                0x0800205c                EXTI5_IRQHandler
                0x0800205c                FLASH_S_IRQHandler
                0x0800205c                EXTI13_IRQHandler
                0x0800205c                DCACHE2_IRQHandler
                0x0800205c                TIM1_CC_IRQHandler
                0x0800205c                TSC_IRQHandler
                0x0800205c                TAMP_IRQHandler
                0x0800205c                TIM6_IRQHandler
                0x0800205c                EXTI12_IRQHandler
                0x0800205c                CORDIC_IRQHandler
                0x0800205c                EXTI3_IRQHandler
                0x0800205c                LPTIM4_IRQHandler
                0x0800205c                GPDMA1_Channel5_IRQHandler
                0x0800205c                EXTI8_IRQHandler
                0x0800205c                LPTIM2_IRQHandler
                0x0800205c                GFXMMU_IRQHandler
                0x0800205c                I2C3_ER_IRQHandler
                0x0800205c                I2C5_EV_IRQHandler
                0x0800205c                PWR_S3WU_IRQHandler
                0x0800205c                MDF1_FLT2_IRQHandler
                0x0800205c                LPDMA1_Channel3_IRQHandler
                0x0800205c                LPTIM3_IRQHandler
                0x0800205c                EXTI0_IRQHandler
                0x0800205c                I2C2_EV_IRQHandler
                0x0800205c                GPU2D_IRQHandler
                0x0800205c                FPU_IRQHandler
                0x0800205c                GPDMA1_Channel3_IRQHandler
                0x0800205c                GPDMA1_Channel7_IRQHandler
                0x0800205c                MDF1_FLT4_IRQHandler
                0x0800205c                FDCAN1_IT1_IRQHandler
                0x0800205c                RAMCFG_IRQHandler
                0x0800205c                LTDC_ER_IRQHandler
                0x0800205c                ADC1_2_IRQHandler
                0x0800205c                GPDMA1_Channel9_IRQHandler
                0x0800205c                DCACHE1_IRQHandler
                0x0800205c                SPI1_IRQHandler
                0x0800205c                OCTOSPI1_IRQHandler
                0x0800205c                GPDMA1_Channel2_IRQHandler
                0x0800205c                TIM8_UP_IRQHandler
                0x0800205c                RCC_S_IRQHandler
                0x0800205c                OCTOSPI2_IRQHandler
                0x0800205c                SAI2_IRQHandler
                0x0800205c                MDF1_FLT1_IRQHandler
                0x0800205c                PKA_IRQHandler
                0x0800205c                USART6_IRQHandler
                0x0800205c                MDF1_FLT5_IRQHandler
                0x0800205c                EXTI15_IRQHandler
                0x0800205c                TIM17_IRQHandler
                0x0800205c                USART3_IRQHandler
                0x0800205c                RTC_IRQHandler
                0x0800205c                EXTI9_IRQHandler
                0x0800205c                HSPI1_IRQHandler
                0x0800205c                UART5_IRQHandler
                0x0800205c                TIM4_IRQHandler
                0x0800205c                I2C1_EV_IRQHandler
                0x0800205c                GPDMA1_Channel12_IRQHandler
                0x0800205c                TIM16_IRQHandler
                0x0800205c                GPDMA1_Channel15_IRQHandler
                0x0800205c                UART4_IRQHandler
                0x0800205c                SecureFault_Handler
                0x0800205c                TIM3_IRQHandler
                0x0800205c                RCC_IRQHandler
                0x0800205c                TIM1_TRG_COM_IRQHandler
                0x0800205c                Default_Handler
                0x0800205c                GPDMA1_Channel8_IRQHandler
                0x0800205c                FMAC_IRQHandler
                0x0800205c                I2C5_ER_IRQHandler
                0x0800205c                OTFDEC1_IRQHandler
                0x0800205c                GPDMA1_Channel11_IRQHandler
                0x0800205c                GPU2D_ER_IRQHandler
                0x0800205c                TIM7_IRQHandler
                0x0800205c                SDMMC1_IRQHandler
                0x0800205c                SAES_IRQHandler
                0x0800205c                TIM5_IRQHandler
                0x0800205c                UCPD1_IRQHandler
                0x0800205c                TIM15_IRQHandler
                0x0800205c                I2C3_EV_IRQHandler
                0x0800205c                LPDMA1_Channel0_IRQHandler
                0x0800205c                LTDC_IRQHandler
                0x0800205c                PVD_PVM_IRQHandler
                0x0800205c                SPI2_IRQHandler
                0x0800205c                LPDMA1_Channel1_IRQHandler
                0x0800205c                EXTI14_IRQHandler
                0x0800205c                EXTI11_IRQHandler
                0x0800205c                OTFDEC2_IRQHandler
                0x0800205c                CRS_IRQHandler
                0x0800205c                GPDMA1_Channel14_IRQHandler
                0x0800205c                LSECSSD_IRQHandler
                0x0800205c                EXTI4_IRQHandler
                0x0800205c                RTC_S_IRQHandler
                0x0800205c                GPDMA1_Channel13_IRQHandler
                0x0800205c                RNG_IRQHandler
                0x0800205c                COMP_IRQHandler
                0x0800205c                DSI_IRQHandler
                0x0800205c                TIM1_UP_IRQHandler
                0x0800205c                ADC4_IRQHandler
                0x0800205c                WWDG_IRQHandler
                0x0800205c                I2C4_EV_IRQHandler
                0x0800205c                ADF1_IRQHandler
                0x0800205c                IWDG_IRQHandler
                0x0800205c                I2C6_ER_IRQHandler
                0x0800205c                LPUART1_IRQHandler
                0x0800205c                MDF1_FLT0_IRQHandler
                0x0800205c                FDCAN1_IT0_IRQHandler
                0x0800205c                TIM2_IRQHandler
                0x0800205c                GPDMA1_Channel4_IRQHandler
                0x0800205c                OTG_HS_IRQHandler
                0x0800205c                EXTI7_IRQHandler
                0x0800205c                DMA2D_IRQHandler
                0x0800205c                TIM1_BRK_IRQHandler
                0x0800205c                EXTI1_IRQHandler
                0x0800205c                SDMMC2_IRQHandler
                0x0800205c                AES_IRQHandler
                0x0800205c                DAC1_IRQHandler
                0x0800205c                GTZC_IRQHandler
                0x0800205c                MDF1_FLT3_IRQHandler
                0x0800205c                USART2_IRQHandler
                0x0800205c                I2C6_EV_IRQHandler
                0x0800205c                GPDMA1_Channel6_IRQHandler
                0x0800205c                I2C2_ER_IRQHandler
                0x0800205c                TIM8_BRK_IRQHandler
                0x0800205c                FLASH_IRQHandler
                0x0800205c                EXTI10_IRQHandler
                0x0800205c                SPI3_IRQHandler
                0x0800205c                LPDMA1_Channel2_IRQHandler
                0x0800205c                I2C1_ER_IRQHandler
                0x0800205c                FMC_IRQHandler
                0x0800205c                EXTI6_IRQHandler
                0x0800205c                LPTIM1_IRQHandler
                0x0800205c                DCMI_PSSI_IRQHandler
                0x0800205c                I2C4_ER_IRQHandler
                0x0800205c                GPDMA1_Channel10_IRQHandler
                0x0800205c                ICACHE_IRQHandler
                0x0800205c                HASH_IRQHandler
 *fill*         0x0800205e        0x2 
 .text.HAL_Init
                0x08002060       0x60 ./Drivers/STM32U5xx_HAL_Driver/Src/stm32u5xx_hal.o
                0x08002060                HAL_Init
 .text.HAL_InitTick
                0x080020c0       0xec ./Drivers/STM32U5xx_HAL_Driver/Src/stm32u5xx_hal.o
                0x080020c0                HAL_InitTick
 .text.HAL_IncTick
                0x080021ac       0x28 ./Drivers/STM32U5xx_HAL_Driver/Src/stm32u5xx_hal.o
                0x080021ac                HAL_IncTick
 .text.HAL_GetTick
                0x080021d4       0x18 ./Drivers/STM32U5xx_HAL_Driver/Src/stm32u5xx_hal.o
                0x080021d4                HAL_GetTick
 .text.HAL_Delay
                0x080021ec       0x48 ./Drivers/STM32U5xx_HAL_Driver/Src/stm32u5xx_hal.o
                0x080021ec                HAL_Delay
 .text.HAL_SYSCFG_EnableOTGPHY
                0x08002234       0x28 ./Drivers/STM32U5xx_HAL_Driver/Src/stm32u5xx_hal.o
                0x08002234                HAL_SYSCFG_EnableOTGPHY
 .text.HAL_SYSCFG_SetOTGPHYReferenceClockSelection
                0x0800225c       0x28 ./Drivers/STM32U5xx_HAL_Driver/Src/stm32u5xx_hal.o
                0x0800225c                HAL_SYSCFG_SetOTGPHYReferenceClockSelection
 .text.LL_ADC_SetCommonClock
                0x08002284       0x26 ./Drivers/STM32U5xx_HAL_Driver/Src/stm32u5xx_hal_adc.o
 .text.LL_ADC_SetCommonPathInternalCh
                0x080022aa       0x26 ./Drivers/STM32U5xx_HAL_Driver/Src/stm32u5xx_hal_adc.o
 .text.LL_ADC_GetCommonPathInternalCh
                0x080022d0       0x1c ./Drivers/STM32U5xx_HAL_Driver/Src/stm32u5xx_hal_adc.o
 .text.LL_ADC_SetResolution
                0x080022ec       0x40 ./Drivers/STM32U5xx_HAL_Driver/Src/stm32u5xx_hal_adc.o
 .text.LL_ADC_SetOffset
                0x0800232c       0x42 ./Drivers/STM32U5xx_HAL_Driver/Src/stm32u5xx_hal_adc.o
 .text.LL_ADC_GetOffsetChannel
                0x0800236e       0x58 ./Drivers/STM32U5xx_HAL_Driver/Src/stm32u5xx_hal_adc.o
 .text.LL_ADC_SetOffsetSign
                0x080023c6       0x36 ./Drivers/STM32U5xx_HAL_Driver/Src/stm32u5xx_hal_adc.o
 .text.LL_ADC_SetOffsetSignedSaturation
                0x080023fc       0x36 ./Drivers/STM32U5xx_HAL_Driver/Src/stm32u5xx_hal_adc.o
 .text.LL_ADC_SetOffsetUnsignedSaturation
                0x08002432       0x36 ./Drivers/STM32U5xx_HAL_Driver/Src/stm32u5xx_hal_adc.o
 .text.LL_ADC_SetGainCompensation
                0x08002468       0x46 ./Drivers/STM32U5xx_HAL_Driver/Src/stm32u5xx_hal_adc.o
 .text.LL_ADC_SetSamplingTimeCommonChannels
                0x080024ae       0x3e ./Drivers/STM32U5xx_HAL_Driver/Src/stm32u5xx_hal_adc.o
 .text.LL_ADC_REG_SetSequencerRanks
                0x080024ec       0xc0 ./Drivers/STM32U5xx_HAL_Driver/Src/stm32u5xx_hal_adc.o
 .text.LL_ADC_REG_SetSequencerChAdd
                0x080025ac       0x66 ./Drivers/STM32U5xx_HAL_Driver/Src/stm32u5xx_hal_adc.o
 .text.LL_ADC_REG_SetSequencerChRem
                0x08002612       0x30 ./Drivers/STM32U5xx_HAL_Driver/Src/stm32u5xx_hal_adc.o
 *fill*         0x08002642        0x2 
 .text.LL_ADC_SetChannelSamplingTime
                0x08002644       0xc4 ./Drivers/STM32U5xx_HAL_Driver/Src/stm32u5xx_hal_adc.o
 .text.LL_ADC_SetChannelSingleDiff
                0x08002708       0x48 ./Drivers/STM32U5xx_HAL_Driver/Src/stm32u5xx_hal_adc.o
 .text.LL_ADC_DisableDeepPowerDown
                0x08002750       0x24 ./Drivers/STM32U5xx_HAL_Driver/Src/stm32u5xx_hal_adc.o
 .text.LL_ADC_IsDeepPowerDownEnabled
                0x08002774       0x28 ./Drivers/STM32U5xx_HAL_Driver/Src/stm32u5xx_hal_adc.o
 .text.LL_ADC_EnableInternalRegulator
                0x0800279c       0x28 ./Drivers/STM32U5xx_HAL_Driver/Src/stm32u5xx_hal_adc.o
 .text.LL_ADC_IsInternalRegulatorEnabled
                0x080027c4       0x28 ./Drivers/STM32U5xx_HAL_Driver/Src/stm32u5xx_hal_adc.o
 .text.LL_ADC_IsEnabled
                0x080027ec       0x26 ./Drivers/STM32U5xx_HAL_Driver/Src/stm32u5xx_hal_adc.o
 .text.LL_ADC_REG_IsConversionOngoing
                0x08002812       0x26 ./Drivers/STM32U5xx_HAL_Driver/Src/stm32u5xx_hal_adc.o
 .text.LL_ADC_INJ_IsConversionOngoing
                0x08002838       0x26 ./Drivers/STM32U5xx_HAL_Driver/Src/stm32u5xx_hal_adc.o
 *fill*         0x0800285e        0x2 
 .text.HAL_ADC_Init
                0x08002860      0x5d0 ./Drivers/STM32U5xx_HAL_Driver/Src/stm32u5xx_hal_adc.o
                0x08002860                HAL_ADC_Init
 .text.HAL_ADC_ConfigChannel
                0x08002e30      0xc3c ./Drivers/STM32U5xx_HAL_Driver/Src/stm32u5xx_hal_adc.o
                0x08002e30                HAL_ADC_ConfigChannel
 .text.__NVIC_SetPriorityGrouping
                0x08003a6c       0x48 ./Drivers/STM32U5xx_HAL_Driver/Src/stm32u5xx_hal_cortex.o
 .text.__NVIC_GetPriorityGrouping
                0x08003ab4       0x1c ./Drivers/STM32U5xx_HAL_Driver/Src/stm32u5xx_hal_cortex.o
 .text.__NVIC_EnableIRQ
                0x08003ad0       0x3c ./Drivers/STM32U5xx_HAL_Driver/Src/stm32u5xx_hal_cortex.o
 .text.__NVIC_SetPriority
                0x08003b0c       0x54 ./Drivers/STM32U5xx_HAL_Driver/Src/stm32u5xx_hal_cortex.o
 .text.NVIC_EncodePriority
                0x08003b60       0x66 ./Drivers/STM32U5xx_HAL_Driver/Src/stm32u5xx_hal_cortex.o
 .text.HAL_NVIC_SetPriorityGrouping
                0x08003bc6       0x16 ./Drivers/STM32U5xx_HAL_Driver/Src/stm32u5xx_hal_cortex.o
                0x08003bc6                HAL_NVIC_SetPriorityGrouping
 .text.HAL_NVIC_SetPriority
                0x08003bdc       0x34 ./Drivers/STM32U5xx_HAL_Driver/Src/stm32u5xx_hal_cortex.o
                0x08003bdc                HAL_NVIC_SetPriority
 .text.HAL_NVIC_EnableIRQ
                0x08003c10       0x1c ./Drivers/STM32U5xx_HAL_Driver/Src/stm32u5xx_hal_cortex.o
                0x08003c10                HAL_NVIC_EnableIRQ
 .text.HAL_SYSTICK_Config
                0x08003c2c       0x44 ./Drivers/STM32U5xx_HAL_Driver/Src/stm32u5xx_hal_cortex.o
                0x08003c2c                HAL_SYSTICK_Config
 .text.HAL_SYSTICK_CLKSourceConfig
                0x08003c70       0xb0 ./Drivers/STM32U5xx_HAL_Driver/Src/stm32u5xx_hal_cortex.o
                0x08003c70                HAL_SYSTICK_CLKSourceConfig
 .text.HAL_SYSTICK_GetCLKSourceConfig
                0x08003d20       0x74 ./Drivers/STM32U5xx_HAL_Driver/Src/stm32u5xx_hal_cortex.o
                0x08003d20                HAL_SYSTICK_GetCLKSourceConfig
 .text.HAL_DMA_Init
                0x08003d94      0x284 ./Drivers/STM32U5xx_HAL_Driver/Src/stm32u5xx_hal_dma.o
                0x08003d94                HAL_DMA_Init
 .text.HAL_DMA_Start_IT
                0x08004018       0xc0 ./Drivers/STM32U5xx_HAL_Driver/Src/stm32u5xx_hal_dma.o
                0x08004018                HAL_DMA_Start_IT
 .text.HAL_DMA_Abort
                0x080040d8       0xf8 ./Drivers/STM32U5xx_HAL_Driver/Src/stm32u5xx_hal_dma.o
                0x080040d8                HAL_DMA_Abort
 .text.HAL_DMA_Abort_IT
                0x080041d0       0x52 ./Drivers/STM32U5xx_HAL_Driver/Src/stm32u5xx_hal_dma.o
                0x080041d0                HAL_DMA_Abort_IT
 .text.HAL_DMA_IRQHandler
                0x08004222      0x2c2 ./Drivers/STM32U5xx_HAL_Driver/Src/stm32u5xx_hal_dma.o
                0x08004222                HAL_DMA_IRQHandler
 .text.HAL_DMA_ConfigChannelAttributes
                0x080044e4       0x78 ./Drivers/STM32U5xx_HAL_Driver/Src/stm32u5xx_hal_dma.o
                0x080044e4                HAL_DMA_ConfigChannelAttributes
 .text.DMA_SetConfig
                0x0800455c       0x4a ./Drivers/STM32U5xx_HAL_Driver/Src/stm32u5xx_hal_dma.o
 *fill*         0x080045a6        0x2 
 .text.DMA_Init
                0x080045a8      0x500 ./Drivers/STM32U5xx_HAL_Driver/Src/stm32u5xx_hal_dma.o
 .text.HAL_DMAEx_List_Init
                0x08004aa8      0x258 ./Drivers/STM32U5xx_HAL_Driver/Src/stm32u5xx_hal_dma_ex.o
                0x08004aa8                HAL_DMAEx_List_Init
 .text.HAL_DMAEx_List_Start_IT
                0x08004d00      0x128 ./Drivers/STM32U5xx_HAL_Driver/Src/stm32u5xx_hal_dma_ex.o
                0x08004d00                HAL_DMAEx_List_Start_IT
 .text.HAL_DMAEx_List_BuildNode
                0x08004e28       0x2c ./Drivers/STM32U5xx_HAL_Driver/Src/stm32u5xx_hal_dma_ex.o
                0x08004e28                HAL_DMAEx_List_BuildNode
 .text.HAL_DMAEx_List_InsertNode
                0x08004e54      0x192 ./Drivers/STM32U5xx_HAL_Driver/Src/stm32u5xx_hal_dma_ex.o
                0x08004e54                HAL_DMAEx_List_InsertNode
 .text.HAL_DMAEx_List_SetCircularMode
                0x08004fe6       0xc0 ./Drivers/STM32U5xx_HAL_Driver/Src/stm32u5xx_hal_dma_ex.o
                0x08004fe6                HAL_DMAEx_List_SetCircularMode
 *fill*         0x080050a6        0x2 
 .text.HAL_DMAEx_List_LinkQ
                0x080050a8      0x12c ./Drivers/STM32U5xx_HAL_Driver/Src/stm32u5xx_hal_dma_ex.o
                0x080050a8                HAL_DMAEx_List_LinkQ
 .text.DMA_List_Init
                0x080051d4      0x2b0 ./Drivers/STM32U5xx_HAL_Driver/Src/stm32u5xx_hal_dma_ex.o
 .text.DMA_List_BuildNode
                0x08005484      0x2a4 ./Drivers/STM32U5xx_HAL_Driver/Src/stm32u5xx_hal_dma_ex.o
 .text.DMA_List_CheckNodesBaseAddresses
                0x08005728       0x60 ./Drivers/STM32U5xx_HAL_Driver/Src/stm32u5xx_hal_dma_ex.o
 .text.DMA_List_CheckNodesTypes
                0x08005788       0x78 ./Drivers/STM32U5xx_HAL_Driver/Src/stm32u5xx_hal_dma_ex.o
 .text.DMA_List_GetCLLRNodeInfo
                0x08005800       0x60 ./Drivers/STM32U5xx_HAL_Driver/Src/stm32u5xx_hal_dma_ex.o
 .text.DMA_List_FindNode
                0x08005860      0x13e ./Drivers/STM32U5xx_HAL_Driver/Src/stm32u5xx_hal_dma_ex.o
 *fill*         0x0800599e        0x2 
 .text.HAL_GPIO_Init
                0x080059a0      0x3c0 ./Drivers/STM32U5xx_HAL_Driver/Src/stm32u5xx_hal_gpio.o
                0x080059a0                HAL_GPIO_Init
 .text.HAL_GPIO_WritePin
                0x08005d60       0x30 ./Drivers/STM32U5xx_HAL_Driver/Src/stm32u5xx_hal_gpio.o
                0x08005d60                HAL_GPIO_WritePin
 .text.HAL_HCD_Init
                0x08005d90       0xba ./Drivers/STM32U5xx_HAL_Driver/Src/stm32u5xx_hal_hcd.o
                0x08005d90                HAL_HCD_Init
 .text.HAL_I2C_Init
                0x08005e4a      0x136 ./Drivers/STM32U5xx_HAL_Driver/Src/stm32u5xx_hal_i2c.o
                0x08005e4a                HAL_I2C_Init
 .text.HAL_I2CEx_ConfigAnalogFilter
                0x08005f80       0x96 ./Drivers/STM32U5xx_HAL_Driver/Src/stm32u5xx_hal_i2c_ex.o
                0x08005f80                HAL_I2CEx_ConfigAnalogFilter
 .text.HAL_I2CEx_ConfigDigitalFilter
                0x08006016       0x98 ./Drivers/STM32U5xx_HAL_Driver/Src/stm32u5xx_hal_i2c_ex.o
                0x08006016                HAL_I2CEx_ConfigDigitalFilter
 *fill*         0x080060ae        0x2 
 .text.HAL_ICACHE_ConfigAssociativityMode
                0x080060b0       0x40 ./Drivers/STM32U5xx_HAL_Driver/Src/stm32u5xx_hal_icache.o
                0x080060b0                HAL_ICACHE_ConfigAssociativityMode
 .text.HAL_ICACHE_Enable
                0x080060f0       0x20 ./Drivers/STM32U5xx_HAL_Driver/Src/stm32u5xx_hal_icache.o
                0x080060f0                HAL_ICACHE_Enable
 .text.HAL_MMC_Init
                0x08006110       0x7e ./Drivers/STM32U5xx_HAL_Driver/Src/stm32u5xx_hal_mmc.o
                0x08006110                HAL_MMC_Init
 *fill*         0x0800618e        0x2 
 .text.HAL_MMC_InitCard
                0x08006190      0x148 ./Drivers/STM32U5xx_HAL_Driver/Src/stm32u5xx_hal_mmc.o
                0x08006190                HAL_MMC_InitCard
 .text.HAL_MMC_GetCardCSD
                0x080062d8      0x348 ./Drivers/STM32U5xx_HAL_Driver/Src/stm32u5xx_hal_mmc.o
                0x080062d8                HAL_MMC_GetCardCSD
 .text.HAL_MMC_GetCardExtCSD
                0x08006620      0x1f8 ./Drivers/STM32U5xx_HAL_Driver/Src/stm32u5xx_hal_mmc.o
                0x08006620                HAL_MMC_GetCardExtCSD
 .text.HAL_MMC_ConfigWideBusOperation
                0x08006818      0x198 ./Drivers/STM32U5xx_HAL_Driver/Src/stm32u5xx_hal_mmc.o
                0x08006818                HAL_MMC_ConfigWideBusOperation
 .text.MMC_InitCard
                0x080069b0      0x1fa ./Drivers/STM32U5xx_HAL_Driver/Src/stm32u5xx_hal_mmc.o
 *fill*         0x08006baa        0x2 
 .text.MMC_PowerON
                0x08006bac       0xa0 ./Drivers/STM32U5xx_HAL_Driver/Src/stm32u5xx_hal_mmc.o
 .text.MMC_ReadExtCSD
                0x08006c4c      0x1e8 ./Drivers/STM32U5xx_HAL_Driver/Src/stm32u5xx_hal_mmc.o
 .text.MMC_PwrClassUpdate
                0x08006e34      0x140 ./Drivers/STM32U5xx_HAL_Driver/Src/stm32u5xx_hal_mmc.o
 .text.HAL_OSPI_Init
                0x08006f74      0x178 ./Drivers/STM32U5xx_HAL_Driver/Src/stm32u5xx_hal_ospi.o
                0x08006f74                HAL_OSPI_Init
 .text.HAL_OSPI_SetTimeout
                0x080070ec       0x1e ./Drivers/STM32U5xx_HAL_Driver/Src/stm32u5xx_hal_ospi.o
                0x080070ec                HAL_OSPI_SetTimeout
 *fill*         0x0800710a        0x2 
 .text.HAL_OSPIM_Config
                0x0800710c      0x9ec ./Drivers/STM32U5xx_HAL_Driver/Src/stm32u5xx_hal_ospi.o
                0x0800710c                HAL_OSPIM_Config
 .text.OSPI_WaitFlagStateUntilTimeout
                0x08007af8       0x7e ./Drivers/STM32U5xx_HAL_Driver/Src/stm32u5xx_hal_ospi.o
 *fill*         0x08007b76        0x2 
 .text.OSPIM_GetConfig
                0x08007b78      0x174 ./Drivers/STM32U5xx_HAL_Driver/Src/stm32u5xx_hal_ospi.o
 .text.HAL_PWREx_ControlVoltageScaling
                0x08007cec       0xfc ./Drivers/STM32U5xx_HAL_Driver/Src/stm32u5xx_hal_pwr_ex.o
                0x08007cec                HAL_PWREx_ControlVoltageScaling
 .text.HAL_PWREx_GetVoltageRange
                0x08007de8       0x1c ./Drivers/STM32U5xx_HAL_Driver/Src/stm32u5xx_hal_pwr_ex.o
                0x08007de8                HAL_PWREx_GetVoltageRange
 .text.HAL_PWREx_ConfigSupply
                0x08007e04       0xa0 ./Drivers/STM32U5xx_HAL_Driver/Src/stm32u5xx_hal_pwr_ex.o
                0x08007e04                HAL_PWREx_ConfigSupply
 .text.HAL_PWREx_EnableVddUSB
                0x08007ea4       0x20 ./Drivers/STM32U5xx_HAL_Driver/Src/stm32u5xx_hal_pwr_ex.o
                0x08007ea4                HAL_PWREx_EnableVddUSB
 .text.HAL_PWREx_EnableVddIO2
                0x08007ec4       0x20 ./Drivers/STM32U5xx_HAL_Driver/Src/stm32u5xx_hal_pwr_ex.o
                0x08007ec4                HAL_PWREx_EnableVddIO2
 .text.HAL_PWREx_EnableVddA
                0x08007ee4       0x20 ./Drivers/STM32U5xx_HAL_Driver/Src/stm32u5xx_hal_pwr_ex.o
                0x08007ee4                HAL_PWREx_EnableVddA
 .text.HAL_PWREx_EnableUSBHSTranceiverSupply
                0x08007f04       0x3c ./Drivers/STM32U5xx_HAL_Driver/Src/stm32u5xx_hal_pwr_ex.o
                0x08007f04                HAL_PWREx_EnableUSBHSTranceiverSupply
 .text.HAL_PWREx_DisableUCPDDeadBattery
                0x08007f40       0x20 ./Drivers/STM32U5xx_HAL_Driver/Src/stm32u5xx_hal_pwr_ex.o
                0x08007f40                HAL_PWREx_DisableUCPDDeadBattery
 .text.HAL_RCC_OscConfig
                0x08007f60      0xdb8 ./Drivers/STM32U5xx_HAL_Driver/Src/stm32u5xx_hal_rcc.o
                0x08007f60                HAL_RCC_OscConfig
 .text.HAL_RCC_ClockConfig
                0x08008d18      0x3e4 ./Drivers/STM32U5xx_HAL_Driver/Src/stm32u5xx_hal_rcc.o
                0x08008d18                HAL_RCC_ClockConfig
 .text.HAL_RCC_GetSysClockFreq
                0x080090fc      0x204 ./Drivers/STM32U5xx_HAL_Driver/Src/stm32u5xx_hal_rcc.o
                0x080090fc                HAL_RCC_GetSysClockFreq
 .text.HAL_RCC_GetHCLKFreq
                0x08009300       0x34 ./Drivers/STM32U5xx_HAL_Driver/Src/stm32u5xx_hal_rcc.o
                0x08009300                HAL_RCC_GetHCLKFreq
 .text.HAL_RCC_GetPCLK1Freq
                0x08009334       0x28 ./Drivers/STM32U5xx_HAL_Driver/Src/stm32u5xx_hal_rcc.o
                0x08009334                HAL_RCC_GetPCLK1Freq
 .text.HAL_RCC_GetPCLK2Freq
                0x0800935c       0x28 ./Drivers/STM32U5xx_HAL_Driver/Src/stm32u5xx_hal_rcc.o
                0x0800935c                HAL_RCC_GetPCLK2Freq
 .text.HAL_RCC_GetPCLK3Freq
                0x08009384       0x28 ./Drivers/STM32U5xx_HAL_Driver/Src/stm32u5xx_hal_rcc.o
                0x08009384                HAL_RCC_GetPCLK3Freq
 .text.RCC_SetFlashLatencyFromMSIRange
                0x080093ac      0x10c ./Drivers/STM32U5xx_HAL_Driver/Src/stm32u5xx_hal_rcc.o
 .text.HAL_RCCEx_PeriphCLKConfig
                0x080094b8      0xe70 ./Drivers/STM32U5xx_HAL_Driver/Src/stm32u5xx_hal_rcc_ex.o
                0x080094b8                HAL_RCCEx_PeriphCLKConfig
 .text.HAL_RCCEx_GetPLL1ClockFreq
                0x0800a328      0x2b4 ./Drivers/STM32U5xx_HAL_Driver/Src/stm32u5xx_hal_rcc_ex.o
                0x0800a328                HAL_RCCEx_GetPLL1ClockFreq
 .text.HAL_RCCEx_GetPLL2ClockFreq
                0x0800a5dc      0x2b4 ./Drivers/STM32U5xx_HAL_Driver/Src/stm32u5xx_hal_rcc_ex.o
                0x0800a5dc                HAL_RCCEx_GetPLL2ClockFreq
 .text.HAL_RCCEx_GetPLL3ClockFreq
                0x0800a890      0x2b4 ./Drivers/STM32U5xx_HAL_Driver/Src/stm32u5xx_hal_rcc_ex.o
                0x0800a890                HAL_RCCEx_GetPLL3ClockFreq
 .text.HAL_RCCEx_GetPeriphCLKFreq
                0x0800ab44     0x170c ./Drivers/STM32U5xx_HAL_Driver/Src/stm32u5xx_hal_rcc_ex.o
                0x0800ab44                HAL_RCCEx_GetPeriphCLKFreq
 .text.RCCEx_PLL2_Config
                0x0800c250      0x130 ./Drivers/STM32U5xx_HAL_Driver/Src/stm32u5xx_hal_rcc_ex.o
 .text.RCCEx_PLL3_Config
                0x0800c380      0x130 ./Drivers/STM32U5xx_HAL_Driver/Src/stm32u5xx_hal_rcc_ex.o
 .text.HAL_SAI_InitProtocol
                0x0800c4b0       0x62 ./Drivers/STM32U5xx_HAL_Driver/Src/stm32u5xx_hal_sai.o
                0x0800c4b0                HAL_SAI_InitProtocol
 *fill*         0x0800c512        0x2 
 .text.HAL_SAI_Init
                0x0800c514      0x3c8 ./Drivers/STM32U5xx_HAL_Driver/Src/stm32u5xx_hal_sai.o
                0x0800c514                HAL_SAI_Init
 .text.HAL_SAI_Abort
                0x0800c8dc      0x11e ./Drivers/STM32U5xx_HAL_Driver/Src/stm32u5xx_hal_sai.o
                0x0800c8dc                HAL_SAI_Abort
 *fill*         0x0800c9fa        0x2 
 .text.HAL_SAI_Receive_DMA
                0x0800c9fc      0x1c0 ./Drivers/STM32U5xx_HAL_Driver/Src/stm32u5xx_hal_sai.o
                0x0800c9fc                HAL_SAI_Receive_DMA
 .text.HAL_SAI_IRQHandler
                0x0800cbbc      0x370 ./Drivers/STM32U5xx_HAL_Driver/Src/stm32u5xx_hal_sai.o
                0x0800cbbc                HAL_SAI_IRQHandler
 .text.SAI_InitI2S
                0x0800cf2c      0x164 ./Drivers/STM32U5xx_HAL_Driver/Src/stm32u5xx_hal_sai.o
 .text.SAI_InitPCM
                0x0800d090      0x104 ./Drivers/STM32U5xx_HAL_Driver/Src/stm32u5xx_hal_sai.o
 .text.SAI_InterruptFlag
                0x0800d194       0x6e ./Drivers/STM32U5xx_HAL_Driver/Src/stm32u5xx_hal_sai.o
 *fill*         0x0800d202        0x2 
 .text.SAI_Disable
                0x0800d204       0x74 ./Drivers/STM32U5xx_HAL_Driver/Src/stm32u5xx_hal_sai.o
 .text.SAI_DMARxCplt
                0x0800d278       0x5e ./Drivers/STM32U5xx_HAL_Driver/Src/stm32u5xx_hal_sai.o
 .text.SAI_DMARxHalfCplt
                0x0800d2d6       0x1c ./Drivers/STM32U5xx_HAL_Driver/Src/stm32u5xx_hal_sai.o
 .text.SAI_DMAError
                0x0800d2f2       0x52 ./Drivers/STM32U5xx_HAL_Driver/Src/stm32u5xx_hal_sai.o
 .text.SAI_DMAAbort
                0x0800d344       0x6e ./Drivers/STM32U5xx_HAL_Driver/Src/stm32u5xx_hal_sai.o
 .text.HAL_UART_Init
                0x0800d3b2       0xa0 ./Drivers/STM32U5xx_HAL_Driver/Src/stm32u5xx_hal_uart.o
                0x0800d3b2                HAL_UART_Init
 *fill*         0x0800d452        0x2 
 .text.HAL_UART_Transmit_DMA
                0x0800d454      0x190 ./Drivers/STM32U5xx_HAL_Driver/Src/stm32u5xx_hal_uart.o
                0x0800d454                HAL_UART_Transmit_DMA
 .text.HAL_UART_IRQHandler
                0x0800d5e4      0x64c ./Drivers/STM32U5xx_HAL_Driver/Src/stm32u5xx_hal_uart.o
                0x0800d5e4                HAL_UART_IRQHandler
 .text.HAL_UART_TxHalfCpltCallback
                0x0800dc30       0x14 ./Drivers/STM32U5xx_HAL_Driver/Src/stm32u5xx_hal_uart.o
                0x0800dc30                HAL_UART_TxHalfCpltCallback
 .text.HAL_UART_ErrorCallback
                0x0800dc44       0x14 ./Drivers/STM32U5xx_HAL_Driver/Src/stm32u5xx_hal_uart.o
                0x0800dc44                HAL_UART_ErrorCallback
 .text.HAL_UARTEx_RxEventCallback
                0x0800dc58       0x18 ./Drivers/STM32U5xx_HAL_Driver/Src/stm32u5xx_hal_uart.o
                0x0800dc58                HAL_UARTEx_RxEventCallback
 .text.UART_SetConfig
                0x0800dc70      0x35c ./Drivers/STM32U5xx_HAL_Driver/Src/stm32u5xx_hal_uart.o
                0x0800dc70                UART_SetConfig
 .text.UART_AdvFeatureConfig
                0x0800dfcc      0x144 ./Drivers/STM32U5xx_HAL_Driver/Src/stm32u5xx_hal_uart.o
                0x0800dfcc                UART_AdvFeatureConfig
 .text.UART_CheckIdleState
                0x0800e110      0x154 ./Drivers/STM32U5xx_HAL_Driver/Src/stm32u5xx_hal_uart.o
                0x0800e110                UART_CheckIdleState
 .text.UART_WaitOnFlagUntilTimeout
                0x0800e264       0xda ./Drivers/STM32U5xx_HAL_Driver/Src/stm32u5xx_hal_uart.o
                0x0800e264                UART_WaitOnFlagUntilTimeout
 .text.UART_EndTxTransfer
                0x0800e33e       0x82 ./Drivers/STM32U5xx_HAL_Driver/Src/stm32u5xx_hal_uart.o
 .text.UART_EndRxTransfer
                0x0800e3c0       0xcc ./Drivers/STM32U5xx_HAL_Driver/Src/stm32u5xx_hal_uart.o
 .text.UART_DMATransmitCplt
                0x0800e48c       0x94 ./Drivers/STM32U5xx_HAL_Driver/Src/stm32u5xx_hal_uart.o
 .text.UART_DMATxHalfCplt
                0x0800e520       0x1c ./Drivers/STM32U5xx_HAL_Driver/Src/stm32u5xx_hal_uart.o
 .text.UART_DMAError
                0x0800e53c       0x80 ./Drivers/STM32U5xx_HAL_Driver/Src/stm32u5xx_hal_uart.o
 .text.UART_DMAAbortOnError
                0x0800e5bc       0x24 ./Drivers/STM32U5xx_HAL_Driver/Src/stm32u5xx_hal_uart.o
 .text.UART_EndTransmit_IT
                0x0800e5e0       0x56 ./Drivers/STM32U5xx_HAL_Driver/Src/stm32u5xx_hal_uart.o
 .text.HAL_UARTEx_RxFifoFullCallback
                0x0800e636       0x14 ./Drivers/STM32U5xx_HAL_Driver/Src/stm32u5xx_hal_uart_ex.o
                0x0800e636                HAL_UARTEx_RxFifoFullCallback
 .text.HAL_UARTEx_TxFifoEmptyCallback
                0x0800e64a       0x14 ./Drivers/STM32U5xx_HAL_Driver/Src/stm32u5xx_hal_uart_ex.o
                0x0800e64a                HAL_UARTEx_TxFifoEmptyCallback
 .text.HAL_UARTEx_DisableFifoMode
                0x0800e65e       0x72 ./Drivers/STM32U5xx_HAL_Driver/Src/stm32u5xx_hal_uart_ex.o
                0x0800e65e                HAL_UARTEx_DisableFifoMode
 .text.HAL_UARTEx_SetTxFifoThreshold
                0x0800e6d0       0x7c ./Drivers/STM32U5xx_HAL_Driver/Src/stm32u5xx_hal_uart_ex.o
                0x0800e6d0                HAL_UARTEx_SetTxFifoThreshold
 .text.HAL_UARTEx_SetRxFifoThreshold
                0x0800e74c       0x7c ./Drivers/STM32U5xx_HAL_Driver/Src/stm32u5xx_hal_uart_ex.o
                0x0800e74c                HAL_UARTEx_SetRxFifoThreshold
 .text.UARTEx_SetNbDataToProcess
                0x0800e7c8       0x9c ./Drivers/STM32U5xx_HAL_Driver/Src/stm32u5xx_hal_uart_ex.o
 .text.HAL_XSPI_Init
                0x0800e864      0x298 ./Drivers/STM32U5xx_HAL_Driver/Src/stm32u5xx_hal_xspi.o
                0x0800e864                HAL_XSPI_Init
 .text.HAL_XSPI_SetTimeout
                0x0800eafc       0x1e ./Drivers/STM32U5xx_HAL_Driver/Src/stm32u5xx_hal_xspi.o
                0x0800eafc                HAL_XSPI_SetTimeout
 .text.XSPI_WaitFlagStateUntilTimeout
                0x0800eb1a       0x6c ./Drivers/STM32U5xx_HAL_Driver/Src/stm32u5xx_hal_xspi.o
 *fill*         0x0800eb86        0x2 
 .text.SDMMC_Init
                0x0800eb88       0x54 ./Drivers/STM32U5xx_HAL_Driver/Src/stm32u5xx_ll_sdmmc.o
                0x0800eb88                SDMMC_Init
 .text.SDMMC_ReadFIFO
                0x0800ebdc       0x1a ./Drivers/STM32U5xx_HAL_Driver/Src/stm32u5xx_ll_sdmmc.o
                0x0800ebdc                SDMMC_ReadFIFO
 .text.SDMMC_PowerState_ON
                0x0800ebf6       0x22 ./Drivers/STM32U5xx_HAL_Driver/Src/stm32u5xx_ll_sdmmc.o
                0x0800ebf6                SDMMC_PowerState_ON
 .text.SDMMC_GetPowerState
                0x0800ec18       0x1c ./Drivers/STM32U5xx_HAL_Driver/Src/stm32u5xx_ll_sdmmc.o
                0x0800ec18                SDMMC_GetPowerState
 .text.SDMMC_SendCommand
                0x0800ec34       0x54 ./Drivers/STM32U5xx_HAL_Driver/Src/stm32u5xx_ll_sdmmc.o
                0x0800ec34                SDMMC_SendCommand
 .text.SDMMC_GetCommandResponse
                0x0800ec88       0x1a ./Drivers/STM32U5xx_HAL_Driver/Src/stm32u5xx_ll_sdmmc.o
                0x0800ec88                SDMMC_GetCommandResponse
 .text.SDMMC_GetResponse
                0x0800eca2       0x26 ./Drivers/STM32U5xx_HAL_Driver/Src/stm32u5xx_ll_sdmmc.o
                0x0800eca2                SDMMC_GetResponse
 .text.SDMMC_ConfigData
                0x0800ecc8       0x58 ./Drivers/STM32U5xx_HAL_Driver/Src/stm32u5xx_ll_sdmmc.o
                0x0800ecc8                SDMMC_ConfigData
 .text.SDMMC_CmdBlockLength
                0x0800ed20       0x46 ./Drivers/STM32U5xx_HAL_Driver/Src/stm32u5xx_ll_sdmmc.o
                0x0800ed20                SDMMC_CmdBlockLength
 .text.SDMMC_CmdSelDesel
                0x0800ed66       0x46 ./Drivers/STM32U5xx_HAL_Driver/Src/stm32u5xx_ll_sdmmc.o
                0x0800ed66                SDMMC_CmdSelDesel
 .text.SDMMC_CmdGoIdleState
                0x0800edac       0x3c ./Drivers/STM32U5xx_HAL_Driver/Src/stm32u5xx_ll_sdmmc.o
                0x0800edac                SDMMC_CmdGoIdleState
 .text.SDMMC_CmdSendCID
                0x0800ede8       0x3e ./Drivers/STM32U5xx_HAL_Driver/Src/stm32u5xx_ll_sdmmc.o
                0x0800ede8                SDMMC_CmdSendCID
 .text.SDMMC_CmdSendCSD
                0x0800ee26       0x40 ./Drivers/STM32U5xx_HAL_Driver/Src/stm32u5xx_ll_sdmmc.o
                0x0800ee26                SDMMC_CmdSendCSD
 .text.SDMMC_CmdSetRelAddMmc
                0x0800ee66       0x4a ./Drivers/STM32U5xx_HAL_Driver/Src/stm32u5xx_ll_sdmmc.o
                0x0800ee66                SDMMC_CmdSetRelAddMmc
 .text.SDMMC_CmdSendStatus
                0x0800eeb0       0x46 ./Drivers/STM32U5xx_HAL_Driver/Src/stm32u5xx_ll_sdmmc.o
                0x0800eeb0                SDMMC_CmdSendStatus
 .text.SDMMC_CmdOpCondition
                0x0800eef6       0x40 ./Drivers/STM32U5xx_HAL_Driver/Src/stm32u5xx_ll_sdmmc.o
                0x0800eef6                SDMMC_CmdOpCondition
 .text.SDMMC_CmdSwitch
                0x0800ef36       0x46 ./Drivers/STM32U5xx_HAL_Driver/Src/stm32u5xx_ll_sdmmc.o
                0x0800ef36                SDMMC_CmdSwitch
 .text.SDMMC_CmdSendEXTCSD
                0x0800ef7c       0x46 ./Drivers/STM32U5xx_HAL_Driver/Src/stm32u5xx_ll_sdmmc.o
                0x0800ef7c                SDMMC_CmdSendEXTCSD
 *fill*         0x0800efc2        0x2 
 .text.SDMMC_GetCmdResp1
                0x0800efc4      0x1e4 ./Drivers/STM32U5xx_HAL_Driver/Src/stm32u5xx_ll_sdmmc.o
                0x0800efc4                SDMMC_GetCmdResp1
 .text.SDMMC_GetCmdResp2
                0x0800f1a8       0x94 ./Drivers/STM32U5xx_HAL_Driver/Src/stm32u5xx_ll_sdmmc.o
                0x0800f1a8                SDMMC_GetCmdResp2
 .text.SDMMC_GetCmdResp3
                0x0800f23c       0x80 ./Drivers/STM32U5xx_HAL_Driver/Src/stm32u5xx_ll_sdmmc.o
                0x0800f23c                SDMMC_GetCmdResp3
 .text.SDMMC_GetCmdError
                0x0800f2bc       0x5c ./Drivers/STM32U5xx_HAL_Driver/Src/stm32u5xx_ll_sdmmc.o
 .text.USB_CoreInit
                0x0800f318       0x6a ./Drivers/STM32U5xx_HAL_Driver/Src/stm32u5xx_ll_usb.o
                0x0800f318                USB_CoreInit
 .text.USB_DisableGlobalInt
                0x0800f382       0x22 ./Drivers/STM32U5xx_HAL_Driver/Src/stm32u5xx_ll_usb.o
                0x0800f382                USB_DisableGlobalInt
 .text.USB_SetCurrentMode
                0x0800f3a4       0x98 ./Drivers/STM32U5xx_HAL_Driver/Src/stm32u5xx_ll_usb.o
                0x0800f3a4                USB_SetCurrentMode
 .text.USB_FlushTxFifo
                0x0800f43c       0x64 ./Drivers/STM32U5xx_HAL_Driver/Src/stm32u5xx_ll_usb.o
                0x0800f43c                USB_FlushTxFifo
 .text.USB_FlushRxFifo
                0x0800f4a0       0x5c ./Drivers/STM32U5xx_HAL_Driver/Src/stm32u5xx_ll_usb.o
                0x0800f4a0                USB_FlushRxFifo
 .text.USB_GetMode
                0x0800f4fc       0x1c ./Drivers/STM32U5xx_HAL_Driver/Src/stm32u5xx_ll_usb.o
                0x0800f4fc                USB_GetMode
 .text.USB_CoreReset
                0x0800f518       0x70 ./Drivers/STM32U5xx_HAL_Driver/Src/stm32u5xx_ll_usb.o
 .text.USB_HostInit
                0x0800f588      0x1a0 ./Drivers/STM32U5xx_HAL_Driver/Src/stm32u5xx_ll_usb.o
                0x0800f588                USB_HostInit
 .text.memset   0x0800f728       0x10 C:/ST/STM32CubeIDE_2.1.1/STM32CubeIDE/plugins/com.st.stm32cube.ide.mcu.externaltools.gnu-tools-for-stm32.14.3.rel1.win32_1.0.100.202602081740/tools/bin/../lib/gcc/arm-none-eabi/14.3.1/../../../../arm-none-eabi/lib/thumb/v8-m.main+fp/hard\libc_nano.a(libc_a-memset.o)
                0x0800f728                memset
 .text.__libc_init_array
                0x0800f738       0x48 C:/ST/STM32CubeIDE_2.1.1/STM32CubeIDE/plugins/com.st.stm32cube.ide.mcu.externaltools.gnu-tools-for-stm32.14.3.rel1.win32_1.0.100.202602081740/tools/bin/../lib/gcc/arm-none-eabi/14.3.1/../../../../arm-none-eabi/lib/thumb/v8-m.main+fp/hard\libc_nano.a(libc_a-init.o)
                0x0800f738                __libc_init_array
 *(.glue_7)
 .glue_7        0x0800f780        0x0 linker stubs
 *(.glue_7t)
 .glue_7t       0x0800f780        0x0 linker stubs
 *(.eh_frame)
 .eh_frame      0x0800f780        0x0 C:/ST/STM32CubeIDE_2.1.1/STM32CubeIDE/plugins/com.st.stm32cube.ide.mcu.externaltools.gnu-tools-for-stm32.14.3.rel1.win32_1.0.100.202602081740/tools/bin/../lib/gcc/arm-none-eabi/14.3.1/thumb/v8-m.main+fp/hard/crtbegin.o
 *(.init)
 .init          0x0800f780        0x4 C:/ST/STM32CubeIDE_2.1.1/STM32CubeIDE/plugins/com.st.stm32cube.ide.mcu.externaltools.gnu-tools-for-stm32.14.3.rel1.win32_1.0.100.202602081740/tools/bin/../lib/gcc/arm-none-eabi/14.3.1/thumb/v8-m.main+fp/hard/crti.o
                0x0800f780                _init
 .init          0x0800f784        0x8 C:/ST/STM32CubeIDE_2.1.1/STM32CubeIDE/plugins/com.st.stm32cube.ide.mcu.externaltools.gnu-tools-for-stm32.14.3.rel1.win32_1.0.100.202602081740/tools/bin/../lib/gcc/arm-none-eabi/14.3.1/thumb/v8-m.main+fp/hard/crtn.o
 *(.fini)
 .fini          0x0800f78c        0x4 C:/ST/STM32CubeIDE_2.1.1/STM32CubeIDE/plugins/com.st.stm32cube.ide.mcu.externaltools.gnu-tools-for-stm32.14.3.rel1.win32_1.0.100.202602081740/tools/bin/../lib/gcc/arm-none-eabi/14.3.1/thumb/v8-m.main+fp/hard/crti.o
                0x0800f78c                _fini
 .fini          0x0800f790        0x8 C:/ST/STM32CubeIDE_2.1.1/STM32CubeIDE/plugins/com.st.stm32cube.ide.mcu.externaltools.gnu-tools-for-stm32.14.3.rel1.win32_1.0.100.202602081740/tools/bin/../lib/gcc/arm-none-eabi/14.3.1/thumb/v8-m.main+fp/hard/crtn.o
                0x0800f798                        _etext = .

.vfp11_veneer   0x0800f798        0x0
 .vfp11_veneer  0x0800f798        0x0 linker stubs

.v4_bx          0x0800f798        0x0
 .v4_bx         0x0800f798        0x0 linker stubs

.iplt           0x0800f798        0x0
 .iplt          0x0800f798        0x0 C:/ST/STM32CubeIDE_2.1.1/STM32CubeIDE/plugins/com.st.stm32cube.ide.mcu.externaltools.gnu-tools-for-stm32.14.3.rel1.win32_1.0.100.202602081740/tools/bin/../lib/gcc/arm-none-eabi/14.3.1/thumb/v8-m.main+fp/hard/crtbegin.o

.rodata         0x0800f798      0x100
 *(.rodata)
 *(.rodata*)
 .rodata.AHBPrescTable
                0x0800f798       0x10 ./Core/Src/system_stm32u5xx.o
                0x0800f798                AHBPrescTable
 .rodata.APBPrescTable
                0x0800f7a8        0x8 ./Core/Src/system_stm32u5xx.o
                0x0800f7a8                APBPrescTable
 .rodata.MSIRangeTable
                0x0800f7b0       0x40 ./Core/Src/system_stm32u5xx.o
                0x0800f7b0                MSIRangeTable
 .rodata.LPGPIO_Map
                0x0800f7f0       0x80 ./Drivers/STM32U5xx_HAL_Driver/Src/stm32u5xx_hal_gpio.o
 .rodata.UARTPrescTable
                0x0800f870       0x18 ./Drivers/STM32U5xx_HAL_Driver/Src/stm32u5xx_hal_uart.o
                0x0800f870                UARTPrescTable
 .rodata.numerator.1
                0x0800f888        0x8 ./Drivers/STM32U5xx_HAL_Driver/Src/stm32u5xx_hal_uart_ex.o
 .rodata.denominator.0
                0x0800f890        0x8 ./Drivers/STM32U5xx_HAL_Driver/Src/stm32u5xx_hal_uart_ex.o

.ARM.extab
 *(.ARM.extab* .gnu.linkonce.armextab.*)

.ARM            0x0800f898        0x8
                0x0800f898                        __exidx_start = .
 *(.ARM.exidx*)
 .ARM.exidx     0x0800f898        0x8 C:/ST/STM32CubeIDE_2.1.1/STM32CubeIDE/plugins/com.st.stm32cube.ide.mcu.externaltools.gnu-tools-for-stm32.14.3.rel1.win32_1.0.100.202602081740/tools/bin/../lib/gcc/arm-none-eabi/14.3.1/thumb/v8-m.main+fp/hard\libgcc.a(_udivmoddi4.o)
                0x0800f8a0                        __exidx_end = .

.preinit_array  0x0800f8a0        0x0
                0x0800f8a0                        PROVIDE (__preinit_array_start = .)
 *(.preinit_array*)
                0x0800f8a0                        PROVIDE (__preinit_array_end = .)

.init_array     0x0800f8a0        0x4
                0x0800f8a0                        PROVIDE (__init_array_start = .)
 *(SORT_BY_NAME(.init_array.*))
 *(.init_array*)
 .init_array    0x0800f8a0        0x4 C:/ST/STM32CubeIDE_2.1.1/STM32CubeIDE/plugins/com.st.stm32cube.ide.mcu.externaltools.gnu-tools-for-stm32.14.3.rel1.win32_1.0.100.202602081740/tools/bin/../lib/gcc/arm-none-eabi/14.3.1/thumb/v8-m.main+fp/hard/crtbegin.o
                0x0800f8a4                        PROVIDE (__init_array_end = .)

.fini_array     0x0800f8a4        0x4
                [!provide]                        PROVIDE (__fini_array_start = .)
 *(SORT_BY_NAME(.fini_array.*))
 *(.fini_array*)
 .fini_array    0x0800f8a4        0x4 C:/ST/STM32CubeIDE_2.1.1/STM32CubeIDE/plugins/com.st.stm32cube.ide.mcu.externaltools.gnu-tools-for-stm32.14.3.rel1.win32_1.0.100.202602081740/tools/bin/../lib/gcc/arm-none-eabi/14.3.1/thumb/v8-m.main+fp/hard/crtbegin.o
                [!provide]                        PROVIDE (__fini_array_end = .)
                0x0800f8a8                        _sidata = LOADADDR (.data)

.rel.dyn        0x0800f8a8        0x0
 .rel.iplt      0x0800f8a8        0x0 C:/ST/STM32CubeIDE_2.1.1/STM32CubeIDE/plugins/com.st.stm32cube.ide.mcu.externaltools.gnu-tools-for-stm32.14.3.rel1.win32_1.0.100.202602081740/tools/bin/../lib/gcc/arm-none-eabi/14.3.1/thumb/v8-m.main+fp/hard/crtbegin.o

.data           0x20000000        0x9 load address 0x0800f8a8
                0x20000000                        _sdata = .
 *(.data)
 *(.data*)
 .data.SystemCoreClock
                0x20000000        0x4 ./Core/Src/system_stm32u5xx.o
                0x20000000                SystemCoreClock
 .data.uwTickPrio
                0x20000004        0x4 ./Drivers/STM32U5xx_HAL_Driver/Src/stm32u5xx_hal.o
                0x20000004                uwTickPrio
 .data.uwTickFreq
                0x20000008        0x1 ./Drivers/STM32U5xx_HAL_Driver/Src/stm32u5xx_hal.o
                0x20000008                uwTickFreq
 *(.RamFunc)
 *(.RamFunc*)
                0x20000009                        _edata = .

.igot.plt       0x2000000c        0x0 load address 0x0800f8b1
 .igot.plt      0x2000000c        0x0 C:/ST/STM32CubeIDE_2.1.1/STM32CubeIDE/plugins/com.st.stm32cube.ide.mcu.externaltools.gnu-tools-for-stm32.14.3.rel1.win32_1.0.100.202602081740/tools/bin/../lib/gcc/arm-none-eabi/14.3.1/thumb/v8-m.main+fp/hard/crtbegin.o

.bss            0x2000000c     0x498c load address 0x0800f8b1
                0x2000000c                        _sbss = .
                0x2000000c                        __bss_start__ = _sbss
 *(.bss)
 .bss           0x2000000c       0x1c C:/ST/STM32CubeIDE_2.1.1/STM32CubeIDE/plugins/com.st.stm32cube.ide.mcu.externaltools.gnu-tools-for-stm32.14.3.rel1.win32_1.0.100.202602081740/tools/bin/../lib/gcc/arm-none-eabi/14.3.1/thumb/v8-m.main+fp/hard/crtbegin.o
 *(.bss*)
 .bss.hadc4     0x20000028       0x8c ./Core/Src/adc.o
                0x20000028                hadc4
 .bss.hxspi1    0x200000b4       0x60 ./Core/Src/hspi.o
                0x200000b4                hxspi1
 .bss.hi2c3     0x20000114       0x54 ./Core/Src/i2c.o
                0x20000114                hi2c3
 .bss.hi2c5     0x20000168       0x54 ./Core/Src/i2c.o
                0x20000168                hi2c5
 .bss.audioBufferRaw
                0x200001bc     0x3200 ./Core/Src/main.o
 .bss.audioBuffer16
                0x200033bc      0xc80 ./Core/Src/main.o
 .bss.firstHalfReady
                0x2000403c        0x1 ./Core/Src/main.o
 .bss.secondHalfReady
                0x2000403d        0x1 ./Core/Src/main.o
 .bss.uartTxBusy
                0x2000403e        0x1 ./Core/Src/main.o
 *fill*         0x2000403f        0x1 
 .bss.overrunCount
                0x20004040        0x4 ./Core/Src/main.o
 .bss.hospi1    0x20004044       0x5c ./Core/Src/octospi.o
                0x20004044                hospi1
 .bss.hsai_BlockA1
                0x200040a0       0x98 ./Core/Src/sai.o
                0x200040a0                hsai_BlockA1
 .bss.Node_GPDMA1_Channel0
                0x20004138       0x24 ./Core/Src/sai.o
                0x20004138                Node_GPDMA1_Channel0
 .bss.List_GPDMA1_Channel0
                0x2000415c       0x18 ./Core/Src/sai.o
                0x2000415c                List_GPDMA1_Channel0
 .bss.handle_GPDMA1_Channel0
                0x20004174       0x78 ./Core/Src/sai.o
                0x20004174                handle_GPDMA1_Channel0
 .bss.SAI1_client
                0x200041ec        0x4 ./Core/Src/sai.o
 .bss.hmmc1     0x200041f0      0x278 ./Core/Src/sdmmc.o
                0x200041f0                hmmc1
 .bss.huart1    0x20004468       0x94 ./Core/Src/usart.o
                0x20004468                huart1
 .bss.handle_GPDMA1_Channel1
                0x200044fc       0x78 ./Core/Src/usart.o
                0x200044fc                handle_GPDMA1_Channel1
 .bss.hhcd_USB_OTG_HS
                0x20004574      0x420 ./Core/Src/usb_otg.o
                0x20004574                hhcd_USB_OTG_HS
 .bss.uwTick    0x20004994        0x4 ./Drivers/STM32U5xx_HAL_Driver/Src/stm32u5xx_hal.o
                0x20004994                uwTick
 *(COMMON)
                0x20004998                        _ebss = .
                0x20004998                        __bss_end__ = _ebss

._user_heap_stack
                0x20004998      0x600 load address 0x0800f8b1
                0x20004998                        . = ALIGN (0x8)
                [!provide]                        PROVIDE (end = .)
                0x20004998                        PROVIDE (_end = .)
                0x20004b98                        . = (. + _Min_Heap_Size)
 *fill*         0x20004998      0x200 
                0x20004f98                        . = (. + _Min_Stack_Size)
 *fill*         0x20004b98      0x400 
                0x20004f98                        . = ALIGN (0x8)

/DISCARD/
 libc.a(*)
 libm.a(*)
 libgcc.a(*)

.ARM.attributes
                0x00000000       0x36
 *(.ARM.attributes)
 .ARM.attributes
                0x00000000       0x26 C:/ST/STM32CubeIDE_2.1.1/STM32CubeIDE/plugins/com.st.stm32cube.ide.mcu.externaltools.gnu-tools-for-stm32.14.3.rel1.win32_1.0.100.202602081740/tools/bin/../lib/gcc/arm-none-eabi/14.3.1/thumb/v8-m.main+fp/hard/crti.o
 .ARM.attributes
                0x00000026       0x38 C:/ST/STM32CubeIDE_2.1.1/STM32CubeIDE/plugins/com.st.stm32cube.ide.mcu.externaltools.gnu-tools-for-stm32.14.3.rel1.win32_1.0.100.202602081740/tools/bin/../lib/gcc/arm-none-eabi/14.3.1/thumb/v8-m.main+fp/hard/crtbegin.o
 .ARM.attributes
                0x0000005e       0x3a ./Core/Src/adc.o
 .ARM.attributes
                0x00000098       0x3a ./Core/Src/gpdma.o
 .ARM.attributes
                0x000000d2       0x3a ./Core/Src/gpio.o
 .ARM.attributes
                0x0000010c       0x3a ./Core/Src/hspi.o
 .ARM.attributes
                0x00000146       0x3a ./Core/Src/i2c.o
 .ARM.attributes
                0x00000180       0x3a ./Core/Src/icache.o
 .ARM.attributes
                0x000001ba       0x3a ./Core/Src/main.o
 .ARM.attributes
                0x000001f4       0x3a ./Core/Src/octospi.o
 .ARM.attributes
                0x0000022e       0x3a ./Core/Src/sai.o
 .ARM.attributes
                0x00000268       0x3a ./Core/Src/sdmmc.o
 .ARM.attributes
                0x000002a2       0x3a ./Core/Src/stm32u5xx_hal_msp.o
 .ARM.attributes
                0x000002dc       0x3a ./Core/Src/stm32u5xx_it.o
 .ARM.attributes
                0x00000316       0x3a ./Core/Src/system_stm32u5xx.o
 .ARM.attributes
                0x00000350       0x3a ./Core/Src/usart.o
 .ARM.attributes
                0x0000038a       0x3a ./Core/Src/usb_otg.o
 .ARM.attributes
                0x000003c4       0x24 ./Core/Startup/startup_stm32u5a9njhxq.o
 .ARM.attributes
                0x000003e8       0x3a ./Drivers/STM32U5xx_HAL_Driver/Src/stm32u5xx_hal.o
 .ARM.attributes
                0x00000422       0x3a ./Drivers/STM32U5xx_HAL_Driver/Src/stm32u5xx_hal_adc.o
 .ARM.attributes
                0x0000045c       0x3a ./Drivers/STM32U5xx_HAL_Driver/Src/stm32u5xx_hal_cortex.o
 .ARM.attributes
                0x00000496       0x3a ./Drivers/STM32U5xx_HAL_Driver/Src/stm32u5xx_hal_dma.o
 .ARM.attributes
                0x000004d0       0x3a ./Drivers/STM32U5xx_HAL_Driver/Src/stm32u5xx_hal_dma_ex.o
 .ARM.attributes
                0x0000050a       0x3a ./Drivers/STM32U5xx_HAL_Driver/Src/stm32u5xx_hal_gpio.o
 .ARM.attributes
                0x00000544       0x3a ./Drivers/STM32U5xx_HAL_Driver/Src/stm32u5xx_hal_hcd.o
 .ARM.attributes
                0x0000057e       0x3a ./Drivers/STM32U5xx_HAL_Driver/Src/stm32u5xx_hal_i2c.o
 .ARM.attributes
                0x000005b8       0x3a ./Drivers/STM32U5xx_HAL_Driver/Src/stm32u5xx_hal_i2c_ex.o
 .ARM.attributes
                0x000005f2       0x3a ./Drivers/STM32U5xx_HAL_Driver/Src/stm32u5xx_hal_icache.o
 .ARM.attributes
                0x0000062c       0x3a ./Drivers/STM32U5xx_HAL_Driver/Src/stm32u5xx_hal_mmc.o
 .ARM.attributes
                0x00000666       0x3a ./Drivers/STM32U5xx_HAL_Driver/Src/stm32u5xx_hal_ospi.o
 .ARM.attributes
                0x000006a0       0x3a ./Drivers/STM32U5xx_HAL_Driver/Src/stm32u5xx_hal_pwr_ex.o
 .ARM.attributes
                0x000006da       0x3a ./Drivers/STM32U5xx_HAL_Driver/Src/stm32u5xx_hal_rcc.o
 .ARM.attributes
                0x00000714       0x3a ./Drivers/STM32U5xx_HAL_Driver/Src/stm32u5xx_hal_rcc_ex.o
 .ARM.attributes
                0x0000074e       0x3a ./Drivers/STM32U5xx_HAL_Driver/Src/stm32u5xx_hal_sai.o
 .ARM.attributes
                0x00000788       0x3a ./Drivers/STM32U5xx_HAL_Driver/Src/stm32u5xx_hal_uart.o
 .ARM.attributes
                0x000007c2       0x3a ./Drivers/STM32U5xx_HAL_Driver/Src/stm32u5xx_hal_uart_ex.o
 .ARM.attributes
                0x000007fc       0x3a ./Drivers/STM32U5xx_HAL_Driver/Src/stm32u5xx_hal_xspi.o
 .ARM.attributes
                0x00000836       0x3a ./Drivers/STM32U5xx_HAL_Driver/Src/stm32u5xx_ll_sdmmc.o
 .ARM.attributes
                0x00000870       0x3a ./Drivers/STM32U5xx_HAL_Driver/Src/stm32u5xx_ll_usb.o
 .ARM.attributes
                0x000008aa       0x38 C:/ST/STM32CubeIDE_2.1.1/STM32CubeIDE/plugins/com.st.stm32cube.ide.mcu.externaltools.gnu-tools-for-stm32.14.3.rel1.win32_1.0.100.202602081740/tools/bin/../lib/gcc/arm-none-eabi/14.3.1/../../../../arm-none-eabi/lib/thumb/v8-m.main+fp/hard\libc_nano.a(libc_a-memset.o)
 .ARM.attributes
                0x000008e2       0x38 C:/ST/STM32CubeIDE_2.1.1/STM32CubeIDE/plugins/com.st.stm32cube.ide.mcu.externaltools.gnu-tools-for-stm32.14.3.rel1.win32_1.0.100.202602081740/tools/bin/../lib/gcc/arm-none-eabi/14.3.1/../../../../arm-none-eabi/lib/thumb/v8-m.main+fp/hard\libc_nano.a(libc_a-init.o)
 .ARM.attributes
                0x0000091a       0x26 C:/ST/STM32CubeIDE_2.1.1/STM32CubeIDE/plugins/com.st.stm32cube.ide.mcu.externaltools.gnu-tools-for-stm32.14.3.rel1.win32_1.0.100.202602081740/tools/bin/../lib/gcc/arm-none-eabi/14.3.1/thumb/v8-m.main+fp/hard\libgcc.a(_aeabi_uldivmod.o)
 .ARM.attributes
                0x00000940       0x38 C:/ST/STM32CubeIDE_2.1.1/STM32CubeIDE/plugins/com.st.stm32cube.ide.mcu.externaltools.gnu-tools-for-stm32.14.3.rel1.win32_1.0.100.202602081740/tools/bin/../lib/gcc/arm-none-eabi/14.3.1/thumb/v8-m.main+fp/hard\libgcc.a(_udivmoddi4.o)
 .ARM.attributes
                0x00000978       0x26 C:/ST/STM32CubeIDE_2.1.1/STM32CubeIDE/plugins/com.st.stm32cube.ide.mcu.externaltools.gnu-tools-for-stm32.14.3.rel1.win32_1.0.100.202602081740/tools/bin/../lib/gcc/arm-none-eabi/14.3.1/thumb/v8-m.main+fp/hard\libgcc.a(_dvmd_tls.o)
 .ARM.attributes
                0x0000099e       0x26 C:/ST/STM32CubeIDE_2.1.1/STM32CubeIDE/plugins/com.st.stm32cube.ide.mcu.externaltools.gnu-tools-for-stm32.14.3.rel1.win32_1.0.100.202602081740/tools/bin/../lib/gcc/arm-none-eabi/14.3.1/thumb/v8-m.main+fp/hard/crtn.o
OUTPUT(MencobaUlang.elf elf32-littlearm)
LOAD linker stubs
LOAD C:/ST/STM32CubeIDE_2.1.1/STM32CubeIDE/plugins/com.st.stm32cube.ide.mcu.externaltools.gnu-tools-for-stm32.14.3.rel1.win32_1.0.100.202602081740/tools/bin/../lib/gcc/arm-none-eabi/14.3.1/../../../../arm-none-eabi/lib/thumb/v8-m.main+fp/hard\libc.a
LOAD C:/ST/STM32CubeIDE_2.1.1/STM32CubeIDE/plugins/com.st.stm32cube.ide.mcu.externaltools.gnu-tools-for-stm32.14.3.rel1.win32_1.0.100.202602081740/tools/bin/../lib/gcc/arm-none-eabi/14.3.1/../../../../arm-none-eabi/lib/thumb/v8-m.main+fp/hard\libm.a
LOAD C:/ST/STM32CubeIDE_2.1.1/STM32CubeIDE/plugins/com.st.stm32cube.ide.mcu.externaltools.gnu-tools-for-stm32.14.3.rel1.win32_1.0.100.202602081740/tools/bin/../lib/gcc/arm-none-eabi/14.3.1/thumb/v8-m.main+fp/hard\libgcc.a

.debug_info     0x00000000    0x2cc0f
 .debug_info    0x00000000     0x1499 ./Core/Src/adc.o
 .debug_info    0x00001499      0x7d7 ./Core/Src/gpdma.o
 .debug_info    0x00001c70      0x69d ./Core/Src/gpio.o
 .debug_info    0x0000230d     0x13d2 ./Core/Src/hspi.o
 .debug_info    0x000036df     0x120d ./Core/Src/i2c.o
 .debug_info    0x000048ec      0x114 ./Core/Src/icache.o
 .debug_info    0x00004a00     0x118a ./Core/Src/main.o
 .debug_info    0x00005b8a     0x147e ./Core/Src/octospi.o
 .debug_info    0x00007008     0x18bf ./Core/Src/sai.o
 .debug_info    0x000088c7      0xe92 ./Core/Src/sdmmc.o
 .debug_info    0x00009759      0x421 ./Core/Src/stm32u5xx_hal_msp.o
 .debug_info    0x00009b7a      0xd90 ./Core/Src/stm32u5xx_it.o
 .debug_info    0x0000a90a      0x929 ./Core/Src/system_stm32u5xx.o
 .debug_info    0x0000b233     0x16b6 ./Core/Src/usart.o
 .debug_info    0x0000c8e9      0xf58 ./Core/Src/usb_otg.o
 .debug_info    0x0000d841       0x30 ./Core/Startup/startup_stm32u5a9njhxq.o
 .debug_info    0x0000d871     0x14a6 ./Drivers/STM32U5xx_HAL_Driver/Src/stm32u5xx_hal.o
 .debug_info    0x0000ed17     0x2716 ./Drivers/STM32U5xx_HAL_Driver/Src/stm32u5xx_hal_adc.o
 .debug_info    0x0001142d     0x16a5 ./Drivers/STM32U5xx_HAL_Driver/Src/stm32u5xx_hal_cortex.o
 .debug_info    0x00012ad2      0xadc ./Drivers/STM32U5xx_HAL_Driver/Src/stm32u5xx_hal_dma.o
 .debug_info    0x000135ae     0x1905 ./Drivers/STM32U5xx_HAL_Driver/Src/stm32u5xx_hal_dma_ex.o
 .debug_info    0x00014eb3      0x859 ./Drivers/STM32U5xx_HAL_Driver/Src/stm32u5xx_hal_gpio.o
 .debug_info    0x0001570c     0x127f ./Drivers/STM32U5xx_HAL_Driver/Src/stm32u5xx_hal_hcd.o
 .debug_info    0x0001698b     0x232e ./Drivers/STM32U5xx_HAL_Driver/Src/stm32u5xx_hal_i2c.o
 .debug_info    0x00018cb9      0x9ff ./Drivers/STM32U5xx_HAL_Driver/Src/stm32u5xx_hal_i2c_ex.o
 .debug_info    0x000196b8      0x4d6 ./Drivers/STM32U5xx_HAL_Driver/Src/stm32u5xx_hal_icache.o
 .debug_info    0x00019b8e     0x2248 ./Drivers/STM32U5xx_HAL_Driver/Src/stm32u5xx_hal_mmc.o
 .debug_info    0x0001bdd6     0x1cbb ./Drivers/STM32U5xx_HAL_Driver/Src/stm32u5xx_hal_ospi.o
 .debug_info    0x0001da91      0xf0c ./Drivers/STM32U5xx_HAL_Driver/Src/stm32u5xx_hal_pwr_ex.o
 .debug_info    0x0001e99d     0x12b0 ./Drivers/STM32U5xx_HAL_Driver/Src/stm32u5xx_hal_rcc.o
 .debug_info    0x0001fc4d     0x162c ./Drivers/STM32U5xx_HAL_Driver/Src/stm32u5xx_hal_rcc_ex.o
 .debug_info    0x00021279     0x1508 ./Drivers/STM32U5xx_HAL_Driver/Src/stm32u5xx_hal_sai.o
 .debug_info    0x00022781     0x45a4 ./Drivers/STM32U5xx_HAL_Driver/Src/stm32u5xx_hal_uart.o
 .debug_info    0x00026d25     0x11ef ./Drivers/STM32U5xx_HAL_Driver/Src/stm32u5xx_hal_uart_ex.o
 .debug_info    0x00027f14     0x1ee3 ./Drivers/STM32U5xx_HAL_Driver/Src/stm32u5xx_hal_xspi.o
 .debug_info    0x00029df7     0x16a4 ./Drivers/STM32U5xx_HAL_Driver/Src/stm32u5xx_ll_sdmmc.o
 .debug_info    0x0002b49b     0x1774 ./Drivers/STM32U5xx_HAL_Driver/Src/stm32u5xx_ll_usb.o

.debug_abbrev   0x00000000     0x5035
 .debug_abbrev  0x00000000      0x216 ./Core/Src/adc.o
 .debug_abbrev  0x00000216      0x121 ./Core/Src/gpdma.o
 .debug_abbrev  0x00000337      0x179 ./Core/Src/gpio.o
 .debug_abbrev  0x000004b0      0x22a ./Core/Src/hspi.o
 .debug_abbrev  0x000006da      0x242 ./Core/Src/i2c.o
 .debug_abbrev  0x0000091c       0xb6 ./Core/Src/icache.o
 .debug_abbrev  0x000009d2      0x27f ./Core/Src/main.o
 .debug_abbrev  0x00000c51      0x22a ./Core/Src/octospi.o
 .debug_abbrev  0x00000e7b      0x22d ./Core/Src/sai.o
 .debug_abbrev  0x000010a8      0x205 ./Core/Src/sdmmc.o
 .debug_abbrev  0x000012ad       0xf3 ./Core/Src/stm32u5xx_hal_msp.o
 .debug_abbrev  0x000013a0      0x18d ./Core/Src/stm32u5xx_it.o
 .debug_abbrev  0x0000152d      0x129 ./Core/Src/system_stm32u5xx.o
 .debug_abbrev  0x00001656      0x230 ./Core/Src/usart.o
 .debug_abbrev  0x00001886      0x265 ./Core/Src/usb_otg.o
 .debug_abbrev  0x00001aeb       0x24 ./Core/Startup/startup_stm32u5a9njhxq.o
 .debug_abbrev  0x00001b0f      0x2a4 ./Drivers/STM32U5xx_HAL_Driver/Src/stm32u5xx_hal.o
 .debug_abbrev  0x00001db3      0x2cc ./Drivers/STM32U5xx_HAL_Driver/Src/stm32u5xx_hal_adc.o
 .debug_abbrev  0x0000207f      0x327 ./Drivers/STM32U5xx_HAL_Driver/Src/stm32u5xx_hal_cortex.o
 .debug_abbrev  0x000023a6      0x1ff ./Drivers/STM32U5xx_HAL_Driver/Src/stm32u5xx_hal_dma.o
 .debug_abbrev  0x000025a5      0x21c ./Drivers/STM32U5xx_HAL_Driver/Src/stm32u5xx_hal_dma_ex.o
 .debug_abbrev  0x000027c1      0x25a ./Drivers/STM32U5xx_HAL_Driver/Src/stm32u5xx_hal_gpio.o
 .debug_abbrev  0x00002a1b      0x293 ./Drivers/STM32U5xx_HAL_Driver/Src/stm32u5xx_hal_hcd.o
 .debug_abbrev  0x00002cae      0x271 ./Drivers/STM32U5xx_HAL_Driver/Src/stm32u5xx_hal_i2c.o
 .debug_abbrev  0x00002f1f      0x1c0 ./Drivers/STM32U5xx_HAL_Driver/Src/stm32u5xx_hal_i2c_ex.o
 .debug_abbrev  0x000030df      0x228 ./Drivers/STM32U5xx_HAL_Driver/Src/stm32u5xx_hal_icache.o
 .debug_abbrev  0x00003307      0x2c2 ./Drivers/STM32U5xx_HAL_Driver/Src/stm32u5xx_hal_mmc.o
 .debug_abbrev  0x000035c9      0x314 ./Drivers/STM32U5xx_HAL_Driver/Src/stm32u5xx_hal_ospi.o
 .debug_abbrev  0x000038dd      0x243 ./Drivers/STM32U5xx_HAL_Driver/Src/stm32u5xx_hal_pwr_ex.o
 .debug_abbrev  0x00003b20      0x2cb ./Drivers/STM32U5xx_HAL_Driver/Src/stm32u5xx_hal_rcc.o
 .debug_abbrev  0x00003deb      0x23d ./Drivers/STM32U5xx_HAL_Driver/Src/stm32u5xx_hal_rcc_ex.o
 .debug_abbrev  0x00004028      0x28d ./Drivers/STM32U5xx_HAL_Driver/Src/stm32u5xx_hal_sai.o
 .debug_abbrev  0x000042b5      0x305 ./Drivers/STM32U5xx_HAL_Driver/Src/stm32u5xx_hal_uart.o
 .debug_abbrev  0x000045ba      0x2d4 ./Drivers/STM32U5xx_HAL_Driver/Src/stm32u5xx_hal_uart_ex.o
 .debug_abbrev  0x0000488e      0x302 ./Drivers/STM32U5xx_HAL_Driver/Src/stm32u5xx_hal_xspi.o
 .debug_abbrev  0x00004b90      0x1f4 ./Drivers/STM32U5xx_HAL_Driver/Src/stm32u5xx_ll_sdmmc.o
 .debug_abbrev  0x00004d84      0x2b1 ./Drivers/STM32U5xx_HAL_Driver/Src/stm32u5xx_ll_usb.o

.debug_aranges  0x00000000     0x2130
 .debug_aranges
                0x00000000       0x30 ./Core/Src/adc.o
 .debug_aranges
                0x00000030       0x20 ./Core/Src/gpdma.o
 .debug_aranges
                0x00000050       0x20 ./Core/Src/gpio.o
 .debug_aranges
                0x00000070       0x30 ./Core/Src/hspi.o
 .debug_aranges
                0x000000a0       0x38 ./Core/Src/i2c.o
 .debug_aranges
                0x000000d8       0x20 ./Core/Src/icache.o
 .debug_aranges
                0x000000f8       0x60 ./Core/Src/main.o
 .debug_aranges
                0x00000158       0x30 ./Core/Src/octospi.o
 .debug_aranges
                0x00000188       0x30 ./Core/Src/sai.o
 .debug_aranges
                0x000001b8       0x30 ./Core/Src/sdmmc.o
 .debug_aranges
                0x000001e8       0x20 ./Core/Src/stm32u5xx_hal_msp.o
 .debug_aranges
                0x00000208       0x80 ./Core/Src/stm32u5xx_it.o
 .debug_aranges
                0x00000288       0x28 ./Core/Src/system_stm32u5xx.o
 .debug_aranges
                0x000002b0       0x30 ./Core/Src/usart.o
 .debug_aranges
                0x000002e0       0x30 ./Core/Src/usb_otg.o
 .debug_aranges
                0x00000310       0x28 ./Core/Startup/startup_stm32u5a9njhxq.o
 .debug_aranges
                0x00000338      0x1a8 ./Drivers/STM32U5xx_HAL_Driver/Src/stm32u5xx_hal.o
 .debug_aranges
                0x000004e0      0x280 ./Drivers/STM32U5xx_HAL_Driver/Src/stm32u5xx_hal_adc.o
 .debug_aranges
                0x00000760      0x140 ./Drivers/STM32U5xx_HAL_Driver/Src/stm32u5xx_hal_cortex.o
 .debug_aranges
                0x000008a0       0xa0 ./Drivers/STM32U5xx_HAL_Driver/Src/stm32u5xx_hal_dma.o
 .debug_aranges
                0x00000940      0x1a0 ./Drivers/STM32U5xx_HAL_Driver/Src/stm32u5xx_hal_dma_ex.o
 .debug_aranges
                0x00000ae0       0x78 ./Drivers/STM32U5xx_HAL_Driver/Src/stm32u5xx_hal_gpio.o
 .debug_aranges
                0x00000b58      0x108 ./Drivers/STM32U5xx_HAL_Driver/Src/stm32u5xx_hal_hcd.o
 .debug_aranges
                0x00000c60      0x2a0 ./Drivers/STM32U5xx_HAL_Driver/Src/stm32u5xx_hal_i2c.o
 .debug_aranges
                0x00000f00       0x58 ./Drivers/STM32U5xx_HAL_Driver/Src/stm32u5xx_hal_i2c_ex.o
 .debug_aranges
                0x00000f58       0xa8 ./Drivers/STM32U5xx_HAL_Driver/Src/stm32u5xx_hal_icache.o
 .debug_aranges
                0x00001000      0x1b0 ./Drivers/STM32U5xx_HAL_Driver/Src/stm32u5xx_hal_mmc.o
 .debug_aranges
                0x000011b0      0x198 ./Drivers/STM32U5xx_HAL_Driver/Src/stm32u5xx_hal_ospi.o
 .debug_aranges
                0x00001348      0x230 ./Drivers/STM32U5xx_HAL_Driver/Src/stm32u5xx_hal_pwr_ex.o
 .debug_aranges
                0x00001578       0xa8 ./Drivers/STM32U5xx_HAL_Driver/Src/stm32u5xx_hal_rcc.o
 .debug_aranges
                0x00001620      0x160 ./Drivers/STM32U5xx_HAL_Driver/Src/stm32u5xx_hal_rcc_ex.o
 .debug_aranges
                0x00001780      0x178 ./Drivers/STM32U5xx_HAL_Driver/Src/stm32u5xx_hal_sai.o
 .debug_aranges
                0x000018f8      0x248 ./Drivers/STM32U5xx_HAL_Driver/Src/stm32u5xx_hal_uart.o
 .debug_aranges
                0x00001b40       0xb8 ./Drivers/STM32U5xx_HAL_Driver/Src/stm32u5xx_hal_uart_ex.o
 .debug_aranges
                0x00001bf8      0x1c8 ./Drivers/STM32U5xx_HAL_Driver/Src/stm32u5xx_hal_xspi.o
 .debug_aranges
                0x00001dc0      0x208 ./Drivers/STM32U5xx_HAL_Driver/Src/stm32u5xx_ll_sdmmc.o
 .debug_aranges
                0x00001fc8      0x168 ./Drivers/STM32U5xx_HAL_Driver/Src/stm32u5xx_ll_usb.o

.debug_rnglists
                0x00000000     0x19c1
 .debug_rnglists
                0x00000000       0x21 ./Core/Src/adc.o
 .debug_rnglists
                0x00000021       0x13 ./Core/Src/gpdma.o
 .debug_rnglists
                0x00000034       0x14 ./Core/Src/gpio.o
 .debug_rnglists
                0x00000048       0x20 ./Core/Src/hspi.o
 .debug_rnglists
                0x00000068       0x28 ./Core/Src/i2c.o
 .debug_rnglists
                0x00000090       0x13 ./Core/Src/icache.o
 .debug_rnglists
                0x000000a3       0x46 ./Core/Src/main.o
 .debug_rnglists
                0x000000e9       0x21 ./Core/Src/octospi.o
 .debug_rnglists
                0x0000010a       0x20 ./Core/Src/sai.o
 .debug_rnglists
                0x0000012a       0x20 ./Core/Src/sdmmc.o
 .debug_rnglists
                0x0000014a       0x13 ./Core/Src/stm32u5xx_hal_msp.o
 .debug_rnglists
                0x0000015d       0x5b ./Core/Src/stm32u5xx_it.o
 .debug_rnglists
                0x000001b8       0x1a ./Core/Src/system_stm32u5xx.o
 .debug_rnglists
                0x000001d2       0x21 ./Core/Src/usart.o
 .debug_rnglists
                0x000001f3       0x20 ./Core/Src/usb_otg.o
 .debug_rnglists
                0x00000213       0x19 ./Core/Startup/startup_stm32u5a9njhxq.o
 .debug_rnglists
                0x0000022c      0x13b ./Drivers/STM32U5xx_HAL_Driver/Src/stm32u5xx_hal.o
 .debug_rnglists
                0x00000367      0x1ee ./Drivers/STM32U5xx_HAL_Driver/Src/stm32u5xx_hal_adc.o
 .debug_rnglists
                0x00000555       0xec ./Drivers/STM32U5xx_HAL_Driver/Src/stm32u5xx_hal_cortex.o
 .debug_rnglists
                0x00000641       0x7e ./Drivers/STM32U5xx_HAL_Driver/Src/stm32u5xx_hal_dma.o
 .debug_rnglists
                0x000006bf      0x155 ./Drivers/STM32U5xx_HAL_Driver/Src/stm32u5xx_hal_dma_ex.o
 .debug_rnglists
                0x00000814       0x5a ./Drivers/STM32U5xx_HAL_Driver/Src/stm32u5xx_hal_gpio.o
 .debug_rnglists
                0x0000086e       0xca ./Drivers/STM32U5xx_HAL_Driver/Src/stm32u5xx_hal_hcd.o
 .debug_rnglists
                0x00000938      0x228 ./Drivers/STM32U5xx_HAL_Driver/Src/stm32u5xx_hal_i2c.o
 .debug_rnglists
                0x00000b60       0x43 ./Drivers/STM32U5xx_HAL_Driver/Src/stm32u5xx_hal_i2c_ex.o
 .debug_rnglists
                0x00000ba3       0x7a ./Drivers/STM32U5xx_HAL_Driver/Src/stm32u5xx_hal_icache.o
 .debug_rnglists
                0x00000c1d      0x160 ./Drivers/STM32U5xx_HAL_Driver/Src/stm32u5xx_hal_mmc.o
 .debug_rnglists
                0x00000d7d      0x142 ./Drivers/STM32U5xx_HAL_Driver/Src/stm32u5xx_hal_ospi.o
 .debug_rnglists
                0x00000ebf      0x1aa ./Drivers/STM32U5xx_HAL_Driver/Src/stm32u5xx_hal_pwr_ex.o
 .debug_rnglists
                0x00001069       0x7f ./Drivers/STM32U5xx_HAL_Driver/Src/stm32u5xx_hal_rcc.o
 .debug_rnglists
                0x000010e8      0x113 ./Drivers/STM32U5xx_HAL_Driver/Src/stm32u5xx_hal_rcc_ex.o
 .debug_rnglists
                0x000011fb      0x136 ./Drivers/STM32U5xx_HAL_Driver/Src/stm32u5xx_hal_sai.o
 .debug_rnglists
                0x00001331      0x1fc ./Drivers/STM32U5xx_HAL_Driver/Src/stm32u5xx_hal_uart.o
 .debug_rnglists
                0x0000152d       0x8c ./Drivers/STM32U5xx_HAL_Driver/Src/stm32u5xx_hal_uart_ex.o
 .debug_rnglists
                0x000015b9      0x16a ./Drivers/STM32U5xx_HAL_Driver/Src/stm32u5xx_hal_xspi.o
 .debug_rnglists
                0x00001723      0x18a ./Drivers/STM32U5xx_HAL_Driver/Src/stm32u5xx_ll_sdmmc.o
 .debug_rnglists
                0x000018ad      0x114 ./Drivers/STM32U5xx_HAL_Driver/Src/stm32u5xx_ll_usb.o

.debug_macro    0x00000000    0x450ae
 .debug_macro   0x00000000      0x335 ./Core/Src/adc.o
 .debug_macro   0x00000335      0xade ./Core/Src/adc.o
 .debug_macro   0x00000e13      0x225 ./Core/Src/adc.o
 .debug_macro   0x00001038       0x2e ./Core/Src/adc.o
 .debug_macro   0x00001066       0x42 ./Core/Src/adc.o
 .debug_macro   0x000010a8       0x22 ./Core/Src/adc.o
 .debug_macro   0x000010ca       0x8e ./Core/Src/adc.o
 .debug_macro   0x00001158       0x51 ./Core/Src/adc.o
 .debug_macro   0x000011a9      0x103 ./Core/Src/adc.o
 .debug_macro   0x000012ac       0x6a ./Core/Src/adc.o
 .debug_macro   0x00001316      0x1df ./Core/Src/adc.o
 .debug_macro   0x000014f5       0x1c ./Core/Src/adc.o
 .debug_macro   0x00001511       0x29 ./Core/Src/adc.o
 .debug_macro   0x0000153a       0xfb ./Core/Src/adc.o
 .debug_macro   0x00001635     0x1685 ./Core/Src/adc.o
 .debug_macro   0x00002cba       0x5e ./Core/Src/adc.o
 .debug_macro   0x00002d18    0x2c8e3 ./Core/Src/adc.o
 .debug_macro   0x0002f5fb       0x6d ./Core/Src/adc.o
 .debug_macro   0x0002f668     0x393e ./Core/Src/adc.o
 .debug_macro   0x00032fa6      0x190 ./Core/Src/adc.o
 .debug_macro   0x00033136       0x61 ./Core/Src/adc.o
 .debug_macro   0x00033197       0x2a ./Core/Src/adc.o
 .debug_macro   0x000331c1       0x43 ./Core/Src/adc.o
 .debug_macro   0x00033204       0x34 ./Core/Src/adc.o
 .debug_macro   0x00033238      0x364 ./Core/Src/adc.o
 .debug_macro   0x0003359c       0x16 ./Core/Src/adc.o
 .debug_macro   0x000335b2       0x4a ./Core/Src/adc.o
 .debug_macro   0x000335fc       0x34 ./Core/Src/adc.o
 .debug_macro   0x00033630       0x10 ./Core/Src/adc.o
 .debug_macro   0x00033640       0x58 ./Core/Src/adc.o
 .debug_macro   0x00033698       0x8e ./Core/Src/adc.o
 .debug_macro   0x00033726       0x1c ./Core/Src/adc.o
 .debug_macro   0x00033742      0x17e ./Core/Src/adc.o
 .debug_macro   0x000338c0      0x19b ./Core/Src/adc.o
 .debug_macro   0x00033a5b       0x5d ./Core/Src/adc.o
 .debug_macro   0x00033ab8     0x1e2d ./Core/Src/adc.o
 .debug_macro   0x000358e5      0x948 ./Core/Src/adc.o
 .debug_macro   0x0003622d      0x166 ./Core/Src/adc.o
 .debug_macro   0x00036393      0x2f4 ./Core/Src/adc.o
 .debug_macro   0x00036687       0xc9 ./Core/Src/adc.o
 .debug_macro   0x00036750      0x5eb ./Core/Src/adc.o
 .debug_macro   0x00036d3b      0x494 ./Core/Src/adc.o
 .debug_macro   0x000371cf       0xd6 ./Core/Src/adc.o
 .debug_macro   0x000372a5      0x1cd ./Core/Src/adc.o
 .debug_macro   0x00037472     0x1503 ./Core/Src/adc.o
 .debug_macro   0x00038975      0x957 ./Core/Src/adc.o
 .debug_macro   0x000392cc      0x3c9 ./Core/Src/adc.o
 .debug_macro   0x00039695      0x432 ./Core/Src/adc.o
 .debug_macro   0x00039ac7       0x95 ./Core/Src/adc.o
 .debug_macro   0x00039b5c      0x11c ./Core/Src/adc.o
 .debug_macro   0x00039c78      0xa0c ./Core/Src/adc.o
 .debug_macro   0x0003a684      0x296 ./Core/Src/adc.o
 .debug_macro   0x0003a91a       0x28 ./Core/Src/adc.o
 .debug_macro   0x0003a942       0x12 ./Core/Src/adc.o
 .debug_macro   0x0003a954      0x23a ./Core/Src/adc.o
 .debug_macro   0x0003ab8e      0x123 ./Core/Src/adc.o
 .debug_macro   0x0003acb1       0xa5 ./Core/Src/adc.o
 .debug_macro   0x0003ad56      0x52c ./Core/Src/adc.o
 .debug_macro   0x0003b282      0x5d5 ./Core/Src/adc.o
 .debug_macro   0x0003b857       0x1c ./Core/Src/adc.o
 .debug_macro   0x0003b873      0x520 ./Core/Src/adc.o
 .debug_macro   0x0003bd93      0x3ad ./Core/Src/adc.o
 .debug_macro   0x0003c140       0x10 ./Core/Src/adc.o
 .debug_macro   0x0003c150       0xe4 ./Core/Src/adc.o
 .debug_macro   0x0003c234      0x677 ./Core/Src/adc.o
 .debug_macro   0x0003c8ab      0x1a1 ./Core/Src/adc.o
 .debug_macro   0x0003ca4c      0x2b6 ./Core/Src/adc.o
 .debug_macro   0x0003cd02       0xa5 ./Core/Src/adc.o
 .debug_macro   0x0003cda7      0x1d3 ./Core/Src/adc.o
 .debug_macro   0x0003cf7a      0x779 ./Core/Src/adc.o
 .debug_macro   0x0003d6f3      0x448 ./Core/Src/adc.o
 .debug_macro   0x0003db3b       0xd0 ./Core/Src/adc.o
 .debug_macro   0x0003dc0b      0x335 ./Core/Src/gpdma.o
 .debug_macro   0x0003df40      0x335 ./Core/Src/gpio.o
 .debug_macro   0x0003e275      0x335 ./Core/Src/hspi.o
 .debug_macro   0x0003e5aa      0x335 ./Core/Src/i2c.o
 .debug_macro   0x0003e8df      0x335 ./Core/Src/icache.o
 .debug_macro   0x0003ec14      0x3df ./Core/Src/main.o
 .debug_macro   0x0003eff3       0x16 ./Core/Src/main.o
 .debug_macro   0x0003f009       0x3c ./Core/Src/main.o
 .debug_macro   0x0003f045       0x20 ./Core/Src/main.o
 .debug_macro   0x0003f065      0x335 ./Core/Src/octospi.o
 .debug_macro   0x0003f39a      0x335 ./Core/Src/sai.o
 .debug_macro   0x0003f6cf      0x335 ./Core/Src/sdmmc.o
 .debug_macro   0x0003fa04      0x32b ./Core/Src/stm32u5xx_hal_msp.o
 .debug_macro   0x0003fd2f      0x335 ./Core/Src/stm32u5xx_it.o
 .debug_macro   0x00040064      0x323 ./Core/Src/system_stm32u5xx.o
 .debug_macro   0x00040387      0x335 ./Core/Src/usart.o
 .debug_macro   0x000406bc      0x335 ./Core/Src/usb_otg.o
 .debug_macro   0x000409f1      0x340 ./Drivers/STM32U5xx_HAL_Driver/Src/stm32u5xx_hal.o
 .debug_macro   0x00040d31      0x340 ./Drivers/STM32U5xx_HAL_Driver/Src/stm32u5xx_hal_adc.o
 .debug_macro   0x00041071      0x31c ./Drivers/STM32U5xx_HAL_Driver/Src/stm32u5xx_hal_cortex.o
 .debug_macro   0x0004138d      0x31d ./Drivers/STM32U5xx_HAL_Driver/Src/stm32u5xx_hal_dma.o
 .debug_macro   0x000416aa      0x31d ./Drivers/STM32U5xx_HAL_Driver/Src/stm32u5xx_hal_dma_ex.o
 .debug_macro   0x000419c7      0x351 ./Drivers/STM32U5xx_HAL_Driver/Src/stm32u5xx_hal_gpio.o
 .debug_macro   0x00041d18      0x31c ./Drivers/STM32U5xx_HAL_Driver/Src/stm32u5xx_hal_hcd.o
 .debug_macro   0x00042034      0x3e8 ./Drivers/STM32U5xx_HAL_Driver/Src/stm32u5xx_hal_i2c.o
 .debug_macro   0x0004241c      0x31c ./Drivers/STM32U5xx_HAL_Driver/Src/stm32u5xx_hal_i2c_ex.o
 .debug_macro   0x00042738      0x34e ./Drivers/STM32U5xx_HAL_Driver/Src/stm32u5xx_hal_icache.o
 .debug_macro   0x00042a86      0x394 ./Drivers/STM32U5xx_HAL_Driver/Src/stm32u5xx_hal_mmc.o
 .debug_macro   0x00042e1a      0x363 ./Drivers/STM32U5xx_HAL_Driver/Src/stm32u5xx_hal_ospi.o
 .debug_macro   0x0004317d      0x34e ./Drivers/STM32U5xx_HAL_Driver/Src/stm32u5xx_hal_pwr_ex.o
 .debug_macro   0x000434cb      0x422 ./Drivers/STM32U5xx_HAL_Driver/Src/stm32u5xx_hal_rcc.o
 .debug_macro   0x000438ed      0x47d ./Drivers/STM32U5xx_HAL_Driver/Src/stm32u5xx_hal_rcc_ex.o
 .debug_macro   0x00043d6a      0x339 ./Drivers/STM32U5xx_HAL_Driver/Src/stm32u5xx_hal_sai.o
 .debug_macro   0x000440a3      0x347 ./Drivers/STM32U5xx_HAL_Driver/Src/stm32u5xx_hal_uart.o
 .debug_macro   0x000443ea      0x328 ./Drivers/STM32U5xx_HAL_Driver/Src/stm32u5xx_hal_uart_ex.o
 .debug_macro   0x00044712      0x363 ./Drivers/STM32U5xx_HAL_Driver/Src/stm32u5xx_hal_xspi.o
 .debug_macro   0x00044a75      0x31d ./Drivers/STM32U5xx_HAL_Driver/Src/stm32u5xx_ll_sdmmc.o
 .debug_macro   0x00044d92      0x31c ./Drivers/STM32U5xx_HAL_Driver/Src/stm32u5xx_ll_usb.o

.debug_line     0x00000000    0x307fb
 .debug_line    0x00000000      0xa8f ./Core/Src/adc.o
 .debug_line    0x00000a8f      0x9d4 ./Core/Src/gpdma.o
 .debug_line    0x00001463      0xa36 ./Core/Src/gpio.o
 .debug_line    0x00001e99      0xa8b ./Core/Src/hspi.o
 .debug_line    0x00002924      0xb11 ./Core/Src/i2c.o
 .debug_line    0x00003435      0x9e7 ./Core/Src/icache.o
 .debug_line    0x00003e1c      0xc3c ./Core/Src/main.o
 .debug_line    0x00004a58      0xad2 ./Core/Src/octospi.o
 .debug_line    0x0000552a      0xb29 ./Core/Src/sai.o
 .debug_line    0x00006053      0xa79 ./Core/Src/sdmmc.o
 .debug_line    0x00006acc      0x9d0 ./Core/Src/stm32u5xx_hal_msp.o
 .debug_line    0x0000749c      0xadd ./Core/Src/stm32u5xx_it.o
 .debug_line    0x00007f79      0xad2 ./Core/Src/system_stm32u5xx.o
 .debug_line    0x00008a4b      0xad4 ./Core/Src/usart.o
 .debug_line    0x0000951f      0xa4e ./Core/Src/usb_otg.o
 .debug_line    0x00009f6d       0x79 ./Core/Startup/startup_stm32u5a9njhxq.o
 .debug_line    0x00009fe6      0xf9a ./Drivers/STM32U5xx_HAL_Driver/Src/stm32u5xx_hal.o
 .debug_line    0x0000af80     0x2c3e ./Drivers/STM32U5xx_HAL_Driver/Src/stm32u5xx_hal_adc.o
 .debug_line    0x0000dbbe     0x1021 ./Drivers/STM32U5xx_HAL_Driver/Src/stm32u5xx_hal_cortex.o
 .debug_line    0x0000ebdf     0x1460 ./Drivers/STM32U5xx_HAL_Driver/Src/stm32u5xx_hal_dma.o
 .debug_line    0x0001003f     0x28dc ./Drivers/STM32U5xx_HAL_Driver/Src/stm32u5xx_hal_dma_ex.o
 .debug_line    0x0001291b      0xf80 ./Drivers/STM32U5xx_HAL_Driver/Src/stm32u5xx_hal_gpio.o
 .debug_line    0x0001389b     0x18ce ./Drivers/STM32U5xx_HAL_Driver/Src/stm32u5xx_hal_hcd.o
 .debug_line    0x00015169     0x3d24 ./Drivers/STM32U5xx_HAL_Driver/Src/stm32u5xx_hal_i2c.o
 .debug_line    0x00018e8d      0xc1e ./Drivers/STM32U5xx_HAL_Driver/Src/stm32u5xx_hal_i2c_ex.o
 .debug_line    0x00019aab      0xcc1 ./Drivers/STM32U5xx_HAL_Driver/Src/stm32u5xx_hal_icache.o
 .debug_line    0x0001a76c     0x36e9 ./Drivers/STM32U5xx_HAL_Driver/Src/stm32u5xx_hal_mmc.o
 .debug_line    0x0001de55     0x1d02 ./Drivers/STM32U5xx_HAL_Driver/Src/stm32u5xx_hal_ospi.o
 .debug_line    0x0001fb57     0x1469 ./Drivers/STM32U5xx_HAL_Driver/Src/stm32u5xx_hal_pwr_ex.o
 .debug_line    0x00020fc0     0x185e ./Drivers/STM32U5xx_HAL_Driver/Src/stm32u5xx_hal_rcc.o
 .debug_line    0x0002281e     0x2726 ./Drivers/STM32U5xx_HAL_Driver/Src/stm32u5xx_hal_rcc_ex.o
 .debug_line    0x00024f44     0x1f18 ./Drivers/STM32U5xx_HAL_Driver/Src/stm32u5xx_hal_sai.o
 .debug_line    0x00026e5c     0x38df ./Drivers/STM32U5xx_HAL_Driver/Src/stm32u5xx_hal_uart.o
 .debug_line    0x0002a73b     0x1002 ./Drivers/STM32U5xx_HAL_Driver/Src/stm32u5xx_hal_uart_ex.o
 .debug_line    0x0002b73d     0x20fe ./Drivers/STM32U5xx_HAL_Driver/Src/stm32u5xx_hal_xspi.o
 .debug_line    0x0002d83b     0x15c8 ./Drivers/STM32U5xx_HAL_Driver/Src/stm32u5xx_ll_sdmmc.o
 .debug_line    0x0002ee03     0x19f8 ./Drivers/STM32U5xx_HAL_Driver/Src/stm32u5xx_ll_usb.o

.debug_str      0x00000000   0x1a121d
 .debug_str     0x00000000   0x1a121d ./Core/Src/adc.o
                             0x1938ea (size before relaxing)
 .debug_str     0x001a121d   0x19344c ./Core/Src/gpdma.o
 .debug_str     0x001a121d   0x192d13 ./Core/Src/gpio.o
 .debug_str     0x001a121d   0x19373f ./Core/Src/hspi.o
 .debug_str     0x001a121d   0x1937c7 ./Core/Src/i2c.o
 .debug_str     0x001a121d   0x192a87 ./Core/Src/icache.o
 .debug_str     0x001a121d   0x19390b ./Core/Src/main.o
 .debug_str     0x001a121d   0x1937a2 ./Core/Src/octospi.o
 .debug_str     0x001a121d   0x194278 ./Core/Src/sai.o
 .debug_str     0x001a121d   0x193428 ./Core/Src/sdmmc.o
 .debug_str     0x001a121d   0x192c85 ./Core/Src/stm32u5xx_hal_msp.o
 .debug_str     0x001a121d   0x19349a ./Core/Src/stm32u5xx_it.o
 .debug_str     0x001a121d   0x192a7b ./Core/Src/system_stm32u5xx.o
 .debug_str     0x001a121d   0x194031 ./Core/Src/usart.o
 .debug_str     0x001a121d   0x19364c ./Core/Src/usb_otg.o
 .debug_str     0x001a121d       0x89 ./Core/Startup/startup_stm32u5a9njhxq.o
 .debug_str     0x001a121d   0x193ca1 ./Drivers/STM32U5xx_HAL_Driver/Src/stm32u5xx_hal.o
 .debug_str     0x001a121d   0x193dca ./Drivers/STM32U5xx_HAL_Driver/Src/stm32u5xx_hal_adc.o
 .debug_str     0x001a121d   0x193795 ./Drivers/STM32U5xx_HAL_Driver/Src/stm32u5xx_hal_cortex.o
 .debug_str     0x001a121d   0x192dff ./Drivers/STM32U5xx_HAL_Driver/Src/stm32u5xx_hal_dma.o
 .debug_str     0x001a121d   0x19346b ./Drivers/STM32U5xx_HAL_Driver/Src/stm32u5xx_hal_dma_ex.o
 .debug_str     0x001a121d   0x192aa0 ./Drivers/STM32U5xx_HAL_Driver/Src/stm32u5xx_hal_gpio.o
 .debug_str     0x001a121d   0x1931a9 ./Drivers/STM32U5xx_HAL_Driver/Src/stm32u5xx_hal_hcd.o
 .debug_str     0x001a121d   0x193cc9 ./Drivers/STM32U5xx_HAL_Driver/Src/stm32u5xx_hal_i2c.o
 .debug_str     0x001a121d   0x192eb1 ./Drivers/STM32U5xx_HAL_Driver/Src/stm32u5xx_hal_i2c_ex.o