../Core/Src/main.c:287:13:ExtractAndSendHalfBuffer.constprop	8	static,ignoring_inline_asm
../Core/Src/main.c:181:6:SystemClock_Config	128	static,ignoring_inline_asm
../Core/Src/main.c:100:5:main	8	static,ignoring_inline_asm
../Core/Src/main.c:329:6:HAL_SAI_RxHalfCpltCallback	0	static
../Core/Src/main.c:344:6:HAL_SAI_RxCpltCallback	0	static
../Core/Src/main.c:358:6:HAL_UART_TxCpltCallback	0	static
../Core/Src/main.c:372:6:HAL_SAI_ErrorCallback	0	static,ignoring_inline_asm
../Core/Src/main.c:388:6:Error_Handler	0	static,ignoring_inline_asm
