../Drivers/STM32U5xx_HAL_Driver/Src/stm32u5xx_hal_xspi.c:3468:13:XSPI_DMACplt	0	static
../Drivers/STM32U5xx_HAL_Driver/Src/stm32u5xx_hal_xspi.c:3626:26:XSPI_ConfigCmd	28	static
../Drivers/STM32U5xx_HAL_Driver/Src/stm32u5xx_hal_xspi.c:3599:26:XSPI_WaitFlagStateUntilTimeout	24	static
../Drivers/STM32U5xx_HAL_Driver/Src/stm32u5xx_hal_xspi.c:519:13:HAL_XSPI_MspInit	0	static
../Drivers/STM32U5xx_HAL_Driver/Src/stm32u5xx_hal_xspi.c:354:19:HAL_XSPI_Init	24	static
../Drivers/STM32U5xx_HAL_Driver/Src/stm32u5xx_hal_xspi.c:577:13:HAL_XSPI_MspDeInit	0	static
../Drivers/STM32U5xx_HAL_Driver/Src/stm32u5xx_hal_xspi.c:534:19:HAL_XSPI_DeInit	8	static
../Drivers/STM32U5xx_HAL_Driver/Src/stm32u5xx_hal_xspi.c:857:19:HAL_XSPI_Command	32	static
../Drivers/STM32U5xx_HAL_Driver/Src/stm32u5xx_hal_xspi.c:1022:19:HAL_XSPI_Command_IT	24	static
../Drivers/STM32U5xx_HAL_Driver/Src/stm32u5xx_hal_xspi.c:1143:19:HAL_XSPI_HyperbusCfg	24	static
../Drivers/STM32U5xx_HAL_Driver/Src/stm32u5xx_hal_xspi.c:1194:19:HAL_XSPI_HyperbusCmd	32	static
../Drivers/STM32U5xx_HAL_Driver/Src/stm32u5xx_hal_xspi.c:1287:19:HAL_XSPI_Transmit	32	static
../Drivers/STM32U5xx_HAL_Driver/Src/stm32u5xx_hal_xspi.c:1359:19:HAL_XSPI_Receive	32	static
../Drivers/STM32U5xx_HAL_Driver/Src/stm32u5xx_hal_xspi.c:1449:19:HAL_XSPI_Transmit_IT	0	static
../Drivers/STM32U5xx_HAL_Driver/Src/stm32u5xx_hal_xspi.c:1498:19:HAL_XSPI_Receive_IT	12	static
../Drivers/STM32U5xx_HAL_Driver/Src/stm32u5xx_hal_xspi.c:1570:19:HAL_XSPI_Transmit_DMA	24	static
../Drivers/STM32U5xx_HAL_Driver/Src/stm32u5xx_hal_xspi.c:1753:19:HAL_XSPI_Receive_DMA	24	static
../Drivers/STM32U5xx_HAL_Driver/Src/stm32u5xx_hal_xspi.c:1953:19:HAL_XSPI_AutoPolling	40	static
../Drivers/STM32U5xx_HAL_Driver/Src/stm32u5xx_hal_xspi.c:2034:19:HAL_XSPI_AutoPolling_IT	32	static
../Drivers/STM32U5xx_HAL_Driver/Src/stm32u5xx_hal_xspi.c:2107:19:HAL_XSPI_MemoryMapped	24	static
../Drivers/STM32U5xx_HAL_Driver/Src/stm32u5xx_hal_xspi.c:2158:10:HAL_XSPI_IsMemoryMapped	0	static
../Drivers/STM32U5xx_HAL_Driver/Src/stm32u5xx_hal_xspi.c:2181:13:HAL_XSPI_ErrorCallback	0	static
../Drivers/STM32U5xx_HAL_Driver/Src/stm32u5xx_hal_xspi.c:2196:13:HAL_XSPI_AbortCpltCallback	0	static
../Drivers/STM32U5xx_HAL_Driver/Src/stm32u5xx_hal_xspi.c:3544:13:XSPI_DMAAbortCplt	8	static
../Drivers/STM32U5xx_HAL_Driver/Src/stm32u5xx_hal_xspi.c:2211:13:HAL_XSPI_FifoThresholdCallback	0	static
../Drivers/STM32U5xx_HAL_Driver/Src/stm32u5xx_hal_xspi.c:2226:13:HAL_XSPI_CmdCpltCallback	0	static
../Drivers/STM32U5xx_HAL_Driver/Src/stm32u5xx_hal_xspi.c:2241:13:HAL_XSPI_RxCpltCallback	0	static
../Drivers/STM32U5xx_HAL_Driver/Src/stm32u5xx_hal_xspi.c:2256:13:HAL_XSPI_TxCpltCallback	0	static
../Drivers/STM32U5xx_HAL_Driver/Src/stm32u5xx_hal_xspi.c:2271:13:HAL_XSPI_RxHalfCpltCallback	0	static
../Drivers/STM32U5xx_HAL_Driver/Src/stm32u5xx_hal_xspi.c:2286:13:HAL_XSPI_TxHalfCpltCallback	0	static
../Drivers/STM32U5xx_HAL_Driver/Src/stm32u5xx_hal_xspi.c:3485:13:XSPI_DMAHalfCplt	8	static
../Drivers/STM32U5xx_HAL_Driver/Src/stm32u5xx_hal_xspi.c:2301:13:HAL_XSPI_StatusMatchCallback	0	static
../Drivers/STM32U5xx_HAL_Driver/Src/stm32u5xx_hal_xspi.c:2316:13:HAL_XSPI_TimeOutCallback	0	static
../Drivers/STM32U5xx_HAL_Driver/Src/stm32u5xx_hal_xspi.c:617:6:HAL_XSPI_IRQHandler	16	static
../Drivers/STM32U5xx_HAL_Driver/Src/stm32u5xx_hal_xspi.c:2567:19:HAL_XSPI_Abort	24	static
../Drivers/STM32U5xx_HAL_Driver/Src/stm32u5xx_hal_xspi.c:2643:19:HAL_XSPI_Abort_IT	16	static
../Drivers/STM32U5xx_HAL_Driver/Src/stm32u5xx_hal_xspi.c:3513:13:XSPI_DMAError	8	static
../Drivers/STM32U5xx_HAL_Driver/Src/stm32u5xx_hal_xspi.c:2735:19:HAL_XSPI_SetFifoThreshold	0	static
../Drivers/STM32U5xx_HAL_Driver/Src/stm32u5xx_hal_xspi.c:2778:10:HAL_XSPI_GetFifoThreshold	0	static
../Drivers/STM32U5xx_HAL_Driver/Src/stm32u5xx_hal_xspi.c:2788:19:HAL_XSPI_SetMemoryType	0	static
../Drivers/STM32U5xx_HAL_Driver/Src/stm32u5xx_hal_xspi.c:2817:19:HAL_XSPI_SetDeviceSize	0	static
../Drivers/STM32U5xx_HAL_Driver/Src/stm32u5xx_hal_xspi.c:2847:19:HAL_XSPI_SetClockPrescaler	0	static
../Drivers/STM32U5xx_HAL_Driver/Src/stm32u5xx_hal_xspi.c:2876:19:HAL_XSPI_SetTimeout	0	static
../Drivers/STM32U5xx_HAL_Driver/Src/stm32u5xx_hal_xspi.c:2887:10:HAL_XSPI_GetError	0	static
../Drivers/STM32U5xx_HAL_Driver/Src/stm32u5xx_hal_xspi.c:2897:10:HAL_XSPI_GetState	0	static
../Drivers/STM32U5xx_HAL_Driver/Src/stm32u5xx_hal_xspi.c:2930:19:HAL_XSPIM_Config	112	static
../Drivers/STM32U5xx_HAL_Driver/Src/stm32u5xx_hal_xspi.c:3193:19:HAL_XSPI_DLYB_SetConfig	16	static
../Drivers/STM32U5xx_HAL_Driver/Src/stm32u5xx_hal_xspi.c:3243:19:HAL_XSPI_DLYB_GetConfig	8	static
../Drivers/STM32U5xx_HAL_Driver/Src/stm32u5xx_hal_xspi.c:3273:19:HAL_XSPI_DLYB_GetClockPeriod	16	static
../Drivers/STM32U5xx_HAL_Driver/Src/stm32u5xx_hal_xspi.c:3354:19:HAL_XSPI_GetDelayValue	16	static
../Drivers/STM32U5xx_HAL_Driver/Src/stm32u5xx_hal_xspi.c:3406:19:HAL_XSPI_SetDelayValue	8	static
