C:\ST\STM32CubeIDE_2.1.1\STM32CubeIDE\plugins\com.st.stm32cube.ide.mcu.externaltools.gnu-tools-for-stm32.14.3.rel1.win32_1.0.100.202602081740\tools\arm-none-eabi\include\c++\14.3.1\arm-none-eabi\thumb\v8-m.main+fp\hard\bits\gthr-default.h:229:1:int __gthread_key_delete(__gthread_key_t)	16	static
../Middlewares/Third_Party/EdgeImpulse_Yes-No_MachineLearning/edgeimpulse/tflite-model/tflite_learn_1046205_7_compiled.cpp:356:13:void {anonymous}::init_tflite_tensor(size_t, TfLiteTensor*)	24	static
../Middlewares/Third_Party/EdgeImpulse_Yes-No_MachineLearning/edgeimpulse/tflite-model/tflite_learn_1046205_7_compiled.cpp:389:13:void {anonymous}::init_tflite_eval_tensor(int, TfLiteEvalTensor*)	24	static
../Middlewares/Third_Party/EdgeImpulse_Yes-No_MachineLearning/edgeimpulse/tflite-model/tflite_learn_1046205_7_compiled.cpp:412:15:void* {anonymous}::AllocatePersistentBufferImpl(TfLiteContext*, size_t)	24	static
../Middlewares/Third_Party/EdgeImpulse_Yes-No_MachineLearning/edgeimpulse/tflite-model/tflite_learn_1046205_7_compiled.cpp:455:21:TfLiteStatus {anonymous}::RequestScratchBufferInArenaImpl(TfLiteContext*, size_t, int*)	32	static
../Middlewares/Third_Party/EdgeImpulse_Yes-No_MachineLearning/edgeimpulse/tflite-model/tflite_learn_1046205_7_compiled.cpp:481:14:void* {anonymous}::GetScratchBufferImpl(TfLiteContext*, int)	16	static
../Middlewares/Third_Party/EdgeImpulse_Yes-No_MachineLearning/edgeimpulse/tflite-model/tflite_learn_1046205_7_compiled.cpp:490:13:void {anonymous}::ResetTensors()	16	static
../Middlewares/Third_Party/EdgeImpulse_Yes-No_MachineLearning/edgeimpulse/tflite-model/tflite_learn_1046205_7_compiled.cpp:499:22:TfLiteTensor* {anonymous}::GetTensorImpl(const TfLiteContext*, int)	24	static
../Middlewares/Third_Party/EdgeImpulse_Yes-No_MachineLearning/edgeimpulse/tflite-model/tflite_learn_1046205_7_compiled.cpp:522:26:TfLiteEvalTensor* {anonymous}::GetEvalTensorImpl(const TfLiteContext*, int)	24	static
../Middlewares/Third_Party/EdgeImpulse_Yes-No_MachineLearning/edgeimpulse/tflite-model/tflite_learn_1046205_7_compiled.cpp:548:3:{anonymous}::EonMicroContext::EonMicroContext()	16	static
../Middlewares/Third_Party/EdgeImpulse_Yes-No_MachineLearning/edgeimpulse/tflite-model/tflite_learn_1046205_7_compiled.cpp:550:9:virtual void* {anonymous}::EonMicroContext::AllocatePersistentBuffer(size_t)	16	static
../Middlewares/Third_Party/EdgeImpulse_Yes-No_MachineLearning/edgeimpulse/tflite-model/tflite_learn_1046205_7_compiled.cpp:554:16:virtual TfLiteStatus {anonymous}::EonMicroContext::RequestScratchBufferInArena(size_t, int*)	24	static
../Middlewares/Third_Party/EdgeImpulse_Yes-No_MachineLearning/edgeimpulse/tflite-model/tflite_learn_1046205_7_compiled.cpp:559:9:virtual void* {anonymous}::EonMicroContext::GetScratchBuffer(int)	16	static
../Middlewares/Third_Party/EdgeImpulse_Yes-No_MachineLearning/edgeimpulse/tflite-model/tflite_learn_1046205_7_compiled.cpp:563:17:virtual TfLiteTensor* {anonymous}::EonMicroContext::AllocateTempTfLiteTensor(int)	16	static
../Middlewares/Third_Party/EdgeImpulse_Yes-No_MachineLearning/edgeimpulse/tflite-model/tflite_learn_1046205_7_compiled.cpp:567:8:virtual void {anonymous}::EonMicroContext::DeallocateTempTfLiteTensor(TfLiteTensor*)	16	static
../Middlewares/Third_Party/EdgeImpulse_Yes-No_MachineLearning/edgeimpulse/tflite-model/tflite_learn_1046205_7_compiled.cpp:575:21:virtual TfLiteEvalTensor* {anonymous}::EonMicroContext::GetEvalTensor(int)	16	static
../Middlewares/Third_Party/EdgeImpulse_Yes-No_MachineLearning/edgeimpulse/tflite-model/tflite_learn_1046205_7_compiled.cpp:545:7:{anonymous}::EonMicroContext::~EonMicroContext()	16	static
../Middlewares/Third_Party/EdgeImpulse_Yes-No_MachineLearning/edgeimpulse/tflite-model/tflite_learn_1046205_7_compiled.cpp:545:7:virtual {anonymous}::EonMicroContext::~EonMicroContext()	16	static
../Middlewares/Third_Party/EdgeImpulse_Yes-No_MachineLearning/edgeimpulse/tflite-model/tflite_learn_1046205_7_compiled.cpp:584:14:TfLiteStatus tflite_learn_1046205_7_init(void* (*)(size_t, size_t))	184	static
../Middlewares/Third_Party/EdgeImpulse_Yes-No_MachineLearning/edgeimpulse/tflite-model/tflite_learn_1046205_7_compiled.cpp:659:14:TfLiteStatus tflite_learn_1046205_7_input(int, TfLiteTensor*)	16	static
../Middlewares/Third_Party/EdgeImpulse_Yes-No_MachineLearning/edgeimpulse/tflite-model/tflite_learn_1046205_7_compiled.cpp:664:14:TfLiteStatus tflite_learn_1046205_7_output(int, TfLiteTensor*)	16	static
../Middlewares/Third_Party/EdgeImpulse_Yes-No_MachineLearning/edgeimpulse/tflite-model/tflite_learn_1046205_7_compiled.cpp:669:14:TfLiteStatus tflite_learn_1046205_7_invoke()	24	static
../Middlewares/Third_Party/EdgeImpulse_Yes-No_MachineLearning/edgeimpulse/tflite-model/tflite_learn_1046205_7_compiled.cpp:741:14:TfLiteStatus tflite_learn_1046205_7_reset(void (*)(void*))	24	static
../Middlewares/Third_Party/EdgeImpulse_Yes-No_MachineLearning/edgeimpulse/tflite-model/tflite_learn_1046205_7_compiled.cpp:755:1:void __static_initialization_and_destruction_0()	4	static
../Middlewares/Third_Party/EdgeImpulse_Yes-No_MachineLearning/edgeimpulse/tflite-model/tflite_learn_1046205_7_compiled.cpp:755:1:cpp)	8	static
