Archive member included to satisfy reference by file (symbol)

C:/ST/STM32CubeIDE_2.1.1/STM32CubeIDE/plugins/com.st.stm32cube.ide.mcu.externaltools.gnu-tools-for-stm32.14.3.rel1.win32_1.0.100.202602081740/tools/bin/../lib/gcc/arm-none-eabi/14.3.1/../../../../arm-none-eabi/lib/thumb/v8-m.main+fp/hard\libc_nano.a(libc_a-exit.o)
                              C:/ST/STM32CubeIDE_2.1.1/STM32CubeIDE/plugins/com.st.stm32cube.ide.mcu.externaltools.gnu-tools-for-stm32.14.3.rel1.win32_1.0.100.202602081740/tools/bin/../lib/gcc/arm-none-eabi/14.3.1/../../../../arm-none-eabi/lib/thumb/v8-m.main+fp/hard/crt0.o (exit)
C:/ST/STM32CubeIDE_2.1.1/STM32CubeIDE/plugins/com.st.stm32cube.ide.mcu.externaltools.gnu-tools-for-stm32.14.3.rel1.win32_1.0.100.202602081740/tools/bin/../lib/gcc/arm-none-eabi/14.3.1/../../../../arm-none-eabi/lib/thumb/v8-m.main+fp/hard\libc_nano.a(libc_a-findfp.o)
                              C:/ST/STM32CubeIDE_2.1.1/STM32CubeIDE/plugins/com.st.stm32cube.ide.mcu.externaltools.gnu-tools-for-stm32.14.3.rel1.win32_1.0.100.202602081740/tools/bin/../lib/gcc/arm-none-eabi/14.3.1/../../../../arm-none-eabi/lib/thumb/v8-m.main+fp/hard\libc_nano.a(libc_a-exit.o) (__stdio_exit_handler)
C:/ST/STM32CubeIDE_2.1.1/STM32CubeIDE/plugins/com.st.stm32cube.ide.mcu.externaltools.gnu-tools-for-stm32.14.3.rel1.win32_1.0.100.202602081740/tools/bin/../lib/gcc/arm-none-eabi/14.3.1/../../../../arm-none-eabi/lib/thumb/v8-m.main+fp/hard\libc_nano.a(libc_a-fwalk.o)
                              C:/ST/STM32CubeIDE_2.1.1/STM32CubeIDE/plugins/com.st.stm32cube.ide.mcu.externaltools.gnu-tools-for-stm32.14.3.rel1.win32_1.0.100.202602081740/tools/bin/../lib/gcc/arm-none-eabi/14.3.1/../../../../arm-none-eabi/lib/thumb/v8-m.main+fp/hard\libc_nano.a(libc_a-findfp.o) (_fwalk_sglue)
C:/ST/STM32CubeIDE_2.1.1/STM32CubeIDE/plugins/com.st.stm32cube.ide.mcu.externaltools.gnu-tools-for-stm32.14.3.rel1.win32_1.0.100.202602081740/tools/bin/../lib/gcc/arm-none-eabi/14.3.1/../../../../arm-none-eabi/lib/thumb/v8-m.main+fp/hard\libc_nano.a(libc_a-stdio.o)
                              C:/ST/STM32CubeIDE_2.1.1/STM32CubeIDE/plugins/com.st.stm32cube.ide.mcu.externaltools.gnu-tools-for-stm32.14.3.rel1.win32_1.0.100.202602081740/tools/bin/../lib/gcc/arm-none-eabi/14.3.1/../../../../arm-none-eabi/lib/thumb/v8-m.main+fp/hard\libc_nano.a(libc_a-findfp.o) (__sread)
C:/ST/STM32CubeIDE_2.1.1/STM32CubeIDE/plugins/com.st.stm32cube.ide.mcu.externaltools.gnu-tools-for-stm32.14.3.rel1.win32_1.0.100.202602081740/tools/bin/../lib/gcc/arm-none-eabi/14.3.1/../../../../arm-none-eabi/lib/thumb/v8-m.main+fp/hard\libc_nano.a(libc_a-memset.o)
                              C:/ST/STM32CubeIDE_2.1.1/STM32CubeIDE/plugins/com.st.stm32cube.ide.mcu.externaltools.gnu-tools-for-stm32.14.3.rel1.win32_1.0.100.202602081740/tools/bin/../lib/gcc/arm-none-eabi/14.3.1/../../../../arm-none-eabi/lib/thumb/v8-m.main+fp/hard/crt0.o (memset)
C:/ST/STM32CubeIDE_2.1.1/STM32CubeIDE/plugins/com.st.stm32cube.ide.mcu.externaltools.gnu-tools-for-stm32.14.3.rel1.win32_1.0.100.202602081740/tools/bin/../lib/gcc/arm-none-eabi/14.3.1/../../../../arm-none-eabi/lib/thumb/v8-m.main+fp/hard\libc_nano.a(libc_a-closer.o)
                              C:/ST/STM32CubeIDE_2.1.1/STM32CubeIDE/plugins/com.st.stm32cube.ide.mcu.externaltools.gnu-tools-for-stm32.14.3.rel1.win32_1.0.100.202602081740/tools/bin/../lib/gcc/arm-none-eabi/14.3.1/../../../../arm-none-eabi/lib/thumb/v8-m.main+fp/hard\libc_nano.a(libc_a-stdio.o) (_close_r)
C:/ST/STM32CubeIDE_2.1.1/STM32CubeIDE/plugins/com.st.stm32cube.ide.mcu.externaltools.gnu-tools-for-stm32.14.3.rel1.win32_1.0.100.202602081740/tools/bin/../lib/gcc/arm-none-eabi/14.3.1/../../../../arm-none-eabi/lib/thumb/v8-m.main+fp/hard\libc_nano.a(libc_a-reent.o)
                              C:/ST/STM32CubeIDE_2.1.1/STM32CubeIDE/plugins/com.st.stm32cube.ide.mcu.externaltools.gnu-tools-for-stm32.14.3.rel1.win32_1.0.100.202602081740/tools/bin/../lib/gcc/arm-none-eabi/14.3.1/../../../../arm-none-eabi/lib/thumb/v8-m.main+fp/hard\libc_nano.a(libc_a-closer.o) (errno)
C:/ST/STM32CubeIDE_2.1.1/STM32CubeIDE/plugins/com.st.stm32cube.ide.mcu.externaltools.gnu-tools-for-stm32.14.3.rel1.win32_1.0.100.202602081740/tools/bin/../lib/gcc/arm-none-eabi/14.3.1/../../../../arm-none-eabi/lib/thumb/v8-m.main+fp/hard\libc_nano.a(libc_a-impure.o)
                              C:/ST/STM32CubeIDE_2.1.1/STM32CubeIDE/plugins/com.st.stm32cube.ide.mcu.externaltools.gnu-tools-for-stm32.14.3.rel1.win32_1.0.100.202602081740/tools/bin/../lib/gcc/arm-none-eabi/14.3.1/../../../../arm-none-eabi/lib/thumb/v8-m.main+fp/hard\libc_nano.a(libc_a-reent.o) (_impure_ptr)
C:/ST/STM32CubeIDE_2.1.1/STM32CubeIDE/plugins/com.st.stm32cube.ide.mcu.externaltools.gnu-tools-for-stm32.14.3.rel1.win32_1.0.100.202602081740/tools/bin/../lib/gcc/arm-none-eabi/14.3.1/../../../../arm-none-eabi/lib/thumb/v8-m.main+fp/hard\libc_nano.a(libc_a-lseekr.o)
[...]
Memory Configuration

Name             Origin             Length             Attributes
RAM              0x20000000         0x00270000         xrw
SRAM4            0x28000000         0x00004000         xrw
FLASH            0x08000000         0x00400000         xr
*default*        0x00000000         0xffffffff

Linker script and memory map

LOAD C:/ST/STM32CubeIDE_2.1.1/STM32CubeIDE/plugins/com.st.stm32cube.ide.mcu.externaltools.gnu-tools-for-stm32.14.3.rel1.win32_1.0.100.202602081740/tools/bin/../lib/gcc/arm-none-eabi/14.3.1/thumb/v8-m.main+fp/hard/crti.o
LOAD C:/ST/STM32CubeIDE_2.1.1/STM32CubeIDE/plugins/com.st.stm32cube.ide.mcu.externaltools.gnu-tools-for-stm32.14.3.rel1.win32_1.0.100.202602081740/tools/bin/../lib/gcc/arm-none-eabi/14.3.1/thumb/v8-m.main+fp/hard/crtbegin.o
LOAD C:/ST/STM32CubeIDE_2.1.1/STM32CubeIDE/plugins/com.st.stm32cube.ide.mcu.externaltools.gnu-tools-for-stm32.14.3.rel1.win32_1.0.100.202602081740/tools/bin/../lib/gcc/arm-none-eabi/14.3.1/../../../../arm-none-eabi/lib/thumb/v8-m.main+fp/hard/crt0.o
LOAD ./Core/Src/adc.o
LOAD ./Core/Src/gpdma.o
LOAD ./Core/Src/gpio.o
LOAD ./Core/Src/hspi.o
LOAD ./Core/Src/i2c.o
LOAD ./Core/Src/icache.o
LOAD ./Core/Src/main.o
LOAD ./Core/Src/octospi.o
LOAD ./Core/Src/sai.o
LOAD ./Core/Src/sdmmc.o
LOAD ./Core/Src/stm32u5xx_hal_msp.o
LOAD ./Core/Src/stm32u5xx_it.o
LOAD ./Core/Src/syscalls.o
LOAD ./Core/Src/sysmem.o
LOAD ./Core/Src/system_stm32u5xx.o
LOAD ./Core/Src/usart.o
LOAD ./Core/Src/usb_otg.o
LOAD ./Core/Startup/startup_stm32u5a9njhxq.o
LOAD ./Drivers/STM32U5xx_HAL_Driver/Src/stm32u5xx_hal.o
LOAD ./Drivers/STM32U5xx_HAL_Driver/Src/stm32u5xx_hal_adc.o
LOAD ./Drivers/STM32U5xx_HAL_Driver/Src/stm32u5xx_hal_adc_ex.o
LOAD ./Drivers/STM32U5xx_HAL_Driver/Src/stm32u5xx_hal_cortex.o
LOAD ./Drivers/STM32U5xx_HAL_Driver/Src/stm32u5xx_hal_dma.o
LOAD ./Drivers/STM32U5xx_HAL_Driver/Src/stm32u5xx_hal_dma_ex.o
LOAD ./Drivers/STM32U5xx_HAL_Driver/Src/stm32u5xx_hal_exti.o
LOAD ./Drivers/STM32U5xx_HAL_Driver/Src/stm32u5xx_hal_flash.o
LOAD ./Drivers/STM32U5xx_HAL_Driver/Src/stm32u5xx_hal_flash_ex.o
LOAD ./Drivers/STM32U5xx_HAL_Driver/Src/stm32u5xx_hal_gpio.o
LOAD ./Drivers/STM32U5xx_HAL_Driver/Src/stm32u5xx_hal_gtzc.o
LOAD ./Drivers/STM32U5xx_HAL_Driver/Src/stm32u5xx_hal_hcd.o
LOAD ./Drivers/STM32U5xx_HAL_Driver/Src/stm32u5xx_hal_i2c.o
LOAD ./Drivers/STM32U5xx_HAL_Driver/Src/stm32u5xx_hal_i2c_ex.o
LOAD ./Drivers/STM32U5xx_HAL_Driver/Src/stm32u5xx_hal_icache.o
LOAD ./Drivers/STM32U5xx_HAL_Driver/Src/stm32u5xx_hal_mmc.o
LOAD ./Drivers/STM32U5xx_HAL_Driver/Src/stm32u5xx_hal_mmc_ex.o
LOAD ./Drivers/STM32U5xx_HAL_Driver/Src/stm32u5xx_hal_ospi.o
LOAD ./Drivers/STM32U5xx_HAL_Driver/Src/stm32u5xx_hal_pwr.o
LOAD ./Drivers/STM32U5xx_HAL_Driver/Src/stm32u5xx_hal_pwr_ex.o
LOAD ./Drivers/STM32U5xx_HAL_Driver/Src/stm32u5xx_hal_rcc.o
LOAD ./Drivers/STM32U5xx_HAL_Driver/Src/stm32u5xx_hal_rcc_ex.o
LOAD ./Drivers/STM32U5xx_HAL_Driver/Src/stm32u5xx_hal_sai.o
LOAD ./Drivers/STM32U5xx_HAL_Driver/Src/stm32u5xx_hal_sai_ex.o
LOAD ./Drivers/STM32U5xx_HAL_Driver/Src/stm32u5xx_hal_sd.o
LOAD ./Drivers/STM32U5xx_HAL_Driver/Src/stm32u5xx_hal_sd_ex.o
LOAD ./Drivers/STM32U5xx_HAL_Driver/Src/stm32u5xx_hal_sdio.o
LOAD ./Drivers/STM32U5xx_HAL_Driver/Src/stm32u5xx_hal_uart.o
LOAD ./Drivers/STM32U5xx_HAL_Driver/Src/stm32u5xx_hal_uart_ex.o
LOAD ./Drivers/STM32U5xx_HAL_Driver/Src/stm32u5xx_hal_xspi.o
LOAD ./Drivers/STM32U5xx_HAL_Driver/Src/stm32u5xx_ll_dlyb.o
LOAD ./Drivers/STM32U5xx_HAL_Driver/Src/stm32u5xx_ll_sdmmc.o
LOAD ./Drivers/STM32U5xx_HAL_Driver/Src/stm32u5xx_ll_usb.o
START GROUP
LOAD C:/ST/STM32CubeIDE_2.1.1/STM32CubeIDE/plugins/com.st.stm32cube.ide.mcu.externaltools.gnu-tools-for-stm32.14.3.rel1.win32_1.0.100.202602081740/tools/bin/../lib/gcc/arm-none-eabi/14.3.1/../../../../arm-none-eabi/lib/thumb/v8-m.main+fp/hard\libc_nano.a
LOAD C:/ST/STM32CubeIDE_2.1.1/STM32CubeIDE/plugins/com.st.stm32cube.ide.mcu.externaltools.gnu-tools-for-stm32.14.3.rel1.win32_1.0.100.202602081740/tools/bin/../lib/gcc/arm-none-eabi/14.3.1/../../../../arm-none-eabi/lib/thumb/v8-m.main+fp/hard\libm.a
END GROUP
START GROUP
LOAD C:/ST/STM32CubeIDE_2.1.1/STM32CubeIDE/plugins/com.st.stm32cube.ide.mcu.externaltools.gnu-tools-for-stm32.14.3.rel1.win32_1.0.100.202602081740/tools/bin/../lib/gcc/arm-none-eabi/14.3.1/thumb/v8-m.main+fp/hard\libgcc.a
LOAD C:/ST/STM32CubeIDE_2.1.1/STM32CubeIDE/plugins/com.st.stm32cube.ide.mcu.externaltools.gnu-tools-for-stm32.14.3.rel1.win32_1.0.100.202602081740/tools/bin/../lib/gcc/arm-none-eabi/14.3.1/../../../../arm-none-eabi/lib/thumb/v8-m.main+fp/hard\libc_nano.a
END GROUP
START GROUP
LOAD C:/ST/STM32CubeIDE_2.1.1/STM32CubeIDE/plugins/com.st.stm32cube.ide.mcu.externaltools.gnu-tools-for-stm32.14.3.rel1.win32_1.0.100.202602081740/tools/bin/../lib/gcc/arm-none-eabi/14.3.1/thumb/v8-m.main+fp/hard\libgcc.a
LOAD C:/ST/STM32CubeIDE_2.1.1/STM32CubeIDE/plugins/com.st.stm32cube.ide.mcu.externaltools.gnu-tools-for-stm32.14.3.rel1.win32_1.0.100.202602081740/tools/bin/../lib/gcc/arm-none-eabi/14.3.1/../../../../arm-none-eabi/lib/thumb/v8-m.main+fp/hard\libc_nano.a
LOAD C:/ST/STM32CubeIDE_2.1.1/STM32CubeIDE/plugins/com.st.stm32cube.ide.mcu.externaltools.gnu-tools-for-stm32.14.3.rel1.win32_1.0.100.202602081740/tools/bin/../lib/gcc/arm-none-eabi/14.3.1/../../../../arm-none-eabi/lib/thumb/v8-m.main+fp/hard\libnosys.a
END GROUP
START GROUP
LOAD C:/ST/STM32CubeIDE_2.1.1/STM32CubeIDE/plugins/com.st.stm32cube.ide.mcu.externaltools.gnu-tools-for-stm32.14.3.rel1.win32_1.0.100.202602081740/tools/bin/../lib/gcc/arm-none-eabi/14.3.1/thumb/v8-m.main+fp/hard\libgcc.a
LOAD C:/ST/STM32CubeIDE_2.1.1/STM32CubeIDE/plugins/com.st.stm32cube.ide.mcu.externaltools.gnu-tools-for-stm32.14.3.rel1.win32_1.0.100.202602081740/tools/bin/../lib/gcc/arm-none-eabi/14.3.1/../../../../arm-none-eabi/lib/thumb/v8-m.main+fp/hard\libc_nano.a
LOAD C:/ST/STM32CubeIDE_2.1.1/STM32CubeIDE/plugins/com.st.stm32cube.ide.mcu.externaltools.gnu-tools-for-stm32.14.3.rel1.win32_1.0.100.202602081740/tools/bin/../lib/gcc/arm-none-eabi/14.3.1/../../../../arm-none-eabi/lib/thumb/v8-m.main+fp/hard\libnosys.a
END GROUP
LOAD C:/ST/STM32CubeIDE_2.1.1/STM32CubeIDE/plugins/com.st.stm32cube.ide.mcu.externaltools.gnu-tools-for-stm32.14.3.rel1.win32_1.0.100.202602081740/tools/bin/../lib/gcc/arm-none-eabi/14.3.1/thumb/v8-m.main+fp/hard/crtend.o
LOAD C:/ST/STM32CubeIDE_2.1.1/STM32CubeIDE/plugins/com.st.stm32cube.ide.mcu.externaltools.gnu-tools-for-stm32.14.3.rel1.win32_1.0.100.202602081740/tools/bin/../lib/gcc/arm-none-eabi/14.3.1/thumb/v8-m.main+fp/hard/crtn.o
                0x20270000                        _estack = (ORIGIN (RAM) + LENGTH (RAM))
                0x2026fc00                        _sstack = (_estack - _Min_Stack_Size)
                0x00000200                        _Min_Heap_Size = 0x200
                0x00000400                        _Min_Stack_Size = 0x400

.isr_vector     0x08000000      0x26c
 *(.isr_vector)
 .isr_vector    0x08000000      0x26c ./Core/Startup/startup_stm32u5a9njhxq.o
                0x08000000                g_pfnVectors

.text           0x0800026c     0x84f4
 *(.text)
 .text          0x0800026c       0x40 C:/ST/STM32CubeIDE_2.1.1/STM32CubeIDE/plugins/com.st.stm32cube.ide.mcu.externaltools.gnu-tools-for-stm32.14.3.rel1.win32_1.0.100.202602081740/tools/bin/../lib/gcc/arm-none-eabi/14.3.1/thumb/v8-m.main+fp/hard/crtbegin.o
 .text          0x080002ac       0x30 C:/ST/STM32CubeIDE_2.1.1/STM32CubeIDE/plugins/com.st.stm32cube.ide.mcu.externaltools.gnu-tools-for-stm32.14.3.rel1.win32_1.0.100.202602081740/tools/bin/../lib/gcc/arm-none-eabi/14.3.1/thumb/v8-m.main+fp/hard\libgcc.a(_aeabi_uldivmod.o)
                0x080002ac                __aeabi_uldivmod
 .text          0x080002dc      0x34c C:/ST/STM32CubeIDE_2.1.1/STM32CubeIDE/plugins/com.st.stm32cube.ide.mcu.externaltools.gnu-tools-for-stm32.14.3.rel1.win32_1.0.100.202602081740/tools/bin/../lib/gcc/arm-none-eabi/14.3.1/thumb/v8-m.main+fp/hard\libgcc.a(_udivmoddi4.o)
                0x080002dc                __udivmoddi4
 .text          0x08000628        0x4 C:/ST/STM32CubeIDE_2.1.1/STM32CubeIDE/plugins/com.st.stm32cube.ide.mcu.externaltools.gnu-tools-for-stm32.14.3.rel1.win32_1.0.100.202602081740/tools/bin/../lib/gcc/arm-none-eabi/14.3.1/thumb/v8-m.main+fp/hard\libgcc.a(_dvmd_tls.o)
                0x08000628                __aeabi_idiv0
                0x08000628                __aeabi_ldiv0
 *(.text*)
 .text.MX_ADC4_Init
                0x0800062c       0x84 ./Core/Src/adc.o
                0x0800062c                MX_ADC4_Init
 .text.HAL_ADC_MspInit
                0x080006b0       0xc0 ./Core/Src/adc.o
                0x080006b0                HAL_ADC_MspInit
 .text.MX_GPDMA1_Init
                0x08000770       0x48 ./Core/Src/gpdma.o
                0x08000770                MX_GPDMA1_Init
 .text.MX_GPIO_Init
                0x080007b8      0x1e4 ./Core/Src/gpio.o
                0x080007b8                MX_GPIO_Init
 .text.MX_HSPI1_Init
                0x0800099c       0x44 ./Core/Src/hspi.o
                0x0800099c                MX_HSPI1_Init
 .text.HAL_XSPI_MspInit
                0x080009e0       0xfc ./Core/Src/hspi.o
                0x080009e0                HAL_XSPI_MspInit
 .text.MX_I2C3_Init
                0x08000adc       0x60 ./Core/Src/i2c.o
                0x08000adc                MX_I2C3_Init
 .text.MX_I2C5_Init
                0x08000b3c       0x58 ./Core/Src/i2c.o
                0x08000b3c                MX_I2C5_Init
 .text.HAL_I2C_MspInit
                0x08000b94      0x108 ./Core/Src/i2c.o
                0x08000b94                HAL_I2C_MspInit
 .text.MX_ICACHE_Init
                0x08000c9c       0x1e ./Core/Src/icache.o
                0x08000c9c                MX_ICACHE_Init
 *fill*         0x08000cba        0x2 
 .text.ExtractAndSendHalfBuffer.constprop.0
                0x08000cbc       0x58 ./Core/Src/main.o
 .text.SystemClock_Config
                0x08000d14       0x8a ./Core/Src/main.o
                0x08000d14                SystemClock_Config
 *fill*         0x08000d9e        0x2 
 .text.startup.main
                0x08000da0       0x94 ./Core/Src/main.o
                0x08000da0                main
 .text.HAL_SAI_RxHalfCpltCallback
                0x08000e34       0x1c ./Core/Src/main.o
                0x08000e34                HAL_SAI_RxHalfCpltCallback
 .text.HAL_SAI_RxCpltCallback
                0x08000e50       0x1c ./Core/Src/main.o
                0x08000e50                HAL_SAI_RxCpltCallback
 .text.HAL_UART_TxCpltCallback
                0x08000e6c       0x1c ./Core/Src/main.o
                0x08000e6c                HAL_UART_TxCpltCallback
 .text.HAL_SAI_ErrorCallback
                0x08000e88       0x14 ./Core/Src/main.o
                0x08000e88                HAL_SAI_ErrorCallback
 .text.Error_Handler
                0x08000e9c        0x4 ./Core/Src/main.o
                0x08000e9c                Error_Handler
 .text.MX_OCTOSPI1_Init
                0x08000ea0       0x78 ./Core/Src/octospi.o
                0x08000ea0                MX_OCTOSPI1_Init
 .text.HAL_OSPI_MspInit
                0x08000f18      0x13c ./Core/Src/octospi.o
                0x08000f18                HAL_OSPI_MspInit
 .text.MX_SAI1_Init
                0x08001054       0x48 ./Core/Src/sai.o
                0x08001054                MX_SAI1_Init
 .text.HAL_SAI_MspInit
                0x0800109c      0x180 ./Core/Src/sai.o
                0x0800109c                HAL_SAI_MspInit
 .text.MX_SDMMC1_MMC_Init
                0x0800121c       0x34 ./Core/Src/sdmmc.o
                0x0800121c                MX_SDMMC1_MMC_Init
 .text.HAL_MMC_MspInit
                0x08001250      0x100 ./Core/Src/sdmmc.o
                0x08001250                HAL_MMC_MspInit
 .text.HAL_MspInit
                0x08001350       0x34 ./Core/Src/stm32u5xx_hal_msp.o
                0x08001350                HAL_MspInit
 .text.NMI_Handler
                0x08001384        0x2 ./Core/Src/stm32u5xx_it.o
                0x08001384                NMI_Handler
 .text.HardFault_Handler
                0x08001386        0x2 ./Core/Src/stm32u5xx_it.o
                0x08001386                HardFault_Handler
 .text.MemManage_Handler
                0x08001388        0x2 ./Core/Src/stm32u5xx_it.o
                0x08001388                MemManage_Handler
 .text.BusFault_Handler
                0x0800138a        0x2 ./Core/Src/stm32u5xx_it.o
                0x0800138a                BusFault_Handler
 .text.UsageFault_Handler
                0x0800138c        0x2 ./Core/Src/stm32u5xx_it.o
                0x0800138c                UsageFault_Handler
 .text.SVC_Handler
                0x0800138e        0x2 ./Core/Src/stm32u5xx_it.o
                0x0800138e                SVC_Handler
 .text.DebugMon_Handler
                0x08001390        0x2 ./Core/Src/stm32u5xx_it.o
                0x08001390                DebugMon_Handler
 .text.PendSV_Handler
                0x08001392        0x2 ./Core/Src/stm32u5xx_it.o
                0x08001392                PendSV_Handler
 .text.SysTick_Handler
                0x08001394        0x4 ./Core/Src/stm32u5xx_it.o
                0x08001394                SysTick_Handler
 .text.GPDMA1_Channel0_IRQHandler
                0x08001398        0xc ./Core/Src/stm32u5xx_it.o
                0x08001398                GPDMA1_Channel0_IRQHandler
 .text.GPDMA1_Channel1_IRQHandler
                0x080013a4        0xc ./Core/Src/stm32u5xx_it.o
                0x080013a4                GPDMA1_Channel1_IRQHandler
 .text.USART1_IRQHandler
                0x080013b0        0xc ./Core/Src/stm32u5xx_it.o
                0x080013b0                USART1_IRQHandler
 .text.SAI1_IRQHandler
                0x080013bc        0xc ./Core/Src/stm32u5xx_it.o
                0x080013bc                SAI1_IRQHandler
 .text.SystemInit
                0x080013c8       0x44 ./Core/Src/system_stm32u5xx.o
                0x080013c8                SystemInit
 .text.MX_USART1_UART_Init
                0x0800140c       0x68 ./Core/Src/usart.o
                0x0800140c                MX_USART1_UART_Init
 .text.HAL_UART_MspInit
                0x08001474       0xf8 ./Core/Src/usart.o
                0x08001474                HAL_UART_MspInit
 .text.MX_USB_OTG_HS_HCD_Init
                0x0800156c       0x58 ./Core/Src/usb_otg.o
                0x0800156c                MX_USB_OTG_HS_HCD_Init
 .text.HAL_HCD_MspInit
                0x080015c4       0xbc ./Core/Src/usb_otg.o
                0x080015c4                HAL_HCD_MspInit
 .text.Reset_Handler
                0x08001680       0x50 ./Core/Startup/startup_stm32u5a9njhxq.o
                0x08001680                Reset_Handler
 .text.Default_Handler
                0x080016d0        0x2 ./Core/Startup/startup_stm32u5a9njhxq.o
                0x080016d0                EXTI2_IRQHandler
                0x080016d0                TIM8_TRG_COM_IRQHandler
                0x080016d0                TIM8_CC_IRQHandler
                0x080016d0                EXTI5_IRQHandler
                0x080016d0                FLASH_S_IRQHandler
                0x080016d0                EXTI13_IRQHandler
                0x080016d0                DCACHE2_IRQHandler
                0x080016d0                TIM1_CC_IRQHandler
                0x080016d0                TSC_IRQHandler
                0x080016d0                TAMP_IRQHandler
                0x080016d0                TIM6_IRQHandler
                0x080016d0                EXTI12_IRQHandler
                0x080016d0                CORDIC_IRQHandler
                0x080016d0                EXTI3_IRQHandler
                0x080016d0                LPTIM4_IRQHandler
                0x080016d0                GPDMA1_Channel5_IRQHandler
                0x080016d0                EXTI8_IRQHandler
                0x080016d0                LPTIM2_IRQHandler
                0x080016d0                GFXMMU_IRQHandler
                0x080016d0                I2C3_ER_IRQHandler
                0x080016d0                I2C5_EV_IRQHandler
                0x080016d0                PWR_S3WU_IRQHandler
                0x080016d0                MDF1_FLT2_IRQHandler
                0x080016d0                LPDMA1_Channel3_IRQHandler
                0x080016d0                LPTIM3_IRQHandler
                0x080016d0                EXTI0_IRQHandler
                0x080016d0                I2C2_EV_IRQHandler
                0x080016d0                GPU2D_IRQHandler
                0x080016d0                FPU_IRQHandler
                0x080016d0                GPDMA1_Channel3_IRQHandler
                0x080016d0                GPDMA1_Channel7_IRQHandler
                0x080016d0                MDF1_FLT4_IRQHandler
                0x080016d0                FDCAN1_IT1_IRQHandler
                0x080016d0                RAMCFG_IRQHandler
                0x080016d0                LTDC_ER_IRQHandler
                0x080016d0                ADC1_2_IRQHandler
                0x080016d0                GPDMA1_Channel9_IRQHandler
                0x080016d0                DCACHE1_IRQHandler
                0x080016d0                SPI1_IRQHandler
                0x080016d0                OCTOSPI1_IRQHandler
                0x080016d0                GPDMA1_Channel2_IRQHandler
                0x080016d0                TIM8_UP_IRQHandler
                0x080016d0                RCC_S_IRQHandler
                0x080016d0                OCTOSPI2_IRQHandler
                0x080016d0                SAI2_IRQHandler
                0x080016d0                MDF1_FLT1_IRQHandler
                0x080016d0                PKA_IRQHandler
                0x080016d0                USART6_IRQHandler
                0x080016d0                MDF1_FLT5_IRQHandler
                0x080016d0                EXTI15_IRQHandler
                0x080016d0                TIM17_IRQHandler
                0x080016d0                USART3_IRQHandler
                0x080016d0                RTC_IRQHandler
                0x080016d0                EXTI9_IRQHandler
                0x080016d0                HSPI1_IRQHandler
                0x080016d0                UART5_IRQHandler
                0x080016d0                TIM4_IRQHandler
                0x080016d0                I2C1_EV_IRQHandler
                0x080016d0                GPDMA1_Channel12_IRQHandler
                0x080016d0                TIM16_IRQHandler
                0x080016d0                GPDMA1_Channel15_IRQHandler
                0x080016d0                UART4_IRQHandler
                0x080016d0                SecureFault_Handler
                0x080016d0                TIM3_IRQHandler
                0x080016d0                RCC_IRQHandler
                0x080016d0                TIM1_TRG_COM_IRQHandler
                0x080016d0                Default_Handler
                0x080016d0                GPDMA1_Channel8_IRQHandler
                0x080016d0                FMAC_IRQHandler
                0x080016d0                I2C5_ER_IRQHandler
                0x080016d0                OTFDEC1_IRQHandler
                0x080016d0                GPDMA1_Channel11_IRQHandler
                0x080016d0                GPU2D_ER_IRQHandler
                0x080016d0                TIM7_IRQHandler
                0x080016d0                SDMMC1_IRQHandler
                0x080016d0                SAES_IRQHandler
                0x080016d0                TIM5_IRQHandler
                0x080016d0                UCPD1_IRQHandler
                0x080016d0                TIM15_IRQHandler
                0x080016d0                I2C3_EV_IRQHandler
                0x080016d0                LPDMA1_Channel0_IRQHandler
                0x080016d0                LTDC_IRQHandler
                0x080016d0                PVD_PVM_IRQHandler
                0x080016d0                SPI2_IRQHandler
                0x080016d0                LPDMA1_Channel1_IRQHandler
                0x080016d0                EXTI14_IRQHandler
                0x080016d0                EXTI11_IRQHandler
                0x080016d0                OTFDEC2_IRQHandler
                0x080016d0                CRS_IRQHandler
                0x080016d0                GPDMA1_Channel14_IRQHandler
                0x080016d0                LSECSSD_IRQHandler
                0x080016d0                EXTI4_IRQHandler
                0x080016d0                RTC_S_IRQHandler
                0x080016d0                GPDMA1_Channel13_IRQHandler
                0x080016d0                RNG_IRQHandler
                0x080016d0                COMP_IRQHandler
                0x080016d0                DSI_IRQHandler
                0x080016d0                TIM1_UP_IRQHandler
                0x080016d0                ADC4_IRQHandler
                0x080016d0                WWDG_IRQHandler
                0x080016d0                I2C4_EV_IRQHandler
                0x080016d0                ADF1_IRQHandler
                0x080016d0                IWDG_IRQHandler
                0x080016d0                I2C6_ER_IRQHandler
                0x080016d0                LPUART1_IRQHandler
                0x080016d0                MDF1_FLT0_IRQHandler
                0x080016d0                FDCAN1_IT0_IRQHandler
                0x080016d0                TIM2_IRQHandler
                0x080016d0                GPDMA1_Channel4_IRQHandler
                0x080016d0                OTG_HS_IRQHandler
                0x080016d0                EXTI7_IRQHandler
                0x080016d0                DMA2D_IRQHandler
                0x080016d0                TIM1_BRK_IRQHandler
                0x080016d0                EXTI1_IRQHandler
                0x080016d0                SDMMC2_IRQHandler
                0x080016d0                AES_IRQHandler
                0x080016d0                DAC1_IRQHandler
                0x080016d0                GTZC_IRQHandler
                0x080016d0                MDF1_FLT3_IRQHandler
                0x080016d0                USART2_IRQHandler
                0x080016d0                I2C6_EV_IRQHandler
                0x080016d0                GPDMA1_Channel6_IRQHandler
                0x080016d0                I2C2_ER_IRQHandler
                0x080016d0                TIM8_BRK_IRQHandler
                0x080016d0                FLASH_IRQHandler
                0x080016d0                EXTI10_IRQHandler
                0x080016d0                SPI3_IRQHandler
                0x080016d0                LPDMA1_Channel2_IRQHandler
                0x080016d0                I2C1_ER_IRQHandler
                0x080016d0                FMC_IRQHandler
                0x080016d0                EXTI6_IRQHandler
                0x080016d0                LPTIM1_IRQHandler
                0x080016d0                DCMI_PSSI_IRQHandler
                0x080016d0                I2C4_ER_IRQHandler
                0x080016d0                GPDMA1_Channel10_IRQHandler
                0x080016d0                ICACHE_IRQHandler
                0x080016d0                HASH_IRQHandler
 *fill*         0x080016d2        0x2 
 .text.HAL_InitTick
                0x080016d4       0x90 ./Drivers/STM32U5xx_HAL_Driver/Src/stm32u5xx_hal.o
                0x080016d4                HAL_InitTick
 .text.HAL_Init
                0x08001764       0x54 ./Drivers/STM32U5xx_HAL_Driver/Src/stm32u5xx_hal.o
                0x08001764                HAL_Init
 .text.HAL_IncTick
                0x080017b8       0x18 ./Drivers/STM32U5xx_HAL_Driver/Src/stm32u5xx_hal.o
                0x080017b8                HAL_IncTick
 .text.HAL_GetTick
                0x080017d0        0xc ./Drivers/STM32U5xx_HAL_Driver/Src/stm32u5xx_hal.o
                0x080017d0                HAL_GetTick
 .text.HAL_Delay
                0x080017dc       0x24 ./Drivers/STM32U5xx_HAL_Driver/Src/stm32u5xx_hal.o
                0x080017dc                HAL_Delay
 .text.HAL_SYSCFG_EnableOTGPHY
                0x08001800       0x14 ./Drivers/STM32U5xx_HAL_Driver/Src/stm32u5xx_hal.o
                0x08001800                HAL_SYSCFG_EnableOTGPHY
 .text.HAL_SYSCFG_SetOTGPHYReferenceClockSelection
                0x08001814       0x14 ./Drivers/STM32U5xx_HAL_Driver/Src/stm32u5xx_hal.o
                0x08001814                HAL_SYSCFG_SetOTGPHYReferenceClockSelection
 .text.LL_ADC_SetOffset
                0x08001828       0x1c ./Drivers/STM32U5xx_HAL_Driver/Src/stm32u5xx_hal_adc.o
 .text.LL_ADC_GetOffsetChannel
                0x08001844       0x1a ./Drivers/STM32U5xx_HAL_Driver/Src/stm32u5xx_hal_adc.o
 .text.LL_ADC_IsEnabled
                0x0800185e        0x8 ./Drivers/STM32U5xx_HAL_Driver/Src/stm32u5xx_hal_adc.o
 .text.LL_ADC_REG_IsConversionOngoing
                0x08001866        0x8 ./Drivers/STM32U5xx_HAL_Driver/Src/stm32u5xx_hal_adc.o
 *fill*         0x0800186e        0x2 
 .text.LL_ADC_REG_SetSequencerRanks.part.0
                0x08001870       0x34 ./Drivers/STM32U5xx_HAL_Driver/Src/stm32u5xx_hal_adc.o
 .text.LL_ADC_SetChannelSamplingTime
                0x080018a4       0x58 ./Drivers/STM32U5xx_HAL_Driver/Src/stm32u5xx_hal_adc.o
 .text.HAL_ADC_Init
                0x080018fc      0x380 ./Drivers/STM32U5xx_HAL_Driver/Src/stm32u5xx_hal_adc.o
                0x080018fc                HAL_ADC_Init
 .text.HAL_ADC_ConfigChannel
                0x08001c7c      0x5b8 ./Drivers/STM32U5xx_HAL_Driver/Src/stm32u5xx_hal_adc.o
                0x08001c7c                HAL_ADC_ConfigChannel
 .text.HAL_NVIC_SetPriorityGrouping
                0x08002234       0x24 ./Drivers/STM32U5xx_HAL_Driver/Src/stm32u5xx_hal_cortex.o
                0x08002234                HAL_NVIC_SetPriorityGrouping
 .text.HAL_NVIC_SetPriority
                0x08002258       0x60 ./Drivers/STM32U5xx_HAL_Driver/Src/stm32u5xx_hal_cortex.o
                0x08002258                HAL_NVIC_SetPriority
 .text.HAL_NVIC_EnableIRQ
                0x080022b8       0x1c ./Drivers/STM32U5xx_HAL_Driver/Src/stm32u5xx_hal_cortex.o
                0x080022b8                HAL_NVIC_EnableIRQ
 .text.HAL_SYSTICK_Config
                0x080022d4       0x20 ./Drivers/STM32U5xx_HAL_Driver/Src/stm32u5xx_hal_cortex.o
                0x080022d4                HAL_SYSTICK_Config
 .text.HAL_SYSTICK_CLKSourceConfig
                0x080022f4       0x74 ./Drivers/STM32U5xx_HAL_Driver/Src/stm32u5xx_hal_cortex.o
                0x080022f4                HAL_SYSTICK_CLKSourceConfig
 .text.HAL_SYSTICK_GetCLKSourceConfig
                0x08002368       0x34 ./Drivers/STM32U5xx_HAL_Driver/Src/stm32u5xx_hal_cortex.o
                0x08002368                HAL_SYSTICK_GetCLKSourceConfig
 .text.HAL_DMA_Init
                0x0800239c      0x380 ./Drivers/STM32U5xx_HAL_Driver/Src/stm32u5xx_hal_dma.o
                0x0800239c                HAL_DMA_Init
 .text.HAL_DMA_Start_IT
                0x0800271c       0x78 ./Drivers/STM32U5xx_HAL_Driver/Src/stm32u5xx_hal_dma.o
                0x0800271c                HAL_DMA_Start_IT
 .text.HAL_DMA_Abort
                0x08002794       0x94 ./Drivers/STM32U5xx_HAL_Driver/Src/stm32u5xx_hal_dma.o
                0x08002794                HAL_DMA_Abort
 .text.HAL_DMA_Abort_IT
                0x08002828       0x2a ./Drivers/STM32U5xx_HAL_Driver/Src/stm32u5xx_hal_dma.o
                0x08002828                HAL_DMA_Abort_IT
 .text.HAL_DMA_IRQHandler
                0x08002852      0x17e ./Drivers/STM32U5xx_HAL_Driver/Src/stm32u5xx_hal_dma.o
                0x08002852                HAL_DMA_IRQHandler
 .text.HAL_DMA_ConfigChannelAttributes
                0x080029d0       0x3c ./Drivers/STM32U5xx_HAL_Driver/Src/stm32u5xx_hal_dma.o
                0x080029d0                HAL_DMA_ConfigChannelAttributes
 .text.DMA_List_CheckNodesBaseAddresses
                0x08002a0c       0x1e ./Drivers/STM32U5xx_HAL_Driver/Src/stm32u5xx_hal_dma_ex.o
 .text.DMA_List_CheckNodesTypes
                0x08002a2a       0x34 ./Drivers/STM32U5xx_HAL_Driver/Src/stm32u5xx_hal_dma_ex.o
 *fill*         0x08002a5e        0x2 
 .text.DMA_List_FindNode
                0x08002a60       0xac ./Drivers/STM32U5xx_HAL_Driver/Src/stm32u5xx_hal_dma_ex.o
 .text.HAL_DMAEx_List_Init
                0x08002b0c      0x1f0 ./Drivers/STM32U5xx_HAL_Driver/Src/stm32u5xx_hal_dma_ex.o
                0x08002b0c                HAL_DMAEx_List_Init
 .text.HAL_DMAEx_List_Start_IT
                0x08002cfc       0xb0 ./Drivers/STM32U5xx_HAL_Driver/Src/stm32u5xx_hal_dma_ex.o
                0x08002cfc                HAL_DMAEx_List_Start_IT
 .text.HAL_DMAEx_List_BuildNode
                0x08002dac      0x138 ./Drivers/STM32U5xx_HAL_Driver/Src/stm32u5xx_hal_dma_ex.o
                0x08002dac                HAL_DMAEx_List_BuildNode
 .text.HAL_DMAEx_List_InsertNode
                0x08002ee4       0xe8 ./Drivers/STM32U5xx_HAL_Driver/Src/stm32u5xx_hal_dma_ex.o
                0x08002ee4                HAL_DMAEx_List_InsertNode
 .text.HAL_DMAEx_List_SetCircularMode
                0x08002fcc       0x70 ./Drivers/STM32U5xx_HAL_Driver/Src/stm32u5xx_hal_dma_ex.o
                0x08002fcc                HAL_DMAEx_List_SetCircularMode
 .text.HAL_DMAEx_List_LinkQ
                0x0800303c       0xa0 ./Drivers/STM32U5xx_HAL_Driver/Src/stm32u5xx_hal_dma_ex.o
                0x0800303c                HAL_DMAEx_List_LinkQ
 .text.HAL_GPIO_Init
                0x080030dc      0x218 ./Drivers/STM32U5xx_HAL_Driver/Src/stm32u5xx_hal_gpio.o
                0x080030dc                HAL_GPIO_Init
 .text.HAL_GPIO_WritePin
                0x080032f4        0xa ./Drivers/STM32U5xx_HAL_Driver/Src/stm32u5xx_hal_gpio.o
                0x080032f4                HAL_GPIO_WritePin
 .text.HAL_HCD_Init
                0x080032fe       0x6c ./Drivers/STM32U5xx_HAL_Driver/Src/stm32u5xx_hal_hcd.o
                0x080032fe                HAL_HCD_Init
 .text.HAL_I2C_Init
                0x0800336a       0xaa ./Drivers/STM32U5xx_HAL_Driver/Src/stm32u5xx_hal_i2c.o
                0x0800336a                HAL_I2C_Init
 .text.HAL_I2CEx_ConfigAnalogFilter
                0x08003414       0x4c ./Drivers/STM32U5xx_HAL_Driver/Src/stm32u5xx_hal_i2c_ex.o
                0x08003414                HAL_I2CEx_ConfigAnalogFilter
 .text.HAL_I2CEx_ConfigDigitalFilter
                0x08003460       0x4a ./Drivers/STM32U5xx_HAL_Driver/Src/stm32u5xx_hal_i2c_ex.o
                0x08003460                HAL_I2CEx_ConfigDigitalFilter
 *fill*         0x080034aa        0x2 
 .text.HAL_ICACHE_ConfigAssociativityMode
                0x080034ac       0x20 ./Drivers/STM32U5xx_HAL_Driver/Src/stm32u5xx_hal_icache.o
                0x080034ac                HAL_ICACHE_ConfigAssociativityMode
 .text.HAL_ICACHE_Enable
                0x080034cc       0x14 ./Drivers/STM32U5xx_HAL_Driver/Src/stm32u5xx_hal_icache.o
                0x080034cc                HAL_ICACHE_Enable
 .text.MMC_ReadExtCSD.constprop.0
                0x080034e0      0x11c ./Drivers/STM32U5xx_HAL_Driver/Src/stm32u5xx_hal_mmc.o
 .text.MMC_PwrClassUpdate
                0x080035fc       0xbe ./Drivers/STM32U5xx_HAL_Driver/Src/stm32u5xx_hal_mmc.o
 *fill*         0x080036ba        0x2 
 .text.HAL_MMC_GetCardCSD
                0x080036bc      0x174 ./Drivers/STM32U5xx_HAL_Driver/Src/stm32u5xx_hal_mmc.o
                0x080036bc                HAL_MMC_GetCardCSD
 .text.HAL_MMC_GetCardExtCSD
                0x08003830      0x124 ./Drivers/STM32U5xx_HAL_Driver/Src/stm32u5xx_hal_mmc.o
                0x08003830                HAL_MMC_GetCardExtCSD
 .text.HAL_MMC_InitCard
                0x08003954      0x208 ./Drivers/STM32U5xx_HAL_Driver/Src/stm32u5xx_hal_mmc.o
                0x08003954                HAL_MMC_InitCard
 .text.HAL_MMC_ConfigWideBusOperation
                0x08003b5c      0x104 ./Drivers/STM32U5xx_HAL_Driver/Src/stm32u5xx_hal_mmc.o
                0x08003b5c                HAL_MMC_ConfigWideBusOperation
 .text.HAL_MMC_Init
                0x08003c60       0x46 ./Drivers/STM32U5xx_HAL_Driver/Src/stm32u5xx_hal_mmc.o
                0x08003c60                HAL_MMC_Init
 .text.OSPI_WaitFlagStateUntilTimeout
                0x08003ca6       0x58 ./Drivers/STM32U5xx_HAL_Driver/Src/stm32u5xx_hal_ospi.o
 *fill*         0x08003cfe        0x2 
 .text.HAL_OSPI_Init
                0x08003d00       0xe8 ./Drivers/STM32U5xx_HAL_Driver/Src/stm32u5xx_hal_ospi.o
                0x08003d00                HAL_OSPI_Init
 .text.HAL_OSPIM_Config
                0x08003de8      0x4ec ./Drivers/STM32U5xx_HAL_Driver/Src/stm32u5xx_hal_ospi.o
                0x08003de8                HAL_OSPIM_Config
 .text.HAL_PWREx_ControlVoltageScaling
                0x080042d4       0x80 ./Drivers/STM32U5xx_HAL_Driver/Src/stm32u5xx_hal_pwr_ex.o
                0x080042d4                HAL_PWREx_ControlVoltageScaling
 .text.HAL_PWREx_GetVoltageRange
                0x08004354       0x10 ./Drivers/STM32U5xx_HAL_Driver/Src/stm32u5xx_hal_pwr_ex.o
                0x08004354                HAL_PWREx_GetVoltageRange
 .text.HAL_PWREx_ConfigSupply
                0x08004364       0x58 ./Drivers/STM32U5xx_HAL_Driver/Src/stm32u5xx_hal_pwr_ex.o
                0x08004364                HAL_PWREx_ConfigSupply
 .text.HAL_PWREx_EnableVddUSB
                0x080043bc       0x10 ./Drivers/STM32U5xx_HAL_Driver/Src/stm32u5xx_hal_pwr_ex.o
                0x080043bc                HAL_PWREx_EnableVddUSB
 .text.HAL_PWREx_EnableVddIO2
                0x080043cc       0x10 ./Drivers/STM32U5xx_HAL_Driver/Src/stm32u5xx_hal_pwr_ex.o
                0x080043cc                HAL_PWREx_EnableVddIO2
 .text.HAL_PWREx_EnableVddA
                0x080043dc       0x10 ./Drivers/STM32U5xx_HAL_Driver/Src/stm32u5xx_hal_pwr_ex.o
                0x080043dc                HAL_PWREx_EnableVddA
 .text.HAL_PWREx_EnableUSBHSTranceiverSupply
                0x080043ec       0x1c ./Drivers/STM32U5xx_HAL_Driver/Src/stm32u5xx_hal_pwr_ex.o
                0x080043ec                HAL_PWREx_EnableUSBHSTranceiverSupply
 .text.HAL_PWREx_DisableUCPDDeadBattery
                0x08004408       0x10 ./Drivers/STM32U5xx_HAL_Driver/Src/stm32u5xx_hal_pwr_ex.o
                0x08004408                HAL_PWREx_DisableUCPDDeadBattery
 .text.RCC_SetFlashLatencyFromMSIRange
                0x08004418       0xb8 ./Drivers/STM32U5xx_HAL_Driver/Src/stm32u5xx_hal_rcc.o
 .text.HAL_RCC_GetSysClockFreq
                0x080044d0      0x104 ./Drivers/STM32U5xx_HAL_Driver/Src/stm32u5xx_hal_rcc.o
                0x080044d0                HAL_RCC_GetSysClockFreq
 .text.HAL_RCC_ClockConfig
                0x080045d4      0x29c ./Drivers/STM32U5xx_HAL_Driver/Src/stm32u5xx_hal_rcc.o
                0x080045d4                HAL_RCC_ClockConfig
 .text.HAL_RCC_GetHCLKFreq
                0x08004870       0x28 ./Drivers/STM32U5xx_HAL_Driver/Src/stm32u5xx_hal_rcc.o
                0x08004870                HAL_RCC_GetHCLKFreq
 .text.HAL_RCC_OscConfig
                0x08004898      0x8c0 ./Drivers/STM32U5xx_HAL_Driver/Src/stm32u5xx_hal_rcc.o
                0x08004898                HAL_RCC_OscConfig
 .text.HAL_RCC_GetPCLK1Freq
                0x08005158       0x20 ./Drivers/STM32U5xx_HAL_Driver/Src/stm32u5xx_hal_rcc.o
                0x08005158                HAL_RCC_GetPCLK1Freq
 .text.HAL_RCC_GetPCLK2Freq
                0x08005178       0x20 ./Drivers/STM32U5xx_HAL_Driver/Src/stm32u5xx_hal_rcc.o
                0x08005178                HAL_RCC_GetPCLK2Freq
 .text.HAL_RCC_GetPCLK3Freq
                0x08005198       0x20 ./Drivers/STM32U5xx_HAL_Driver/Src/stm32u5xx_hal_rcc.o
                0x08005198                HAL_RCC_GetPCLK3Freq
 .text.RCCEx_PLL2_Config
                0x080051b8       0xd4 ./Drivers/STM32U5xx_HAL_Driver/Src/stm32u5xx_hal_rcc_ex.o
 .text.RCCEx_PLL3_Config
                0x0800528c       0xd4 ./Drivers/STM32U5xx_HAL_Driver/Src/stm32u5xx_hal_rcc_ex.o
 .text.HAL_RCCEx_PeriphCLKConfig
                0x08005360      0x748 ./Drivers/STM32U5xx_HAL_Driver/Src/stm32u5xx_hal_rcc_ex.o
                0x08005360                HAL_RCCEx_PeriphCLKConfig
 .text.HAL_RCCEx_GetPLL1ClockFreq
                0x08005aa8      0x128 ./Drivers/STM32U5xx_HAL_Driver/Src/stm32u5xx_hal_rcc_ex.o
                0x08005aa8                HAL_RCCEx_GetPLL1ClockFreq
 .text.HAL_RCCEx_GetPLL2ClockFreq
                0x08005bd0      0x128 ./Drivers/STM32U5xx_HAL_Driver/Src/stm32u5xx_hal_rcc_ex.o
                0x08005bd0                HAL_RCCEx_GetPLL2ClockFreq
 .text.HAL_RCCEx_GetPLL3ClockFreq
                0x08005cf8      0x128 ./Drivers/STM32U5xx_HAL_Driver/Src/stm32u5xx_hal_rcc_ex.o
                0x08005cf8                HAL_RCCEx_GetPLL3ClockFreq
 .text.HAL_RCCEx_GetPeriphCLKFreq
                0x08005e20      0xef4 ./Drivers/STM32U5xx_HAL_Driver/Src/stm32u5xx_hal_rcc_ex.o
                0x08005e20                HAL_RCCEx_GetPeriphCLKFreq
 .text.SAI_InterruptFlag
                0x08006d14       0x2c ./Drivers/STM32U5xx_HAL_Driver/Src/stm32u5xx_hal_sai.o
 .text.SAI_Disable
                0x08006d40       0x40 ./Drivers/STM32U5xx_HAL_Driver/Src/stm32u5xx_hal_sai.o
 .text.HAL_SAI_Init
                0x08006d80      0x270 ./Drivers/STM32U5xx_HAL_Driver/Src/stm32u5xx_hal_sai.o
                0x08006d80                HAL_SAI_Init
 .text.HAL_SAI_InitProtocol
                0x08006ff0      0x124 ./Drivers/STM32U5xx_HAL_Driver/Src/stm32u5xx_hal_sai.o
                0x08006ff0                HAL_SAI_InitProtocol
 .text.HAL_SAI_Abort
                0x08007114       0xaa ./Drivers/STM32U5xx_HAL_Driver/Src/stm32u5xx_hal_sai.o
                0x08007114                HAL_SAI_Abort
 *fill*         0x080071be        0x2 
 .text.HAL_SAI_Receive_DMA
                0x080071c0       0xd8 ./Drivers/STM32U5xx_HAL_Driver/Src/stm32u5xx_hal_sai.o
                0x080071c0                HAL_SAI_Receive_DMA
 .text.SAI_DMARxCplt
                0x08007298       0x36 ./Drivers/STM32U5xx_HAL_Driver/Src/stm32u5xx_hal_sai.o
 .text.SAI_DMARxHalfCplt
                0x080072ce        0xa ./Drivers/STM32U5xx_HAL_Driver/Src/stm32u5xx_hal_sai.o
 .text.SAI_DMAError
                0x080072d8       0x34 ./Drivers/STM32U5xx_HAL_Driver/Src/stm32u5xx_hal_sai.o
 .text.HAL_SAI_IRQHandler
                0x0800730c      0x128 ./Drivers/STM32U5xx_HAL_Driver/Src/stm32u5xx_hal_sai.o
                0x0800730c                HAL_SAI_IRQHandler
 .text.SAI_DMAAbort
                0x08007434       0x42 ./Drivers/STM32U5xx_HAL_Driver/Src/stm32u5xx_hal_sai.o
 .text.UART_EndTxTransfer
                0x08007476       0x34 ./Drivers/STM32U5xx_HAL_Driver/Src/stm32u5xx_hal_uart.o
 *fill*         0x080074aa        0x2 
 .text.UART_EndRxTransfer
                0x080074ac       0x58 ./Drivers/STM32U5xx_HAL_Driver/Src/stm32u5xx_hal_uart.o
 .text.HAL_UART_Transmit_DMA
                0x08007504       0xb8 ./Drivers/STM32U5xx_HAL_Driver/Src/stm32u5xx_hal_uart.o
                0x08007504                HAL_UART_Transmit_DMA
 .text.UART_DMATransmitCplt
                0x080075bc       0x44 ./Drivers/STM32U5xx_HAL_Driver/Src/stm32u5xx_hal_uart.o
 .text.HAL_UART_TxHalfCpltCallback
                0x08007600        0x2 ./Drivers/STM32U5xx_HAL_Driver/Src/stm32u5xx_hal_uart.o
                0x08007600                HAL_UART_TxHalfCpltCallback
 .text.UART_DMATxHalfCplt
                0x08007602        0xa ./Drivers/STM32U5xx_HAL_Driver/Src/stm32u5xx_hal_uart.o
 .text.HAL_UART_ErrorCallback
                0x0800760c        0x2 ./Drivers/STM32U5xx_HAL_Driver/Src/stm32u5xx_hal_uart.o
                0x0800760c                HAL_UART_ErrorCallback
 .text.UART_DMAError
                0x0800760e       0x48 ./Drivers/STM32U5xx_HAL_Driver/Src/stm32u5xx_hal_uart.o
 .text.UART_DMAAbortOnError
                0x08007656       0x10 ./Drivers/STM32U5xx_HAL_Driver/Src/stm32u5xx_hal_uart.o
 .text.HAL_UARTEx_RxEventCallback
                0x08007666        0x2 ./Drivers/STM32U5xx_HAL_Driver/Src/stm32u5xx_hal_uart.o
                0x08007666                HAL_UARTEx_RxEventCallback
 .text.HAL_UART_IRQHandler
                0x08007668      0x2e8 ./Drivers/STM32U5xx_HAL_Driver/Src/stm32u5xx_hal_uart.o
                0x08007668                HAL_UART_IRQHandler
 .text.UART_SetConfig
                0x08007950      0x1a4 ./Drivers/STM32U5xx_HAL_Driver/Src/stm32u5xx_hal_uart.o
                0x08007950                UART_SetConfig
 .text.UART_AdvFeatureConfig
                0x08007af4       0xaa ./Drivers/STM32U5xx_HAL_Driver/Src/stm32u5xx_hal_uart.o
                0x08007af4                UART_AdvFeatureConfig
 .text.UART_WaitOnFlagUntilTimeout
                0x08007b9e       0x90 ./Drivers/STM32U5xx_HAL_Driver/Src/stm32u5xx_hal_uart.o
                0x08007b9e                UART_WaitOnFlagUntilTimeout
 .text.UART_CheckIdleState
                0x08007c2e       0xb6 ./Drivers/STM32U5xx_HAL_Driver/Src/stm32u5xx_hal_uart.o
                0x08007c2e                UART_CheckIdleState
 .text.HAL_UART_Init
                0x08007ce4       0x60 ./Drivers/STM32U5xx_HAL_Driver/Src/stm32u5xx_hal_uart.o
                0x08007ce4                HAL_UART_Init
 .text.UARTEx_SetNbDataToProcess
                0x08007d44       0x44 ./Drivers/STM32U5xx_HAL_Driver/Src/stm32u5xx_hal_uart_ex.o
 .text.HAL_UARTEx_RxFifoFullCallback
                0x08007d88        0x2 ./Drivers/STM32U5xx_HAL_Driver/Src/stm32u5xx_hal_uart_ex.o
                0x08007d88                HAL_UARTEx_RxFifoFullCallback
 .text.HAL_UARTEx_TxFifoEmptyCallback
                0x08007d8a        0x2 ./Drivers/STM32U5xx_HAL_Driver/Src/stm32u5xx_hal_uart_ex.o
                0x08007d8a                HAL_UARTEx_TxFifoEmptyCallback
 .text.HAL_UARTEx_DisableFifoMode
                0x08007d8c       0x36 ./Drivers/STM32U5xx_HAL_Driver/Src/stm32u5xx_hal_uart_ex.o
                0x08007d8c                HAL_UARTEx_DisableFifoMode
 .text.HAL_UARTEx_SetTxFifoThreshold
                0x08007dc2       0x40 ./Drivers/STM32U5xx_HAL_Driver/Src/stm32u5xx_hal_uart_ex.o
                0x08007dc2                HAL_UARTEx_SetTxFifoThreshold
 .text.HAL_UARTEx_SetRxFifoThreshold
                0x08007e02       0x40 ./Drivers/STM32U5xx_HAL_Driver/Src/stm32u5xx_hal_uart_ex.o
                0x08007e02                HAL_UARTEx_SetRxFifoThreshold
 .text.XSPI_WaitFlagStateUntilTimeout
                0x08007e42       0x4e ./Drivers/STM32U5xx_HAL_Driver/Src/stm32u5xx_hal_xspi.o
 .text.HAL_XSPI_Init
                0x08007e90      0x178 ./Drivers/STM32U5xx_HAL_Driver/Src/stm32u5xx_hal_xspi.o
                0x08007e90                HAL_XSPI_Init
 .text.SDMMC_Init
                0x08008008       0x34 ./Drivers/STM32U5xx_HAL_Driver/Src/stm32u5xx_ll_sdmmc.o
                0x08008008                SDMMC_Init
 .text.SDMMC_ReadFIFO
                0x0800803c        0x6 ./Drivers/STM32U5xx_HAL_Driver/Src/stm32u5xx_ll_sdmmc.o
                0x0800803c                SDMMC_ReadFIFO
 .text.SDMMC_PowerState_ON
                0x08008042        0xc ./Drivers/STM32U5xx_HAL_Driver/Src/stm32u5xx_ll_sdmmc.o
                0x08008042                SDMMC_PowerState_ON
 .text.SDMMC_GetPowerState
                0x0800804e        0x8 ./Drivers/STM32U5xx_HAL_Driver/Src/stm32u5xx_ll_sdmmc.o
                0x0800804e                SDMMC_GetPowerState
 *fill*         0x08008056        0x2 
 .text.SDMMC_SendCommand
                0x08008058       0x28 ./Drivers/STM32U5xx_HAL_Driver/Src/stm32u5xx_ll_sdmmc.o
                0x08008058                SDMMC_SendCommand
 .text.SDMMC_GetResponse
                0x08008080        0x6 ./Drivers/STM32U5xx_HAL_Driver/Src/stm32u5xx_ll_sdmmc.o
                0x08008080                SDMMC_GetResponse
 .text.SDMMC_ConfigData
                0x08008086       0x26 ./Drivers/STM32U5xx_HAL_Driver/Src/stm32u5xx_ll_sdmmc.o
                0x08008086                SDMMC_ConfigData
 .text.SDMMC_CmdGoIdleState
                0x080080ac       0x50 ./Drivers/STM32U5xx_HAL_Driver/Src/stm32u5xx_ll_sdmmc.o
                0x080080ac                SDMMC_CmdGoIdleState
 .text.SDMMC_GetCmdResp1
                0x080080fc      0x124 ./Drivers/STM32U5xx_HAL_Driver/Src/stm32u5xx_ll_sdmmc.o
                0x080080fc                SDMMC_GetCmdResp1
 .text.SDMMC_CmdBlockLength
                0x08008220       0x34 ./Drivers/STM32U5xx_HAL_Driver/Src/stm32u5xx_ll_sdmmc.o
                0x08008220                SDMMC_CmdBlockLength
 .text.SDMMC_CmdSelDesel
                0x08008254       0x34 ./Drivers/STM32U5xx_HAL_Driver/Src/stm32u5xx_ll_sdmmc.o
                0x08008254                SDMMC_CmdSelDesel
 .text.SDMMC_CmdBusWidth
                0x08008288       0x34 ./Drivers/STM32U5xx_HAL_Driver/Src/stm32u5xx_ll_sdmmc.o
                0x08008288                SDMMC_CmdBusWidth
 .text.SDMMC_CmdSwitch
                0x080082bc        0x4 ./Drivers/STM32U5xx_HAL_Driver/Src/stm32u5xx_ll_sdmmc.o
                0x080082bc                SDMMC_CmdSwitch
 .text.SDMMC_CmdSetRelAddMmc
                0x080082c0       0x36 ./Drivers/STM32U5xx_HAL_Driver/Src/stm32u5xx_ll_sdmmc.o
                0x080082c0                SDMMC_CmdSetRelAddMmc
 .text.SDMMC_CmdSendStatus
                0x080082f6       0x34 ./Drivers/STM32U5xx_HAL_Driver/Src/stm32u5xx_ll_sdmmc.o
                0x080082f6                SDMMC_CmdSendStatus
 .text.SDMMC_CmdSendEXTCSD
                0x0800832a       0x34 ./Drivers/STM32U5xx_HAL_Driver/Src/stm32u5xx_ll_sdmmc.o
                0x0800832a                SDMMC_CmdSendEXTCSD
 *fill*         0x0800835e        0x2 
 .text.SDMMC_GetCmdResp2
                0x08008360       0x50 ./Drivers/STM32U5xx_HAL_Driver/Src/stm32u5xx_ll_sdmmc.o
                0x08008360                SDMMC_GetCmdResp2
 .text.SDMMC_CmdSendCID
                0x080083b0       0x2e ./Drivers/STM32U5xx_HAL_Driver/Src/stm32u5xx_ll_sdmmc.o
                0x080083b0                SDMMC_CmdSendCID
 .text.SDMMC_CmdSendCSD
                0x080083de       0x2e ./Drivers/STM32U5xx_HAL_Driver/Src/stm32u5xx_ll_sdmmc.o
                0x080083de                SDMMC_CmdSendCSD
 .text.SDMMC_GetCmdResp3
                0x0800840c       0x48 ./Drivers/STM32U5xx_HAL_Driver/Src/stm32u5xx_ll_sdmmc.o
                0x0800840c                SDMMC_GetCmdResp3
 .text.SDMMC_CmdOpCondition
                0x08008454       0x2e ./Drivers/STM32U5xx_HAL_Driver/Src/stm32u5xx_ll_sdmmc.o
                0x08008454                SDMMC_CmdOpCondition
 .text.USB_CoreInit
                0x08008482       0x8e ./Drivers/STM32U5xx_HAL_Driver/Src/stm32u5xx_ll_usb.o
                0x08008482                USB_CoreInit
 .text.USB_DisableGlobalInt
                0x08008510        0xc ./Drivers/STM32U5xx_HAL_Driver/Src/stm32u5xx_ll_usb.o
                0x08008510                USB_DisableGlobalInt
 .text.USB_SetCurrentMode
                0x0800851c       0x5c ./Drivers/STM32U5xx_HAL_Driver/Src/stm32u5xx_ll_usb.o
                0x0800851c                USB_SetCurrentMode
 .text.USB_FlushTxFifo
                0x08008578       0x46 ./Drivers/STM32U5xx_HAL_Driver/Src/stm32u5xx_ll_usb.o
                0x08008578                USB_FlushTxFifo
 .text.USB_FlushRxFifo
                0x080085be       0x42 ./Drivers/STM32U5xx_HAL_Driver/Src/stm32u5xx_ll_usb.o
                0x080085be                USB_FlushRxFifo
 .text.USB_HostInit
                0x08008600       0xf0 ./Drivers/STM32U5xx_HAL_Driver/Src/stm32u5xx_ll_usb.o
                0x08008600                USB_HostInit
 .text.memset   0x080086f0       0x10 C:/ST/STM32CubeIDE_2.1.1/STM32CubeIDE/plugins/com.st.stm32cube.ide.mcu.externaltools.gnu-tools-for-stm32.14.3.rel1.win32_1.0.100.202602081740/tools/bin/../lib/gcc/arm-none-eabi/14.3.1/../../../../arm-none-eabi/lib/thumb/v8-m.main+fp/hard\libc_nano.a(libc_a-memset.o)
                0x080086f0                memset
 .text.__libc_init_array
                0x08008700       0x48 C:/ST/STM32CubeIDE_2.1.1/STM32CubeIDE/plugins/com.st.stm32cube.ide.mcu.externaltools.gnu-tools-for-stm32.14.3.rel1.win32_1.0.100.202602081740/tools/bin/../lib/gcc/arm-none-eabi/14.3.1/../../../../arm-none-eabi/lib/thumb/v8-m.main+fp/hard\libc_nano.a(libc_a-init.o)
                0x08008700                __libc_init_array
 *(.glue_7)
 .glue_7        0x08008748        0x0 linker stubs
 *(.glue_7t)
 .glue_7t       0x08008748        0x0 linker stubs
 *(.eh_frame)
 .eh_frame      0x08008748        0x0 C:/ST/STM32CubeIDE_2.1.1/STM32CubeIDE/plugins/com.st.stm32cube.ide.mcu.externaltools.gnu-tools-for-stm32.14.3.rel1.win32_1.0.100.202602081740/tools/bin/../lib/gcc/arm-none-eabi/14.3.1/thumb/v8-m.main+fp/hard/crtbegin.o
 *(.init)
 .init          0x08008748        0x4 C:/ST/STM32CubeIDE_2.1.1/STM32CubeIDE/plugins/com.st.stm32cube.ide.mcu.externaltools.gnu-tools-for-stm32.14.3.rel1.win32_1.0.100.202602081740/tools/bin/../lib/gcc/arm-none-eabi/14.3.1/thumb/v8-m.main+fp/hard/crti.o
                0x08008748                _init
 .init          0x0800874c        0x8 C:/ST/STM32CubeIDE_2.1.1/STM32CubeIDE/plugins/com.st.stm32cube.ide.mcu.externaltools.gnu-tools-for-stm32.14.3.rel1.win32_1.0.100.202602081740/tools/bin/../lib/gcc/arm-none-eabi/14.3.1/thumb/v8-m.main+fp/hard/crtn.o
 *(.fini)
 .fini          0x08008754        0x4 C:/ST/STM32CubeIDE_2.1.1/STM32CubeIDE/plugins/com.st.stm32cube.ide.mcu.externaltools.gnu-tools-for-stm32.14.3.rel1.win32_1.0.100.202602081740/tools/bin/../lib/gcc/arm-none-eabi/14.3.1/thumb/v8-m.main+fp/hard/crti.o
                0x08008754                _fini
 .fini          0x08008758        0x8 C:/ST/STM32CubeIDE_2.1.1/STM32CubeIDE/plugins/com.st.stm32cube.ide.mcu.externaltools.gnu-tools-for-stm32.14.3.rel1.win32_1.0.100.202602081740/tools/bin/../lib/gcc/arm-none-eabi/14.3.1/thumb/v8-m.main+fp/hard/crtn.o
                0x08008760                        _etext = .

.vfp11_veneer   0x08008760        0x0
 .vfp11_veneer  0x08008760        0x0 linker stubs

.v4_bx          0x08008760        0x0
 .v4_bx         0x08008760        0x0 linker stubs

.iplt           0x08008760        0x0
 .iplt          0x08008760        0x0 C:/ST/STM32CubeIDE_2.1.1/STM32CubeIDE/plugins/com.st.stm32cube.ide.mcu.externaltools.gnu-tools-for-stm32.14.3.rel1.win32_1.0.100.202602081740/tools/bin/../lib/gcc/arm-none-eabi/14.3.1/thumb/v8-m.main+fp/hard/crtbegin.o

.rodata         0x08008760      0x100
 *(.rodata)
 *(.rodata*)
 .rodata.MSIRangeTable
                0x08008760       0x40 ./Core/Src/system_stm32u5xx.o
                0x08008760                MSIRangeTable
 .rodata.APBPrescTable
                0x080087a0        0x8 ./Core/Src/system_stm32u5xx.o
                0x080087a0                APBPrescTable
 .rodata.AHBPrescTable
                0x080087a8       0x10 ./Core/Src/system_stm32u5xx.o
                0x080087a8                AHBPrescTable
 .rodata.LPGPIO_Map
                0x080087b8       0x80 ./Drivers/STM32U5xx_HAL_Driver/Src/stm32u5xx_hal_gpio.o
 .rodata.UARTPrescTable
                0x08008838       0x18 ./Drivers/STM32U5xx_HAL_Driver/Src/stm32u5xx_hal_uart.o
                0x08008838                UARTPrescTable
 .rodata.denominator.0
                0x08008850        0x8 ./Drivers/STM32U5xx_HAL_Driver/Src/stm32u5xx_hal_uart_ex.o
 .rodata.numerator.1
                0x08008858        0x8 ./Drivers/STM32U5xx_HAL_Driver/Src/stm32u5xx_hal_uart_ex.o

.ARM.extab
 *(.ARM.extab* .gnu.linkonce.armextab.*)

.ARM            0x08008860        0x8
                0x08008860                        __exidx_start = .
 *(.ARM.exidx*)
 .ARM.exidx     0x08008860        0x8 C:/ST/STM32CubeIDE_2.1.1/STM32CubeIDE/plugins/com.st.stm32cube.ide.mcu.externaltools.gnu-tools-for-stm32.14.3.rel1.win32_1.0.100.202602081740/tools/bin/../lib/gcc/arm-none-eabi/14.3.1/thumb/v8-m.main+fp/hard\libgcc.a(_udivmoddi4.o)
                0x08008868                        __exidx_end = .

.preinit_array  0x08008868        0x0
                0x08008868                        PROVIDE (__preinit_array_start = .)
 *(.preinit_array*)
                0x08008868                        PROVIDE (__preinit_array_end = .)

.init_array     0x08008868        0x4
                0x08008868                        PROVIDE (__init_array_start = .)
 *(SORT_BY_NAME(.init_array.*))
 *(.init_array*)
 .init_array    0x08008868        0x4 C:/ST/STM32CubeIDE_2.1.1/STM32CubeIDE/plugins/com.st.stm32cube.ide.mcu.externaltools.gnu-tools-for-stm32.14.3.rel1.win32_1.0.100.202602081740/tools/bin/../lib/gcc/arm-none-eabi/14.3.1/thumb/v8-m.main+fp/hard/crtbegin.o
                0x0800886c                        PROVIDE (__init_array_end = .)

.fini_array     0x0800886c        0x4
                [!provide]                        PROVIDE (__fini_array_start = .)
 *(SORT_BY_NAME(.fini_array.*))
 *(.fini_array*)
 .fini_array    0x0800886c        0x4 C:/ST/STM32CubeIDE_2.1.1/STM32CubeIDE/plugins/com.st.stm32cube.ide.mcu.externaltools.gnu-tools-for-stm32.14.3.rel1.win32_1.0.100.202602081740/tools/bin/../lib/gcc/arm-none-eabi/14.3.1/thumb/v8-m.main+fp/hard/crtbegin.o
                [!provide]                        PROVIDE (__fini_array_end = .)
                0x08008870                        _sidata = LOADADDR (.data)

.rel.dyn        0x08008870        0x0
 .rel.iplt      0x08008870        0x0 C:/ST/STM32CubeIDE_2.1.1/STM32CubeIDE/plugins/com.st.stm32cube.ide.mcu.externaltools.gnu-tools-for-stm32.14.3.rel1.win32_1.0.100.202602081740/tools/bin/../lib/gcc/arm-none-eabi/14.3.1/thumb/v8-m.main+fp/hard/crtbegin.o

.data           0x20000000        0xc load address 0x08008870
                0x20000000                        _sdata = .
 *(.data)
 *(.data*)
 .data.SystemCoreClock
                0x20000000        0x4 ./Core/Src/system_stm32u5xx.o
                0x20000000                SystemCoreClock
 .data.uwTickFreq
                0x20000004        0x1 ./Drivers/STM32U5xx_HAL_Driver/Src/stm32u5xx_hal.o
                0x20000004                uwTickFreq
 *fill*         0x20000005        0x3 
 .data.uwTickPrio
                0x20000008        0x4 ./Drivers/STM32U5xx_HAL_Driver/Src/stm32u5xx_hal.o
                0x20000008                uwTickPrio
 *(.RamFunc)
 *(.RamFunc*)
                0x2000000c                        _edata = .

.igot.plt       0x2000000c        0x0 load address 0x0800887c
 .igot.plt      0x2000000c        0x0 C:/ST/STM32CubeIDE_2.1.1/STM32CubeIDE/plugins/com.st.stm32cube.ide.mcu.externaltools.gnu-tools-for-stm32.14.3.rel1.win32_1.0.100.202602081740/tools/bin/../lib/gcc/arm-none-eabi/14.3.1/thumb/v8-m.main+fp/hard/crtbegin.o

.bss            0x2000000c     0x498c load address 0x0800887c
                0x2000000c                        _sbss = .
                0x2000000c                        __bss_start__ = _sbss
 *(.bss)
 .bss           0x2000000c       0x1c C:/ST/STM32CubeIDE_2.1.1/STM32CubeIDE/plugins/com.st.stm32cube.ide.mcu.externaltools.gnu-tools-for-stm32.14.3.rel1.win32_1.0.100.202602081740/tools/bin/../lib/gcc/arm-none-eabi/14.3.1/thumb/v8-m.main+fp/hard/crtbegin.o
 *(.bss*)
 .bss.hadc4     0x20000028       0x8c ./Core/Src/adc.o
                0x20000028                hadc4
 .bss.hxspi1    0x200000b4       0x60 ./Core/Src/hspi.o
                0x200000b4                hxspi1
 .bss.hi2c5     0x20000114       0x54 ./Core/Src/i2c.o
                0x20000114                hi2c5
 .bss.hi2c3     0x20000168       0x54 ./Core/Src/i2c.o
                0x20000168                hi2c3
 .bss.overrunCount
                0x200001bc        0x4 ./Core/Src/main.o
 .bss.uartTxBusy
                0x200001c0        0x1 ./Core/Src/main.o
 .bss.secondHalfReady
                0x200001c1        0x1 ./Core/Src/main.o
 .bss.firstHalfReady
                0x200001c2        0x1 ./Core/Src/main.o
 *fill*         0x200001c3        0x1 
 .bss.audioBuffer16
                0x200001c4      0xc80 ./Core/Src/main.o
 .bss.audioBufferRaw
                0x20000e44     0x3200 ./Core/Src/main.o
 .bss.hospi1    0x20004044       0x5c ./Core/Src/octospi.o
                0x20004044                hospi1
 .bss.SAI1_client
                0x200040a0        0x4 ./Core/Src/sai.o
 .bss.handle_GPDMA1_Channel0
                0x200040a4       0x78 ./Core/Src/sai.o
                0x200040a4                handle_GPDMA1_Channel0
 .bss.List_GPDMA1_Channel0
                0x2000411c       0x18 ./Core/Src/sai.o
                0x2000411c                List_GPDMA1_Channel0
 .bss.Node_GPDMA1_Channel0
                0x20004134       0x24 ./Core/Src/sai.o
                0x20004134                Node_GPDMA1_Channel0
 .bss.hsai_BlockA1
                0x20004158       0x98 ./Core/Src/sai.o
                0x20004158                hsai_BlockA1
 .bss.hmmc1     0x200041f0      0x278 ./Core/Src/sdmmc.o
                0x200041f0                hmmc1
 .bss.handle_GPDMA1_Channel1
                0x20004468       0x78 ./Core/Src/usart.o
                0x20004468                handle_GPDMA1_Channel1
 .bss.huart1    0x200044e0       0x94 ./Core/Src/usart.o
                0x200044e0                huart1
 .bss.hhcd_USB_OTG_HS
                0x20004574      0x420 ./Core/Src/usb_otg.o
                0x20004574                hhcd_USB_OTG_HS
 .bss.uwTick    0x20004994        0x4 ./Drivers/STM32U5xx_HAL_Driver/Src/stm32u5xx_hal.o
                0x20004994                uwTick
 *(COMMON)
                0x20004998                        _ebss = .
                0x20004998                        __bss_end__ = _ebss

._user_heap_stack
                0x20004998      0x600 load address 0x0800887c
                0x20004998                        . = ALIGN (0x8)
                [!provide]                        PROVIDE (end = .)
                0x20004998                        PROVIDE (_end = .)
                0x20004b98                        . = (. + _Min_Heap_Size)
 *fill*         0x20004998      0x200 
                0x20004f98                        . = (. + _Min_Stack_Size)
 *fill*         0x20004b98      0x400 
                0x20004f98                        . = ALIGN (0x8)

/DISCARD/
 libc.a(*)
 libm.a(*)
 libgcc.a(*)

.ARM.attributes
                0x00000000       0x36
 *(.ARM.attributes)
 .ARM.attributes
                0x00000000       0x26 C:/ST/STM32CubeIDE_2.1.1/STM32CubeIDE/plugins/com.st.stm32cube.ide.mcu.externaltools.gnu-tools-for-stm32.14.3.rel1.win32_1.0.100.202602081740/tools/bin/../lib/gcc/arm-none-eabi/14.3.1/thumb/v8-m.main+fp/hard/crti.o
 .ARM.attributes
                0x00000026       0x38 C:/ST/STM32CubeIDE_2.1.1/STM32CubeIDE/plugins/com.st.stm32cube.ide.mcu.externaltools.gnu-tools-for-stm32.14.3.rel1.win32_1.0.100.202602081740/tools/bin/../lib/gcc/arm-none-eabi/14.3.1/thumb/v8-m.main+fp/hard/crtbegin.o
 .ARM.attributes
                0x0000005e       0x3a ./Core/Src/adc.o
 .ARM.attributes
                0x00000098       0x3a ./Core/Src/gpdma.o
 .ARM.attributes
                0x000000d2       0x3a ./Core/Src/gpio.o
 .ARM.attributes
                0x0000010c       0x3a ./Core/Src/hspi.o
 .ARM.attributes
                0x00000146       0x3a ./Core/Src/i2c.o
 .ARM.attributes
                0x00000180       0x3a ./Core/Src/icache.o
 .ARM.attributes
                0x000001ba       0x3a ./Core/Src/main.o
 .ARM.attributes
                0x000001f4       0x3a ./Core/Src/octospi.o
 .ARM.attributes
                0x0000022e       0x3a ./Core/Src/sai.o
 .ARM.attributes
                0x00000268       0x3a ./Core/Src/sdmmc.o
 .ARM.attributes
                0x000002a2       0x3a ./Core/Src/stm32u5xx_hal_msp.o
 .ARM.attributes
                0x000002dc       0x3a ./Core/Src/stm32u5xx_it.o
 .ARM.attributes
                0x00000316       0x3a ./Core/Src/system_stm32u5xx.o
 .ARM.attributes
                0x00000350       0x3a ./Core/Src/usart.o
 .ARM.attributes
                0x0000038a       0x3a ./Core/Src/usb_otg.o
 .ARM.attributes
                0x000003c4       0x24 ./Core/Startup/startup_stm32u5a9njhxq.o
 .ARM.attributes
                0x000003e8       0x3a ./Drivers/STM32U5xx_HAL_Driver/Src/stm32u5xx_hal.o
 .ARM.attributes
                0x00000422       0x3a ./Drivers/STM32U5xx_HAL_Driver/Src/stm32u5xx_hal_adc.o
 .ARM.attributes
                0x0000045c       0x3a ./Drivers/STM32U5xx_HAL_Driver/Src/stm32u5xx_hal_cortex.o
 .ARM.attributes
                0x00000496       0x3a ./Drivers/STM32U5xx_HAL_Driver/Src/stm32u5xx_hal_dma.o
 .ARM.attributes
                0x000004d0       0x3a ./Drivers/STM32U5xx_HAL_Driver/Src/stm32u5xx_hal_dma_ex.o
 .ARM.attributes
                0x0000050a       0x3a ./Drivers/STM32U5xx_HAL_Driver/Src/stm32u5xx_hal_gpio.o
 .ARM.attributes
                0x00000544       0x3a ./Drivers/STM32U5xx_HAL_Driver/Src/stm32u5xx_hal_hcd.o
 .ARM.attributes
                0x0000057e       0x3a ./Drivers/STM32U5xx_HAL_Driver/Src/stm32u5xx_hal_i2c.o
 .ARM.attributes
                0x000005b8       0x3a ./Drivers/STM32U5xx_HAL_Driver/Src/stm32u5xx_hal_i2c_ex.o
 .ARM.attributes
                0x000005f2       0x3a ./Drivers/STM32U5xx_HAL_Driver/Src/stm32u5xx_hal_icache.o
 .ARM.attributes
                0x0000062c       0x3a ./Drivers/STM32U5xx_HAL_Driver/Src/stm32u5xx_hal_mmc.o
 .ARM.attributes
                0x00000666       0x3a ./Drivers/STM32U5xx_HAL_Driver/Src/stm32u5xx_hal_ospi.o
 .ARM.attributes
                0x000006a0       0x3a ./Drivers/STM32U5xx_HAL_Driver/Src/stm32u5xx_hal_pwr_ex.o
 .ARM.attributes
                0x000006da       0x3a ./Drivers/STM32U5xx_HAL_Driver/Src/stm32u5xx_hal_rcc.o
 .ARM.attributes
                0x00000714       0x3a ./Drivers/STM32U5xx_HAL_Driver/Src/stm32u5xx_hal_rcc_ex.o
 .ARM.attributes
                0x0000074e       0x3a ./Drivers/STM32U5xx_HAL_Driver/Src/stm32u5xx_hal_sai.o
 .ARM.attributes
                0x00000788       0x3a ./Drivers/STM32U5xx_HAL_Driver/Src/stm32u5xx_hal_uart.o
 .ARM.attributes
                0x000007c2       0x3a ./Drivers/STM32U5xx_HAL_Driver/Src/stm32u5xx_hal_uart_ex.o
 .ARM.attributes
                0x000007fc       0x3a ./Drivers/STM32U5xx_HAL_Driver/Src/stm32u5xx_hal_xspi.o
 .ARM.attributes
                0x00000836       0x3a ./Drivers/STM32U5xx_HAL_Driver/Src/stm32u5xx_ll_sdmmc.o
 .ARM.attributes
                0x00000870       0x3a ./Drivers/STM32U5xx_HAL_Driver/Src/stm32u5xx_ll_usb.o
 .ARM.attributes
                0x000008aa       0x38 C:/ST/STM32CubeIDE_2.1.1/STM32CubeIDE/plugins/com.st.stm32cube.ide.mcu.externaltools.gnu-tools-for-stm32.14.3.rel1.win32_1.0.100.202602081740/tools/bin/../lib/gcc/arm-none-eabi/14.3.1/../../../../arm-none-eabi/lib/thumb/v8-m.main+fp/hard\libc_nano.a(libc_a-memset.o)
 .ARM.attributes
                0x000008e2       0x38 C:/ST/STM32CubeIDE_2.1.1/STM32CubeIDE/plugins/com.st.stm32cube.ide.mcu.externaltools.gnu-tools-for-stm32.14.3.rel1.win32_1.0.100.202602081740/tools/bin/../lib/gcc/arm-none-eabi/14.3.1/../../../../arm-none-eabi/lib/thumb/v8-m.main+fp/hard\libc_nano.a(libc_a-init.o)
 .ARM.attributes
                0x0000091a       0x26 C:/ST/STM32CubeIDE_2.1.1/STM32CubeIDE/plugins/com.st.stm32cube.ide.mcu.externaltools.gnu-tools-for-stm32.14.3.rel1.win32_1.0.100.202602081740/tools/bin/../lib/gcc/arm-none-eabi/14.3.1/thumb/v8-m.main+fp/hard\libgcc.a(_aeabi_uldivmod.o)
 .ARM.attributes
                0x00000940       0x38 C:/ST/STM32CubeIDE_2.1.1/STM32CubeIDE/plugins/com.st.stm32cube.ide.mcu.externaltools.gnu-tools-for-stm32.14.3.rel1.win32_1.0.100.202602081740/tools/bin/../lib/gcc/arm-none-eabi/14.3.1/thumb/v8-m.main+fp/hard\libgcc.a(_udivmoddi4.o)
 .ARM.attributes
                0x00000978       0x26 C:/ST/STM32CubeIDE_2.1.1/STM32CubeIDE/plugins/com.st.stm32cube.ide.mcu.externaltools.gnu-tools-for-stm32.14.3.rel1.win32_1.0.100.202602081740/tools/bin/../lib/gcc/arm-none-eabi/14.3.1/thumb/v8-m.main+fp/hard\libgcc.a(_dvmd_tls.o)
 .ARM.attributes
                0x0000099e       0x26 C:/ST/STM32CubeIDE_2.1.1/STM32CubeIDE/plugins/com.st.stm32cube.ide.mcu.externaltools.gnu-tools-for-stm32.14.3.rel1.win32_1.0.100.202602081740/tools/bin/../lib/gcc/arm-none-eabi/14.3.1/thumb/v8-m.main+fp/hard/crtn.o
OUTPUT(MencobaUlang.elf elf32-littlearm)
LOAD linker stubs
LOAD C:/ST/STM32CubeIDE_2.1.1/STM32CubeIDE/plugins/com.st.stm32cube.ide.mcu.externaltools.gnu-tools-for-stm32.14.3.rel1.win32_1.0.100.202602081740/tools/bin/../lib/gcc/arm-none-eabi/14.3.1/../../../../arm-none-eabi/lib/thumb/v8-m.main+fp/hard\libc.a
LOAD C:/ST/STM32CubeIDE_2.1.1/STM32CubeIDE/plugins/com.st.stm32cube.ide.mcu.externaltools.gnu-tools-for-stm32.14.3.rel1.win32_1.0.100.202602081740/tools/bin/../lib/gcc/arm-none-eabi/14.3.1/../../../../arm-none-eabi/lib/thumb/v8-m.main+fp/hard\libm.a
LOAD C:/ST/STM32CubeIDE_2.1.1/STM32CubeIDE/plugins/com.st.stm32cube.ide.mcu.externaltools.gnu-tools-for-stm32.14.3.rel1.win32_1.0.100.202602081740/tools/bin/../lib/gcc/arm-none-eabi/14.3.1/thumb/v8-m.main+fp/hard\libgcc.a

.comment        0x00000000       0x43
 .comment       0x00000000       0x43 ./Core/Src/adc.o
                                 0x44 (size before relaxing)
 .comment       0x00000043       0x44 ./Core/Src/gpdma.o
 .comment       0x00000043       0x44 ./Core/Src/gpio.o
 .comment       0x00000043       0x44 ./Core/Src/hspi.o
 .comment       0x00000043       0x44 ./Core/Src/i2c.o
 .comment       0x00000043       0x44 ./Core/Src/icache.o
 .comment       0x00000043       0x44 ./Core/Src/main.o
 .comment       0x00000043       0x44 ./Core/Src/octospi.o
 .comment       0x00000043       0x44 ./Core/Src/sai.o
 .comment       0x00000043       0x44 ./Core/Src/sdmmc.o
 .comment       0x00000043       0x44 ./Core/Src/stm32u5xx_hal_msp.o
 .comment       0x00000043       0x44 ./Core/Src/stm32u5xx_it.o
 .comment       0x00000043       0x44 ./Core/Src/system_stm32u5xx.o
 .comment       0x00000043       0x44 ./Core/Src/usart.o
 .comment       0x00000043       0x44 ./Core/Src/usb_otg.o
 .comment       0x00000043       0x44 ./Drivers/STM32U5xx_HAL_Driver/Src/stm32u5xx_hal.o
 .comment       0x00000043       0x44 ./Drivers/STM32U5xx_HAL_Driver/Src/stm32u5xx_hal_adc.o
 .comment       0x00000043       0x44 ./Drivers/STM32U5xx_HAL_Driver/Src/stm32u5xx_hal_cortex.o
 .comment       0x00000043       0x44 ./Drivers/STM32U5xx_HAL_Driver/Src/stm32u5xx_hal_dma.o
 .comment       0x00000043       0x44 ./Drivers/STM32U5xx_HAL_Driver/Src/stm32u5xx_hal_dma_ex.o
 .comment       0x00000043       0x44 ./Drivers/STM32U5xx_HAL_Driver/Src/stm32u5xx_hal_gpio.o
 .comment       0x00000043       0x44 ./Drivers/STM32U5xx_HAL_Driver/Src/stm32u5xx_hal_hcd.o
 .comment       0x00000043       0x44 ./Drivers/STM32U5xx_HAL_Driver/Src/stm32u5xx_hal_i2c.o
 .comment       0x00000043       0x44 ./Drivers/STM32U5xx_HAL_Driver/Src/stm32u5xx_hal_i2c_ex.o
 .comment       0x00000043       0x44 ./Drivers/STM32U5xx_HAL_Driver/Src/stm32u5xx_hal_icache.o
 .comment       0x00000043       0x44 ./Drivers/STM32U5xx_HAL_Driver/Src/stm32u5xx_hal_mmc.o
 .comment       0x00000043       0x44 ./Drivers/STM32U5xx_HAL_Driver/Src/stm32u5xx_hal_ospi.o
 .comment       0x00000043       0x44 ./Drivers/STM32U5xx_HAL_Driver/Src/stm32u5xx_hal_pwr_ex.o
 .comment       0x00000043       0x44 ./Drivers/STM32U5xx_HAL_Driver/Src/stm32u5xx_hal_rcc.o
 .comment       0x00000043       0x44 ./Drivers/STM32U5xx_HAL_Driver/Src/stm32u5xx_hal_rcc_ex.o
 .comment       0x00000043       0x44 ./Drivers/STM32U5xx_HAL_Driver/Src/stm32u5xx_hal_sai.o
 .comment       0x00000043       0x44 ./Drivers/STM32U5xx_HAL_Driver/Src/stm32u5xx_hal_uart.o
 .comment       0x00000043       0x44 ./Drivers/STM32U5xx_HAL_Driver/Src/stm32u5xx_hal_uart_ex.o
 .comment       0x00000043       0x44 ./Drivers/STM32U5xx_HAL_Driver/Src/stm32u5xx_hal_xspi.o
 .comment       0x00000043       0x44 ./Drivers/STM32U5xx_HAL_Driver/Src/stm32u5xx_ll_sdmmc.o
 .comment       0x00000043       0x44 ./Drivers/STM32U5xx_HAL_Driver/Src/stm32u5xx_ll_usb.o

.debug_frame    0x00000000       0xb0
 .debug_frame   0x00000000       0x20 C:/ST/STM32CubeIDE_2.1.1/STM32CubeIDE/plugins/com.st.stm32cube.ide.mcu.externaltools.gnu-tools-for-stm32.14.3.rel1.win32_1.0.100.202602081740/tools/bin/../lib/gcc/arm-none-eabi/14.3.1/../../../../arm-none-eabi/lib/thumb/v8-m.main+fp/hard\libc_nano.a(libc_a-memset.o)
 .debug_frame   0x00000020       0x2c C:/ST/STM32CubeIDE_2.1.1/STM32CubeIDE/plugins/com.st.stm32cube.ide.mcu.externaltools.gnu-tools-for-stm32.14.3.rel1.win32_1.0.100.202602081740/tools/bin/../lib/gcc/arm-none-eabi/14.3.1/../../../../arm-none-eabi/lib/thumb/v8-m.main+fp/hard\libc_nano.a(libc_a-init.o)
 .debug_frame   0x0000004c       0x2c C:/ST/STM32CubeIDE_2.1.1/STM32CubeIDE/plugins/com.st.stm32cube.ide.mcu.externaltools.gnu-tools-for-stm32.14.3.rel1.win32_1.0.100.202602081740/tools/bin/../lib/gcc/arm-none-eabi/14.3.1/thumb/v8-m.main+fp/hard\libgcc.a(_aeabi_uldivmod.o)
 .debug_frame   0x00000078       0x38 C:/ST/STM32CubeIDE_2.1.1/STM32CubeIDE/plugins/com.st.stm32cube.ide.mcu.externaltools.gnu-tools-for-stm32.14.3.rel1.win32_1.0.100.202602081740/tools/bin/../lib/gcc/arm-none-eabi/14.3.1/thumb/v8-m.main+fp/hard\libgcc.a(_udivmoddi4.o)
